Component: ARM Compiler 5.06 (build 20) Tool: armlink [4d35a3]

==============================================================================

Section Cross References

    startup_stm32l051xx.o(RESET) refers to startup_stm32l051xx.o(STACK) for __initial_sp
    startup_stm32l051xx.o(RESET) refers to startup_stm32l051xx.o(.text) for Reset_Handler
    startup_stm32l051xx.o(RESET) refers to stm32l0xx_it.o(i.SysTick_Handler) for SysTick_Handler
    startup_stm32l051xx.o(RESET) refers to stm32l0xx_it.o(i.PVD_IRQHandler) for PVD_IRQHandler
    startup_stm32l051xx.o(RESET) refers to stm32l0xx_it.o(i.EXTI0_1_IRQHandler) for EXTI0_1_IRQHandler
    startup_stm32l051xx.o(RESET) refers to stm32l0xx_it.o(i.EXTI2_3_IRQHandler) for EXTI2_3_IRQHandler
    startup_stm32l051xx.o(RESET) refers to stm32l0xx_it.o(i.EXTI4_15_IRQHandler) for EXTI4_15_IRQHandler
    startup_stm32l051xx.o(RESET) refers to stm32l0xx_it.o(i.DMA1_Channel1_IRQHandler) for DMA1_Channel1_IRQHandler
    startup_stm32l051xx.o(RESET) refers to stm32l0xx_it.o(i.TIM6_IRQHandler) for TIM6_IRQHandler
    startup_stm32l051xx.o(RESET) refers to stm32l0xx_it.o(i.LPUART1_IRQHandler) for LPUART1_IRQHandler
    startup_stm32l051xx.o(.text) refers to system_stm32l0xx.o(i.SystemInit) for SystemInit
    startup_stm32l051xx.o(.text) refers to entry.o(.ARM.Collect$$$$00000000) for __main
    stm32l0xx_hal_msp.o(i.HAL_ADC_MspDeInit) refers to stm32l0xx_hal_gpio.o(i.HAL_GPIO_DeInit) for HAL_GPIO_DeInit
    stm32l0xx_hal_msp.o(i.HAL_ADC_MspDeInit) refers to stm32l0xx_hal_dma.o(i.HAL_DMA_DeInit) for HAL_DMA_DeInit
    stm32l0xx_hal_msp.o(i.HAL_ADC_MspInit) refers to stm32l0xx_hal_gpio.o(i.HAL_GPIO_Init) for HAL_GPIO_Init
    stm32l0xx_hal_msp.o(i.HAL_ADC_MspInit) refers to stm32l0xx_hal_dma.o(i.HAL_DMA_Init) for HAL_DMA_Init
    stm32l0xx_hal_msp.o(i.HAL_ADC_MspInit) refers to main.o(.bss) for hdma_adc
    stm32l0xx_hal_msp.o(i.HAL_MspInit) refers to stm32l0xx_hal_cortex.o(i.HAL_NVIC_SetPriority) for HAL_NVIC_SetPriority
    stm32l0xx_hal_msp.o(i.HAL_MspInit) refers to stm32l0xx_hal_cortex.o(i.HAL_NVIC_EnableIRQ) for HAL_NVIC_EnableIRQ
    stm32l0xx_hal_msp.o(i.HAL_TIM_Base_MspDeInit) refers to stm32l0xx_hal_cortex.o(i.HAL_NVIC_DisableIRQ) for HAL_NVIC_DisableIRQ
    stm32l0xx_hal_msp.o(i.HAL_TIM_Base_MspDeInit) refers to stm32l0xx_hal_gpio.o(i.HAL_GPIO_DeInit) for HAL_GPIO_DeInit
    stm32l0xx_hal_msp.o(i.HAL_TIM_Base_MspInit) refers to stm32l0xx_hal_cortex.o(i.HAL_NVIC_SetPriority) for HAL_NVIC_SetPriority
    stm32l0xx_hal_msp.o(i.HAL_TIM_Base_MspInit) refers to stm32l0xx_hal_cortex.o(i.HAL_NVIC_EnableIRQ) for HAL_NVIC_EnableIRQ
    stm32l0xx_hal_msp.o(i.HAL_TIM_Base_MspInit) refers to stm32l0xx_hal_gpio.o(i.HAL_GPIO_Init) for HAL_GPIO_Init
    stm32l0xx_hal_msp.o(i.HAL_UART_MspDeInit) refers to stm32l0xx_hal_gpio.o(i.HAL_GPIO_DeInit) for HAL_GPIO_DeInit
    stm32l0xx_hal_msp.o(i.HAL_UART_MspDeInit) refers to stm32l0xx_hal_cortex.o(i.HAL_NVIC_DisableIRQ) for HAL_NVIC_DisableIRQ
    stm32l0xx_hal_msp.o(i.HAL_UART_MspInit) refers to stm32l0xx_hal_gpio.o(i.HAL_GPIO_Init) for HAL_GPIO_Init
    stm32l0xx_hal_msp.o(i.HAL_UART_MspInit) refers to stm32l0xx_hal_cortex.o(i.HAL_NVIC_SetPriority) for HAL_NVIC_SetPriority
    stm32l0xx_hal_msp.o(i.HAL_UART_MspInit) refers to stm32l0xx_hal_cortex.o(i.HAL_NVIC_EnableIRQ) for HAL_NVIC_EnableIRQ
    main.o(i.Debug) refers to strcmp.o(.text) for strcmp
    main.o(i.Debug) refers to printf1.o(i.__0snprintf$1) for __2snprintf
    main.o(i.Debug) refers to strlen.o(.text) for strlen
    main.o(i.Debug) refers to apc240.o(i.Apc240Send) for Apc240Send
    main.o(i.Debug) refers to memseta.o(.text) for __aeabi_memclr4
    main.o(i.Debug) refers to main.o(.bss) for .bss
    main.o(i.Debug) refers to mb.o(.data) for ucMBAddress
    main.o(i.Debug) refers to apc240.o(.bss) for rtu
    main.o(i.Debug) refers to main.o(.data) for .data
    main.o(i.HAL_GPIO_EXTI_Callback) refers to apc240.o(i.Apc240ModeSet) for Apc240ModeSet
    main.o(i.HAL_GPIO_EXTI_Callback) refers to stm32l0xx_hal.o(i.HAL_Delay) for HAL_Delay
    main.o(i.HAL_GPIO_EXTI_Callback) refers to stm32l0xx_hal_gpio.o(i.HAL_GPIO_ReadPin) for HAL_GPIO_ReadPin
    main.o(i.HAL_GPIO_EXTI_Callback) refers to mb.o(i.eMBClose) for eMBClose
    main.o(i.HAL_GPIO_EXTI_Callback) refers to mb.o(i.eMBDisable) for eMBDisable
    main.o(i.HAL_GPIO_EXTI_Callback) refers to apc240.o(i.Apc240SetFre) for Apc240SetFre
    main.o(i.HAL_GPIO_EXTI_Callback) refers to mb.o(i.eMBEnable) for eMBEnable
    main.o(i.HAL_GPIO_EXTI_Callback) refers to led.o(i.LedOff) for LedOff
    main.o(i.HAL_GPIO_EXTI_Callback) refers to led.o(i.LedOn) for LedOn
    main.o(i.HAL_GPIO_EXTI_Callback) refers to apc240.o(.bss) for rtu
    main.o(i.InitHoldingReg) refers to apc240.o(.bss) for rtu
    main.o(i.InitHoldingReg) refers to main.o(.data) for .data
    main.o(i.InitInputReg) refers to apc240.o(.bss) for rtu
    main.o(i.InitInputReg) refers to main.o(.data) for .data
[...]
    .text                                    0x08000278   Section        0  ddiv.o(.text)
    .text                                    0x08000368   Section        0  dscalb.o(.text)
    .text                                    0x08000394   Section        0  ffltui.o(.text)
    .text                                    0x080003a4   Section        0  dfltui.o(.text)
    .text                                    0x080003c0   Section        0  ffixui.o(.text)
    .text                                    0x080003e8   Section        0  dfixui.o(.text)
    .text                                    0x08000424   Section        0  llshl.o(.text)
    .text                                    0x08000444   Section        0  llushr.o(.text)
    .text                                    0x08000466   Section        0  fepilogue.o(.text)
    .text                                    0x08000466   Section        0  iusefp.o(.text)
    .text                                    0x080004e8   Section        0  depilogue.o(.text)
    .text                                    0x080005a8   Section       36  init.o(.text)
    i.ADC_DMAConvCplt                        0x080005cc   Section        0  stm32l0xx_hal_adc.o(i.ADC_DMAConvCplt)
    ADC_DMAConvCplt                          0x080005cd   Thumb Code   108  stm32l0xx_hal_adc.o(i.ADC_DMAConvCplt)
    i.ADC_DMAError                           0x08000638   Section        0  stm32l0xx_hal_adc.o(i.ADC_DMAError)
    ADC_DMAError                             0x08000639   Thumb Code    26  stm32l0xx_hal_adc.o(i.ADC_DMAError)
    i.ADC_DMAHalfConvCplt                    0x08000652   Section        0  stm32l0xx_hal_adc.o(i.ADC_DMAHalfConvCplt)
    ADC_DMAHalfConvCplt                      0x08000653   Thumb Code    10  stm32l0xx_hal_adc.o(i.ADC_DMAHalfConvCplt)
    i.ADC_DelayMicroSecond                   0x0800065c   Section        0  stm32l0xx_hal_adc.o(i.ADC_DelayMicroSecond)
    ADC_DelayMicroSecond                     0x0800065d   Thumb Code    38  stm32l0xx_hal_adc.o(i.ADC_DelayMicroSecond)
    i.ADC_Enable                             0x0800068c   Section        0  stm32l0xx_hal_adc.o(i.ADC_Enable)
    ADC_Enable                               0x0800068d   Thumb Code   120  stm32l0xx_hal_adc.o(i.ADC_Enable)
    i.Apc240ModeSet                          0x08000708   Section        0  apc240.o(i.Apc240ModeSet)
    i.Apc240Send                             0x08000750   Section        0  apc240.o(i.Apc240Send)
    i.Apc240SetFre                           0x08000764   Section        0  apc240.o(i.Apc240SetFre)
    i.ClearRcvBuff                           0x08000804   Section        0  rtu.o(i.ClearRcvBuff)
    i.DMA1_Channel1_IRQHandler               0x08000820   Section        0  stm32l0xx_it.o(i.DMA1_Channel1_IRQHandler)
    i.DMA_SetConfig                          0x08000830   Section        0  stm32l0xx_hal_dma.o(i.DMA_SetConfig)
    DMA_SetConfig                            0x08000831   Thumb Code    36  stm32l0xx_hal_dma.o(i.DMA_SetConfig)
    i.EXTI0_1_IRQHandler                     0x08000854   Section        0  stm32l0xx_it.o(i.EXTI0_1_IRQHandler)
    i.EXTI2_3_IRQHandler                     0x08000868   Section        0  stm32l0xx_it.o(i.EXTI2_3_IRQHandler)
    i.EXTI4_15_IRQHandler                    0x0800087c   Section        0  stm32l0xx_it.o(i.EXTI4_15_IRQHandler)
    i.FLASH_SetErrorCode                     0x08000890   Section        0  stm32l0xx_hal_flash.o(i.FLASH_SetErrorCode)
    FLASH_SetErrorCode                       0x08000891   Thumb Code   108  stm32l0xx_hal_flash.o(i.FLASH_SetErrorCode)
    i.FLASH_WaitForLastOperation             0x08000908   Section        0  stm32l0xx_hal_flash.o(i.FLASH_WaitForLastOperation)
    i.HAL_ADCEx_Calibration_Start            0x0800098c   Section        0  stm32l0xx_hal_adc_ex.o(i.HAL_ADCEx_Calibration_Start)
    i.HAL_ADCEx_EnableVREFINT                0x08000a20   Section        0  stm32l0xx_hal_adc_ex.o(i.HAL_ADCEx_EnableVREFINT)
    i.HAL_ADCEx_EnableVREFINTTempSensor      0x08000a58   Section        0  stm32l0xx_hal_adc_ex.o(i.HAL_ADCEx_EnableVREFINTTempSensor)
    i.HAL_ADC_ConfigChannel                  0x08000a90   Section        0  stm32l0xx_hal_adc.o(i.HAL_ADC_ConfigChannel)
    i.HAL_ADC_ConvCpltCallback               0x08000b2c   Section        0  stm32l0xx_hal_adc.o(i.HAL_ADC_ConvCpltCallback)
    i.HAL_ADC_ConvHalfCpltCallback           0x08000b2e   Section        0  stm32l0xx_hal_adc.o(i.HAL_ADC_ConvHalfCpltCallback)
    i.HAL_ADC_ErrorCallback                  0x08000b30   Section        0  stm32l0xx_hal_adc.o(i.HAL_ADC_ErrorCallback)
    i.HAL_ADC_Init                           0x08000b34   Section        0  stm32l0xx_hal_adc.o(i.HAL_ADC_Init)
    i.HAL_ADC_MspInit                        0x08000d00   Section        0  stm32l0xx_hal_msp.o(i.HAL_ADC_MspInit)
    i.HAL_ADC_Start_DMA                      0x08000d68   Section        0  stm32l0xx_hal_adc.o(i.HAL_ADC_Start_DMA)
    i.HAL_DMA_IRQHandler                     0x08000e10   Section        0  stm32l0xx_hal_dma.o(i.HAL_DMA_IRQHandler)
    i.HAL_DMA_Init                           0x08001074   Section        0  stm32l0xx_hal_dma.o(i.HAL_DMA_Init)
    i.HAL_DMA_Start_IT                       0x080011a4   Section        0  stm32l0xx_hal_dma.o(i.HAL_DMA_Start_IT)
    i.HAL_Delay                              0x080011f4   Section        0  stm32l0xx_hal.o(i.HAL_Delay)
    i.HAL_FLASHEx_DATAEEPROM_Lock            0x0800120c   Section        0  stm32l0xx_hal_flash_ex.o(i.HAL_FLASHEx_DATAEEPROM_Lock)
    i.HAL_FLASHEx_DATAEEPROM_Program         0x08001220   Section        0  stm32l0xx_hal_flash_ex.o(i.HAL_FLASHEx_DATAEEPROM_Program)
    i.HAL_FLASHEx_DATAEEPROM_Unlock          0x08001274   Section        0  stm32l0xx_hal_flash_ex.o(i.HAL_FLASHEx_DATAEEPROM_Unlock)
    i.HAL_GPIO_EXTI_Callback                 0x08001298   Section        0  main.o(i.HAL_GPIO_EXTI_Callback)
    i.HAL_GPIO_EXTI_IRQHandler               0x08001324   Section        0  stm32l0xx_hal_gpio.o(i.HAL_GPIO_EXTI_IRQHandler)
    i.HAL_GPIO_Init                          0x0800133c   Section        0  stm32l0xx_hal_gpio.o(i.HAL_GPIO_Init)
    i.HAL_GPIO_ReadPin                       0x08001498   Section        0  stm32l0xx_hal_gpio.o(i.HAL_GPIO_ReadPin)
    i.HAL_GPIO_WritePin                      0x080014a6   Section        0  stm32l0xx_hal_gpio.o(i.HAL_GPIO_WritePin)
    i.HAL_GetTick                            0x080014b4   Section        0  stm32l0xx_hal.o(i.HAL_GetTick)
    i.HAL_IncTick                            0x080014c0   Section        0  stm32l0xx_hal.o(i.HAL_IncTick)
    i.HAL_Init                               0x080014d0   Section        0  stm32l0xx_hal.o(i.HAL_Init)
    i.HAL_InitTick                           0x080014f0   Section        0  stm32l0xx_hal.o(i.HAL_InitTick)
    i.HAL_MspInit                            0x08001514   Section        0  stm32l0xx_hal_msp.o(i.HAL_MspInit)
    i.HAL_NVIC_ClearPendingIRQ               0x08001540   Section        0  stm32l0xx_hal_cortex.o(i.HAL_NVIC_ClearPendingIRQ)
    i.HAL_NVIC_EnableIRQ                     0x08001554   Section        0  stm32l0xx_hal_cortex.o(i.HAL_NVIC_EnableIRQ)
    i.HAL_NVIC_SetPriority                   0x08001568   Section        0  stm32l0xx_hal_cortex.o(i.HAL_NVIC_SetPriority)
    i.HAL_NVIC_SystemReset                   0x080015ac   Section        0  stm32l0xx_hal_cortex.o(i.HAL_NVIC_SystemReset)
    i.HAL_PWREx_EnableUltraLowPower          0x080015c8   Section        0  stm32l0xx_hal_pwr_ex.o(i.HAL_PWREx_EnableUltraLowPower)
    i.HAL_PWR_EnterSTOPMode                  0x080015d8   Section        0  stm32l0xx_hal_pwr.o(i.HAL_PWR_EnterSTOPMode)
    i.HAL_PWR_PVDCallback                    0x0800160c   Section        0  stm32l0xx_hal_pwr.o(i.HAL_PWR_PVDCallback)
    i.HAL_PWR_PVD_IRQHandler                 0x08001610   Section        0  stm32l0xx_hal_pwr.o(i.HAL_PWR_PVD_IRQHandler)
    i.HAL_RCCEx_PeriphCLKConfig              0x0800162c   Section        0  stm32l0xx_hal_rcc_ex.o(i.HAL_RCCEx_PeriphCLKConfig)
    i.HAL_RCC_ClockConfig                    0x08001764   Section        0  stm32l0xx_hal_rcc.o(i.HAL_RCC_ClockConfig)
    i.HAL_RCC_GetHCLKFreq                    0x080019ec   Section        0  stm32l0xx_hal_rcc.o(i.HAL_RCC_GetHCLKFreq)
    i.HAL_RCC_GetPCLK1Freq                   0x08001a14   Section        0  stm32l0xx_hal_rcc.o(i.HAL_RCC_GetPCLK1Freq)
    i.HAL_RCC_GetPCLK2Freq                   0x08001a34   Section        0  stm32l0xx_hal_rcc.o(i.HAL_RCC_GetPCLK2Freq)
    i.HAL_RCC_GetSysClockFreq                0x08001a54   Section        0  stm32l0xx_hal_rcc.o(i.HAL_RCC_GetSysClockFreq)
    i.HAL_RCC_OscConfig                      0x08001af4   Section        0  stm32l0xx_hal_rcc.o(i.HAL_RCC_OscConfig)
    i.HAL_ResumeTick                         0x08001f5c   Section        0  stm32l0xx_hal.o(i.HAL_ResumeTick)
    i.HAL_SYSTICK_CLKSourceConfig            0x08001f6c   Section        0  stm32l0xx_hal_cortex.o(i.HAL_SYSTICK_CLKSourceConfig)
    i.HAL_SYSTICK_Callback                   0x08001f88   Section        0  stm32l0xx_hal_cortex.o(i.HAL_SYSTICK_Callback)
    i.HAL_SYSTICK_Config                     0x08001f8c   Section        0  stm32l0xx_hal_cortex.o(i.HAL_SYSTICK_Config)
    i.HAL_SYSTICK_IRQHandler                 0x08001fc8   Section        0  stm32l0xx_hal_cortex.o(i.HAL_SYSTICK_IRQHandler)
    i.HAL_SuspendTick                        0x08001fd0   Section        0  stm32l0xx_hal.o(i.HAL_SuspendTick)
    i.HAL_TIMEx_MasterConfigSynchronization  0x08001fe0   Section        0  stm32l0xx_hal_tim_ex.o(i.HAL_TIMEx_MasterConfigSynchronization)
    i.HAL_TIM_Base_Init                      0x0800202c   Section        0  stm32l0xx_hal_tim.o(i.HAL_TIM_Base_Init)
    i.HAL_TIM_Base_MspInit                   0x08002064   Section        0  stm32l0xx_hal_msp.o(i.HAL_TIM_Base_MspInit)
    i.HAL_TIM_ConfigClockSource              0x080020c8   Section        0  stm32l0xx_hal_tim.o(i.HAL_TIM_ConfigClockSource)
    i.HAL_TIM_IC_CaptureCallback             0x080021d0   Section        0  stm32l0xx_hal_tim.o(i.HAL_TIM_IC_CaptureCallback)
    i.HAL_TIM_IRQHandler                     0x080021d2   Section        0  stm32l0xx_hal_tim.o(i.HAL_TIM_IRQHandler)
    i.HAL_TIM_OC_DelayElapsedCallback        0x08002300   Section        0  stm32l0xx_hal_tim.o(i.HAL_TIM_OC_DelayElapsedCallback)
    i.HAL_TIM_PWM_ConfigChannel              0x08002302   Section        0  stm32l0xx_hal_tim.o(i.HAL_TIM_PWM_ConfigChannel)
    i.HAL_TIM_PWM_Init                       0x080023e0   Section        0  stm32l0xx_hal_tim.o(i.HAL_TIM_PWM_Init)
    i.HAL_TIM_PWM_MspInit                    0x08002412   Section        0  stm32l0xx_hal_tim.o(i.HAL_TIM_PWM_MspInit)
    i.HAL_TIM_PWM_PulseFinishedCallback      0x08002414   Section        0  stm32l0xx_hal_tim.o(i.HAL_TIM_PWM_PulseFinishedCallback)
    i.HAL_TIM_PWM_Start                      0x08002416   Section        0  stm32l0xx_hal_tim.o(i.HAL_TIM_PWM_Start)
    i.HAL_TIM_PWM_Stop                       0x08002430   Section        0  stm32l0xx_hal_tim.o(i.HAL_TIM_PWM_Stop)
    i.HAL_TIM_PeriodElapsedCallback          0x0800245c   Section        0  stm32l0xx_it.o(i.HAL_TIM_PeriodElapsedCallback)
    i.HAL_TIM_TriggerCallback                0x08002464   Section        0  stm32l0xx_hal_tim.o(i.HAL_TIM_TriggerCallback)
    i.HAL_UARTEx_WakeupCallback              0x08002466   Section        0  stm32l0xx_hal_uart_ex.o(i.HAL_UARTEx_WakeupCallback)
    i.HAL_UART_ErrorCallback                 0x08002468   Section        0  stm32l0xx_hal_uart.o(i.HAL_UART_ErrorCallback)
    i.HAL_UART_IRQHandler                    0x0800246a   Section        0  stm32l0xx_hal_uart.o(i.HAL_UART_IRQHandler)
    i.HAL_UART_Init                          0x08002544   Section        0  stm32l0xx_hal_uart.o(i.HAL_UART_Init)
    i.HAL_UART_MspInit                       0x080025b0   Section        0  stm32l0xx_hal_msp.o(i.HAL_UART_MspInit)
    i.HAL_UART_Receive                       0x08002608   Section        0  stm32l0xx_hal_uart.o(i.HAL_UART_Receive)
    i.HAL_UART_RxCpltCallback                0x08002718   Section        0  stm32l0xx_hal_uart.o(i.HAL_UART_RxCpltCallback)
    i.HAL_UART_Transmit                      0x0800271a   Section        0  stm32l0xx_hal_uart.o(i.HAL_UART_Transmit)
    i.HAL_UART_TxCpltCallback                0x080027e8   Section        0  stm32l0xx_hal_uart.o(i.HAL_UART_TxCpltCallback)
    i.InitHoldingReg                         0x080027ec   Section        0  main.o(i.InitHoldingReg)
    i.InitInputReg                           0x08002808   Section        0  main.o(i.InitInputReg)
    i.LPUART1_IRQHandler                     0x08002834   Section        0  stm32l0xx_it.o(i.LPUART1_IRQHandler)
    i.LedOff                                 0x08002864   Section        0  led.o(i.LedOff)
    i.LedOn                                  0x08002874   Section        0  led.o(i.LedOn)
    i.MX_ADC_Init                            0x08002884   Section        0  main.o(i.MX_ADC_Init)
    MX_ADC_Init                              0x08002885   Thumb Code   114  main.o(i.MX_ADC_Init)
    i.MX_DMA_Init                            0x08002910   Section        0  main.o(i.MX_DMA_Init)
    MX_DMA_Init                              0x08002911   Thumb Code    36  main.o(i.MX_DMA_Init)
    i.MX_GPIO_Init                           0x08002938   Section        0  main.o(i.MX_GPIO_Init)
    MX_GPIO_Init                             0x08002939   Thumb Code   312  main.o(i.MX_GPIO_Init)
    i.MX_LPUART1_UART_Init                   0x08002a90   Section        0  main.o(i.MX_LPUART1_UART_Init)
    MX_LPUART1_UART_Init                     0x08002a91   Thumb Code    50  main.o(i.MX_LPUART1_UART_Init)
    i.MX_TIM22_Init                          0x08002acc   Section        0  main.o(i.MX_TIM22_Init)
    MX_TIM22_Init                            0x08002acd   Thumb Code    86  main.o(i.MX_TIM22_Init)
    i.MX_TIM6_Init                           0x08002b2c   Section        0  main.o(i.MX_TIM6_Init)
    MX_TIM6_Init                             0x08002b2d   Thumb Code    42  main.o(i.MX_TIM6_Init)
    i.OperateCoil                            0x08002b60   Section        0  rtu.o(i.OperateCoil)
    i.OperationHoldingReg                    0x08002d84   Section        0  main.o(i.OperationHoldingReg)
    i.PVD_IRQHandler                         0x08002dbc   Section        0  stm32l0xx_it.o(i.PVD_IRQHandler)
    i.RtuDateInit                            0x08002dc4   Section        0  rtu.o(i.RtuDateInit)
    i.RtuSet                                 0x08002e58   Section        0  rtu.o(i.RtuSet)
    i.SysTick_Handler                        0x08002f0c   Section        0  stm32l0xx_it.o(i.SysTick_Handler)
    i.SystemClock_Config                     0x08002f18   Section        0  main.o(i.SystemClock_Config)
    i.SystemInit                             0x08002f9c   Section        0  system_stm32l0xx.o(i.SystemInit)
    i.TIM6_IRQHandler                        0x08002ff0   Section        0  stm32l0xx_it.o(i.TIM6_IRQHandler)
    i.TIM_Base_SetConfig                     0x08003004   Section        0  stm32l0xx_hal_tim.o(i.TIM_Base_SetConfig)
    TIM_Base_SetConfig                       0x08003005   Thumb Code    74  stm32l0xx_hal_tim.o(i.TIM_Base_SetConfig)
    i.TIM_CCxChannelCmd                      0x08003058   Section        0  stm32l0xx_hal_tim.o(i.TIM_CCxChannelCmd)
    TIM_CCxChannelCmd                        0x08003059   Thumb Code    24  stm32l0xx_hal_tim.o(i.TIM_CCxChannelCmd)
    i.TIM_ETR_SetConfig                      0x08003070   Section        0  stm32l0xx_hal_tim.o(i.TIM_ETR_SetConfig)
    TIM_ETR_SetConfig                        0x08003071   Thumb Code    24  stm32l0xx_hal_tim.o(i.TIM_ETR_SetConfig)
    i.TIM_ITRx_SetConfig                     0x08003088   Section        0  stm32l0xx_hal_tim.o(i.TIM_ITRx_SetConfig)
    TIM_ITRx_SetConfig                       0x08003089   Thumb Code    16  stm32l0xx_hal_tim.o(i.TIM_ITRx_SetConfig)
    i.TIM_OC1_SetConfig                      0x08003098   Section        0  stm32l0xx_hal_tim.o(i.TIM_OC1_SetConfig)
    TIM_OC1_SetConfig                        0x08003099   Thumb Code    50  stm32l0xx_hal_tim.o(i.TIM_OC1_SetConfig)
    i.TIM_OC2_SetConfig                      0x080030ca   Section        0  stm32l0xx_hal_tim.o(i.TIM_OC2_SetConfig)
    TIM_OC2_SetConfig                        0x080030cb   Thumb Code    58  stm32l0xx_hal_tim.o(i.TIM_OC2_SetConfig)
    i.TIM_OC3_SetConfig                      0x08003104   Section        0  stm32l0xx_hal_tim.o(i.TIM_OC3_SetConfig)
    TIM_OC3_SetConfig                        0x08003105   Thumb Code    56  stm32l0xx_hal_tim.o(i.TIM_OC3_SetConfig)
    i.TIM_OC4_SetConfig                      0x0800313c   Section        0  stm32l0xx_hal_tim.o(i.TIM_OC4_SetConfig)
    TIM_OC4_SetConfig                        0x0800313d   Thumb Code    62  stm32l0xx_hal_tim.o(i.TIM_OC4_SetConfig)
    i.TIM_TI1_ConfigInputStage               0x0800317a   Section        0  stm32l0xx_hal_tim.o(i.TIM_TI1_ConfigInputStage)
    TIM_TI1_ConfigInputStage                 0x0800317b   Thumb Code    36  stm32l0xx_hal_tim.o(i.TIM_TI1_ConfigInputStage)
    i.TIM_TI2_ConfigInputStage               0x0800319e   Section        0  stm32l0xx_hal_tim.o(i.TIM_TI2_ConfigInputStage)
    TIM_TI2_ConfigInputStage                 0x0800319f   Thumb Code    40  stm32l0xx_hal_tim.o(i.TIM_TI2_ConfigInputStage)
    i.UART_AdvFeatureConfig                  0x080031c6   Section        0  stm32l0xx_hal_uart.o(i.UART_AdvFeatureConfig)
    i.UART_CheckIdleState                    0x08003294   Section        0  stm32l0xx_hal_uart.o(i.UART_CheckIdleState)
    i.UART_EndTransmit_IT                    0x080032ec   Section        0  stm32l0xx_hal_uart.o(i.UART_EndTransmit_IT)
    UART_EndTransmit_IT                      0x080032ed   Thumb Code    40  stm32l0xx_hal_uart.o(i.UART_EndTransmit_IT)
    i.UART_Receive_IT                        0x08003314   Section        0  stm32l0xx_hal_uart.o(i.UART_Receive_IT)
    UART_Receive_IT                          0x08003315   Thumb Code   152  stm32l0xx_hal_uart.o(i.UART_Receive_IT)
    i.UART_SetConfig                         0x080033ac   Section        0  stm32l0xx_hal_uart.o(i.UART_SetConfig)
    i.UART_Transmit_IT                       0x0800366c   Section        0  stm32l0xx_hal_uart.o(i.UART_Transmit_IT)
    UART_Transmit_IT                         0x0800366d   Thumb Code   112  stm32l0xx_hal_uart.o(i.UART_Transmit_IT)
    i.UART_WaitOnFlagUntilTimeout            0x080036dc   Section        0  stm32l0xx_hal_uart.o(i.UART_WaitOnFlagUntilTimeout)
    i.UartInit                               0x080037b8   Section        0  apc240.o(i.UartInit)
    i.UpdateInput                            0x080037e4   Section        0  rtu.o(i.UpdateInput)
    i.UpdateInputReg                         0x08003860   Section        0  main.o(i.UpdateInputReg)
    i.WriteDateEeprom                        0x08003934   Section        0  rtu.o(i.WriteDateEeprom)
    i.__0snprintf$1                          0x08003950   Section        0  printf1.o(i.__0snprintf$1)
    i.__ARM_clz                              0x0800397c   Section        0  depilogue.o(i.__ARM_clz)
    i.__ARM_common_switch8                   0x080039aa   Section        0  mbascii.o(i.__ARM_common_switch8)
    i.__scatterload_copy                     0x080039c4   Section       14  handlers.o(i.__scatterload_copy)
    i.__scatterload_null                     0x080039d2   Section        2  handlers.o(i.__scatterload_null)
    i.__scatterload_zeroinit                 0x080039d4   Section       14  handlers.o(i.__scatterload_zeroinit)
    i._printf_core                           0x080039e4   Section        0  printf1.o(i._printf_core)
    _printf_core                             0x080039e5   Thumb Code   332  printf1.o(i._printf_core)
    i._snputc                                0x08003b34   Section        0  printf1.o(i._snputc)
    _snputc                                  0x08003b35   Thumb Code    22  printf1.o(i._snputc)
    i.eMBASCIIInit                           0x08003b4c   Section        0  mbascii.o(i.eMBASCIIInit)
    i.eMBASCIIReceive                        0x08003b80   Section        0  mbascii.o(i.eMBASCIIReceive)
    i.eMBASCIISend                           0x08003bc4   Section        0  mbascii.o(i.eMBASCIISend)
    i.eMBASCIIStart                          0x08003c10   Section        0  mbascii.o(i.eMBASCIIStart)
    i.eMBASCIIStop                           0x08003c2c   Section        0  mbascii.o(i.eMBASCIIStop)
    i.eMBClose                               0x08003c3c   Section        0  mb.o(i.eMBClose)
    i.eMBDisable                             0x08003c5c   Section        0  mb.o(i.eMBDisable)
    i.eMBEnable                              0x08003c80   Section        0  mb.o(i.eMBEnable)
    i.eMBFuncReadCoils                       0x08003ca0   Section        0  mbfunccoils.o(i.eMBFuncReadCoils)
    i.eMBFuncReadDiscreteInputs              0x08003d14   Section        0  mbfuncdisc.o(i.eMBFuncReadDiscreteInputs)
    i.eMBFuncReadHoldingRegister             0x08003d88   Section        0  mbfuncholding.o(i.eMBFuncReadHoldingRegister)
    i.eMBFuncReadInputRegister               0x08003de2   Section        0  mbfuncinput.o(i.eMBFuncReadInputRegister)
    i.eMBFuncReadWriteMultipleHoldingRegister 0x08003e40   Section        0  mbfuncholding.o(i.eMBFuncReadWriteMultipleHoldingRegister)
    i.eMBFuncReportSlaveID                   0x08003edc   Section        0  mbfuncother.o(i.eMBFuncReportSlaveID)
    i.eMBFuncWriteCoil                       0x08003f00   Section        0  mbfunccoils.o(i.eMBFuncWriteCoil)
    i.eMBFuncWriteHoldingRegister            0x08003f56   Section        0  mbfuncholding.o(i.eMBFuncWriteHoldingRegister)
    i.eMBFuncWriteMultipleCoils              0x08003f88   Section        0  mbfunccoils.o(i.eMBFuncWriteMultipleCoils)
    i.eMBFuncWriteMultipleHoldingRegister    0x08003fec   Section        0  mbfuncholding.o(i.eMBFuncWriteMultipleHoldingRegister)
    i.eMBInit                                0x0800403c   Section        0  mb.o(i.eMBInit)
    i.eMBPoll                                0x08004108   Section        0  mb.o(i.eMBPoll)
    i.eMBRTUInit                             0x080041c4   Section        0  mbrtu.o(i.eMBRTUInit)
    i.eMBRTUReceive                          0x08004200   Section        0  mbrtu.o(i.eMBRTUReceive)
    i.eMBRTUSend                             0x0800424c   Section        0  mbrtu.o(i.eMBRTUSend)
    i.eMBRTUStart                            0x080042a4   Section        0  mbrtu.o(i.eMBRTUStart)
    i.eMBRTUStop                             0x080042c0   Section        0  mbrtu.o(i.eMBRTUStop)
    i.eMBRegCoilsCB                          0x080042d0   Section        0  main.o(i.eMBRegCoilsCB)
    i.eMBRegDiscreteCB                       0x08004380   Section        0  main.o(i.eMBRegDiscreteCB)
    i.eMBRegHoldingCB                        0x080043e4   Section        0  main.o(i.eMBRegHoldingCB)
    i.eMBRegInputCB                          0x08004478   Section        0  main.o(i.eMBRegInputCB)
    i.main                                   0x080044d0   Section        0  main.o(i.main)
    i.prveMBError2Exception                  0x080045b8   Section        0  mbutils.o(i.prveMBError2Exception)
    i.prvucMBBIN2CHAR                        0x080045d0   Section        0  mbascii.o(i.prvucMBBIN2CHAR)
    prvucMBBIN2CHAR                          0x080045d1   Thumb Code    28  mbascii.o(i.prvucMBBIN2CHAR)
    i.prvucMBLRC                             0x080045ec   Section        0  mbascii.o(i.prvucMBLRC)
    prvucMBLRC                               0x080045ed   Thumb Code    28  mbascii.o(i.prvucMBLRC)
    i.prvvTIMERExpiredISR                    0x08004608   Section        0  porttimer.o(i.prvvTIMERExpiredISR)
    i.prvvUARTRxISR                          0x08004614   Section        0  portserial.o(i.prvvUARTRxISR)
    i.prvvUARTTxReadyISR                     0x08004620   Section        0  portserial.o(i.prvvUARTTxReadyISR)
    i.usMBCRC16                              0x0800462c   Section        0  mbcrc.o(i.usMBCRC16)
    i.vMBPortSerialEnable                    0x0800465c   Section        0  portserial.o(i.vMBPortSerialEnable)
    i.vMBPortTimersDisable                   0x0800468c   Section        0  porttimer.o(i.vMBPortTimersDisable)
    i.vMBPortTimersEnable                    0x080046c4   Section        0  porttimer.o(i.vMBPortTimersEnable)
    i.xMBASCIIReceiveFSM                     0x080046ec   Section        0  mbascii.o(i.xMBASCIIReceiveFSM)
    i.xMBASCIITimerT1SExpired                0x080047d4   Section        0  mbascii.o(i.xMBASCIITimerT1SExpired)
    i.xMBASCIITransmitFSM                    0x08004804   Section        0  mbascii.o(i.xMBASCIITransmitFSM)
    i.xMBPortEventGet                        0x080048b8   Section        0  portevent.o(i.xMBPortEventGet)
    i.xMBPortEventInit                       0x080048d4   Section        0  portevent.o(i.xMBPortEventInit)
    i.xMBPortEventPost                       0x080048e4   Section        0  portevent.o(i.xMBPortEventPost)
    i.xMBPortSerialGetByte                   0x080048f4   Section        0  portserial.o(i.xMBPortSerialGetByte)
    i.xMBPortSerialInit                      0x08004914   Section        0  portserial.o(i.xMBPortSerialInit)
    i.xMBPortSerialPutByte                   0x08004918   Section        0  portserial.o(i.xMBPortSerialPutByte)
    i.xMBPortTimersInit                      0x08004938   Section        0  porttimer.o(i.xMBPortTimersInit)
    i.xMBRTUReceiveFSM                       0x0800493c   Section        0  mbrtu.o(i.xMBRTUReceiveFSM)
    i.xMBRTUTimerT35Expired                  0x080049c4   Section        0  mbrtu.o(i.xMBRTUTimerT35Expired)
    i.xMBRTUTransmitFSM                      0x08004a08   Section        0  mbrtu.o(i.xMBRTUTransmitFSM)
    i.xMBUtilGetBits                         0x08004a68   Section        0  mbutils.o(i.xMBUtilGetBits)
    i.xMBUtilSetBits                         0x08004a88   Section        0  mbutils.o(i.xMBUtilSetBits)
    .constdata                               0x08004ab8   Section       25  stm32l0xx_hal_rcc.o(.constdata)
    PLLMulTable                              0x08004ab8   Data           9  stm32l0xx_hal_rcc.o(.constdata)
    APBAHBPrescTable                         0x08004ac1   Data          16  stm32l0xx_hal_rcc.o(.constdata)
    .constdata                               0x08004ad1   Section      512  mbcrc.o(.constdata)
    aucCRCHi                                 0x08004ad1   Data         256  mbcrc.o(.constdata)
    aucCRCLo                                 0x08004bd1   Data         256  mbcrc.o(.constdata)
    .constdata                               0x08004cd4   Section       66  apc240.o(.constdata)
    .data                                    0x20000000   Section       36  main.o(.data)
    usRegInputStart                          0x20000002   Data           2  main.o(.data)
    usRegHoldingStart                        0x20000004   Data           2  main.o(.data)
    ucRegCoilsBuf                            0x20000006   Data           2  main.o(.data)
    ucRegDiscreteBuf                         0x20000008   Data           2  main.o(.data)
    usRegInputBuf                            0x20000014   Data           8  main.o(.data)
    usRegHoldingBuf                          0x2000001c   Data           8  main.o(.data)
    .data                                    0x20000024   Section        4  stm32l0xx_hal.o(.data)
    uwTick                                   0x20000024   Data           4  stm32l0xx_hal.o(.data)
    .data                                    0x20000028   Section        4  system_stm32l0xx.o(.data)
    .data                                    0x2000002c   Section      172  mb.o(.data)
    eMBState                                 0x2000002c   Data           1  mb.o(.data)
    ucRcvAddress                             0x2000002d   Data           1  mb.o(.data)
    ucFunctionCode                           0x2000002e   Data           1  mb.o(.data)
    eException                               0x2000002f   Data           1  mb.o(.data)
    eMBCurrentMode                           0x20000031   Data           1  mb.o(.data)
    usLength                                 0x20000032   Data           2  mb.o(.data)
    ucMBFrame                                0x20000034   Data           4  mb.o(.data)
    peMBFrameSendCur                         0x20000038   Data           4  mb.o(.data)
    pvMBFrameStartCur                        0x2000003c   Data           4  mb.o(.data)
    pvMBFrameStopCur                         0x20000040   Data           4  mb.o(.data)
    peMBFrameReceiveCur                      0x20000044   Data           4  mb.o(.data)
    pvMBFrameCloseCur                        0x20000048   Data           4  mb.o(.data)
    xFuncHandlers                            0x20000058   Data         128  mb.o(.data)
    .data                                    0x200000d8   Section       16  mbascii.o(.data)
    eSndState                                0x200000d8   Data           1  mbascii.o(.data)
    eRcvState                                0x200000d9   Data           1  mbascii.o(.data)
    eBytePos                                 0x200000da   Data           1  mbascii.o(.data)
    ucMBLFCharacter                          0x200000db   Data           1  mbascii.o(.data)
    usRcvBufferPos                           0x200000dc   Data           2  mbascii.o(.data)
    usSndBufferCount                         0x200000de   Data           2  mbascii.o(.data)
    ucASCIIBuf                               0x200000e0   Data           4  mbascii.o(.data)
    pucSndBufferCur                          0x200000e4   Data           4  mbascii.o(.data)
    .data                                    0x200000e8   Section        2  mbfuncother.o(.data)
    usMBSlaveIDLen                           0x200000e8   Data           2  mbfuncother.o(.data)
    .data                                    0x200000ec   Section       12  mbrtu.o(.data)
    eSndState                                0x200000ec   Data           1  mbrtu.o(.data)
    eRcvState                                0x200000ed   Data           1  mbrtu.o(.data)
    usSndBufferCount                         0x200000ee   Data           2  mbrtu.o(.data)
    usRcvBufferPos                           0x200000f0   Data           2  mbrtu.o(.data)
    pucSndBufferCur                          0x200000f4   Data           4  mbrtu.o(.data)
    .data                                    0x200000f8   Section        2  portevent.o(.data)
    eQueuedEvent                             0x200000f8   Data           1  portevent.o(.data)
    xEventInQueue                            0x200000f9   Data           1  portevent.o(.data)
    .bss                                     0x200000fc   Section      600  main.o(.bss)
    .bss                                     0x20000354   Section       60  main.o(.bss)
    .bss                                     0x20000390   Section       24  stm32l0xx_hal_flash.o(.bss)
    .bss                                     0x200003a8   Section       32  mbfuncother.o(.bss)
    ucMBSlaveID                              0x200003a8   Data          32  mbfuncother.o(.bss)
    .bss                                     0x200003c8   Section      256  mbrtu.o(.bss)
    .bss                                     0x200004c8   Section      132  apc240.o(.bss)
    STACK                                    0x20000550   Section     4096  startup_stm32l051xx.o(STACK)

    Global Symbols

    Symbol Name                              Value     Ov Type        Size  Object(Section)

    BuildAttributes$$THM_ISAv3M$S$PE$A:L22$X:L11$S22$IEEE1$IW$USESV6$~STKCKD$USESV7$~SHL$OTIME$ROPI$EBA8$MICROLIB$REQ8$PRES8$EABIv2 0x00000000   Number         0  anon$$obj.o ABSOLUTE
    __ARM_use_no_argv                        0x00000000   Number         0  main.o ABSOLUTE
    _printf_a                                0x00000000   Number         0  stubs.o ABSOLUTE
    _printf_c                                0x00000000   Number         0  stubs.o ABSOLUTE
    _printf_charcount                        0x00000000   Number         0  stubs.o ABSOLUTE
    _printf_d                                0x00000000   Number         0  stubs.o ABSOLUTE
    _printf_e                                0x00000000   Number         0  stubs.o ABSOLUTE
    _printf_f                                0x00000000   Number         0  stubs.o ABSOLUTE
    _printf_flags                            0x00000000   Number         0  stubs.o ABSOLUTE
    _printf_fp_dec                           0x00000000   Number         0  stubs.o ABSOLUTE
    _printf_fp_hex                           0x00000000   Number         0  stubs.o ABSOLUTE
    _printf_g                                0x00000000   Number         0  stubs.o ABSOLUTE
    _printf_i                                0x00000000   Number         0  stubs.o ABSOLUTE
    _printf_int_dec                          0x00000000   Number         0  stubs.o ABSOLUTE
    _printf_l                                0x00000000   Number         0  stubs.o ABSOLUTE
    _printf_lc                               0x00000000   Number         0  stubs.o ABSOLUTE
    _printf_ll                               0x00000000   Number         0  stubs.o ABSOLUTE
    _printf_lld                              0x00000000   Number         0  stubs.o ABSOLUTE
    _printf_lli                              0x00000000   Number         0  stubs.o ABSOLUTE
    _printf_llo                              0x00000000   Number         0  stubs.o ABSOLUTE
    _printf_llu                              0x00000000   Number         0  stubs.o ABSOLUTE
    _printf_llx                              0x00000000   Number         0  stubs.o ABSOLUTE
    _printf_longlong_dec                     0x00000000   Number         0  stubs.o ABSOLUTE
    _printf_longlong_hex                     0x00000000   Number         0  stubs.o ABSOLUTE
    _printf_longlong_oct                     0x00000000   Number         0  stubs.o ABSOLUTE
    _printf_ls                               0x00000000   Number         0  stubs.o ABSOLUTE
    _printf_mbtowc                           0x00000000   Number         0  stubs.o ABSOLUTE
    _printf_n                                0x00000000   Number         0  stubs.o ABSOLUTE
    _printf_o                                0x00000000   Number         0  stubs.o ABSOLUTE
    _printf_p                                0x00000000   Number         0  stubs.o ABSOLUTE
    _printf_percent                          0x00000000   Number         0  stubs.o ABSOLUTE
    _printf_pre_padding                      0x00000000   Number         0  stubs.o ABSOLUTE
    _printf_return_value                     0x00000000   Number         0  stubs.o ABSOLUTE
    _printf_s                                0x00000000   Number         0  stubs.o ABSOLUTE
    _printf_sizespec                         0x00000000   Number         0  stubs.o ABSOLUTE
    _printf_str                              0x00000000   Number         0  stubs.o ABSOLUTE
    _printf_truncate_signed                  0x00000000   Number         0  stubs.o ABSOLUTE
    _printf_truncate_unsigned                0x00000000   Number         0  stubs.o ABSOLUTE
    _printf_u                                0x00000000   Number         0  stubs.o ABSOLUTE
    _printf_wc                               0x00000000   Number         0  stubs.o ABSOLUTE
    _printf_wctomb                           0x00000000   Number         0  stubs.o ABSOLUTE
    _printf_widthprec                        0x00000000   Number         0  stubs.o ABSOLUTE
    _printf_x                                0x00000000   Number         0  stubs.o ABSOLUTE
    __cpp_initialize__aeabi_                  - Undefined Weak Reference
    __cxa_finalize                            - Undefined Weak Reference
    __decompress                              - Undefined Weak Reference
    _clock_init                               - Undefined Weak Reference
    _microlib_exit                            - Undefined Weak Reference
    __Vectors_Size                           0x000000c0   Number         0  startup_stm32l051xx.o ABSOLUTE
    __Vectors                                0x08000000   Data           4  startup_stm32l051xx.o(RESET)
    __Vectors_End                            0x080000c0   Data           0  startup_stm32l051xx.o(RESET)
    __main                                   0x080000c1   Thumb Code     0  entry.o(.ARM.Collect$$$$00000000)
    _main_stk                                0x080000c1   Thumb Code     0  entry2.o(.ARM.Collect$$$$00000001)
    _main_scatterload                        0x080000c5   Thumb Code     0  entry5.o(.ARM.Collect$$$$00000004)
    __main_after_scatterload                 0x080000c9   Thumb Code     0  entry5.o(.ARM.Collect$$$$00000004)
    _main_clock                              0x080000c9   Thumb Code     0  entry7b.o(.ARM.Collect$$$$00000008)
    _main_cpp_init                           0x080000c9   Thumb Code     0  entry8b.o(.ARM.Collect$$$$0000000A)
    _main_init                               0x080000c9   Thumb Code     0  entry9a.o(.ARM.Collect$$$$0000000B)
    __rt_final_cpp                           0x080000d1   Thumb Code     0  entry10a.o(.ARM.Collect$$$$0000000D)
    __rt_final_exit                          0x080000d1   Thumb Code     0  entry11a.o(.ARM.Collect$$$$0000000F)
    Reset_Handler                            0x080000d5   Thumb Code     8  startup_stm32l051xx.o(.text)
    NMI_Handler                              0x080000dd   Thumb Code     2  startup_stm32l051xx.o(.text)
    HardFault_Handler                        0x080000df   Thumb Code     2  startup_stm32l051xx.o(.text)
    SVC_Handler                              0x080000e1   Thumb Code     2  startup_stm32l051xx.o(.text)
    DebugMon_Handler                         0x080000e3   Thumb Code     2  startup_stm32l051xx.o(.text)
    PendSV_Handler                           0x080000e5   Thumb Code     2  startup_stm32l051xx.o(.text)
    ADC1_COMP_IRQHandler                     0x080000e9   Thumb Code     0  startup_stm32l051xx.o(.text)
    DMA1_Channel2_3_IRQHandler               0x080000e9   Thumb Code     0  startup_stm32l051xx.o(.text)
    DMA1_Channel4_5_6_7_IRQHandler           0x080000e9   Thumb Code     0  startup_stm32l051xx.o(.text)
    FLASH_IRQHandler                         0x080000e9   Thumb Code     0  startup_stm32l051xx.o(.text)
    I2C1_IRQHandler                          0x080000e9   Thumb Code     0  startup_stm32l051xx.o(.text)
    I2C2_IRQHandler                          0x080000e9   Thumb Code     0  startup_stm32l051xx.o(.text)
    LPTIM1_IRQHandler                        0x080000e9   Thumb Code     0  startup_stm32l051xx.o(.text)
    RCC_IRQHandler                           0x080000e9   Thumb Code     0  startup_stm32l051xx.o(.text)
    RTC_IRQHandler                           0x080000e9   Thumb Code     0  startup_stm32l051xx.o(.text)
    SPI1_IRQHandler                          0x080000e9   Thumb Code     0  startup_stm32l051xx.o(.text)
    SPI2_IRQHandler                          0x080000e9   Thumb Code     0  startup_stm32l051xx.o(.text)
    TIM21_IRQHandler                         0x080000e9   Thumb Code     0  startup_stm32l051xx.o(.text)
    TIM22_IRQHandler                         0x080000e9   Thumb Code     0  startup_stm32l051xx.o(.text)
    TIM2_IRQHandler                          0x080000e9   Thumb Code     0  startup_stm32l051xx.o(.text)
    USART1_IRQHandler                        0x080000e9   Thumb Code     0  startup_stm32l051xx.o(.text)
    USART2_IRQHandler                        0x080000e9   Thumb Code     0  startup_stm32l051xx.o(.text)
    WWDG_IRQHandler                          0x080000e9   Thumb Code     0  startup_stm32l051xx.o(.text)
    __aeabi_uidiv                            0x080000f5   Thumb Code     0  uidiv.o(.text)
    __aeabi_uidivmod                         0x080000f5   Thumb Code    44  uidiv.o(.text)
    __aeabi_memcpy                           0x08000121   Thumb Code    36  memcpya.o(.text)
    __aeabi_memcpy4                          0x08000121   Thumb Code     0  memcpya.o(.text)
    __aeabi_memcpy8                          0x08000121   Thumb Code     0  memcpya.o(.text)
    __aeabi_memset                           0x08000145   Thumb Code    14  memseta.o(.text)
    __aeabi_memset4                          0x08000145   Thumb Code     0  memseta.o(.text)
    __aeabi_memset8                          0x08000145   Thumb Code     0  memseta.o(.text)
    __aeabi_memclr                           0x08000153   Thumb Code     4  memseta.o(.text)
    __aeabi_memclr4                          0x08000153   Thumb Code     0  memseta.o(.text)
    __aeabi_memclr8                          0x08000153   Thumb Code     0  memseta.o(.text)
    _memset$wrapper                          0x08000157   Thumb Code    18  memseta.o(.text)
    __aeabi_fmul                             0x08000169   Thumb Code   122  fmul.o(.text)
    __aeabi_fdiv                             0x080001e3   Thumb Code   124  fdiv.o(.text)
    __ARM_scalbnf                            0x0800025f   Thumb Code    24  fscalb.o(.text)
    scalbnf                                  0x0800025f   Thumb Code     0  fscalb.o(.text)
    __aeabi_ddiv                             0x08000279   Thumb Code   234  ddiv.o(.text)
    __ARM_scalbn                             0x08000369   Thumb Code    44  dscalb.o(.text)
    scalbn                                   0x08000369   Thumb Code     0  dscalb.o(.text)
    __aeabi_ui2f                             0x08000395   Thumb Code    14  ffltui.o(.text)
    __aeabi_ui2d                             0x080003a5   Thumb Code    24  dfltui.o(.text)
    __aeabi_f2uiz                            0x080003c1   Thumb Code    40  ffixui.o(.text)
    __aeabi_d2uiz                            0x080003e9   Thumb Code    50  dfixui.o(.text)
    __aeabi_llsl                             0x08000425   Thumb Code    32  llshl.o(.text)
    _ll_shift_l                              0x08000425   Thumb Code     0  llshl.o(.text)
    __aeabi_llsr                             0x08000445   Thumb Code    34  llushr.o(.text)
    _ll_ushift_r                             0x08000445   Thumb Code     0  llushr.o(.text)
    __I$use$fp                               0x08000467   Thumb Code     0  iusefp.o(.text)
    _float_round                             0x08000467   Thumb Code    16  fepilogue.o(.text)
    _float_epilogue                          0x08000477   Thumb Code   114  fepilogue.o(.text)
    _double_round                            0x080004e9   Thumb Code    26  depilogue.o(.text)
    _double_epilogue                         0x08000503   Thumb Code   164  depilogue.o(.text)
    __scatterload                            0x080005a9   Thumb Code    28  init.o(.text)
    __scatterload_rt2                        0x080005a9   Thumb Code     0  init.o(.text)
    Apc240ModeSet                            0x08000709   Thumb Code    66  apc240.o(i.Apc240ModeSet)
    Apc240Send                               0x08000751   Thumb Code    16  apc240.o(i.Apc240Send)
    Apc240SetFre                             0x08000765   Thumb Code   126  apc240.o(i.Apc240SetFre)
    ClearRcvBuff                             0x08000805   Thumb Code    18  rtu.o(i.ClearRcvBuff)
    DMA1_Channel1_IRQHandler                 0x08000821   Thumb Code    10  stm32l0xx_it.o(i.DMA1_Channel1_IRQHandler)
    EXTI0_1_IRQHandler                       0x08000855   Thumb Code    20  stm32l0xx_it.o(i.EXTI0_1_IRQHandler)
    EXTI2_3_IRQHandler                       0x08000869   Thumb Code    20  stm32l0xx_it.o(i.EXTI2_3_IRQHandler)
    EXTI4_15_IRQHandler                      0x0800087d   Thumb Code    20  stm32l0xx_it.o(i.EXTI4_15_IRQHandler)
    FLASH_WaitForLastOperation               0x08000909   Thumb Code   128  stm32l0xx_hal_flash.o(i.FLASH_WaitForLastOperation)
    HAL_ADCEx_Calibration_Start              0x0800098d   Thumb Code   148  stm32l0xx_hal_adc_ex.o(i.HAL_ADCEx_Calibration_Start)
    HAL_ADCEx_EnableVREFINT                  0x08000a21   Thumb Code    50  stm32l0xx_hal_adc_ex.o(i.HAL_ADCEx_EnableVREFINT)
    HAL_ADCEx_EnableVREFINTTempSensor        0x08000a59   Thumb Code    48  stm32l0xx_hal_adc_ex.o(i.HAL_ADCEx_EnableVREFINTTempSensor)
    HAL_ADC_ConfigChannel                    0x08000a91   Thumb Code   146  stm32l0xx_hal_adc.o(i.HAL_ADC_ConfigChannel)
    HAL_ADC_ConvCpltCallback                 0x08000b2d   Thumb Code     2  stm32l0xx_hal_adc.o(i.HAL_ADC_ConvCpltCallback)
    HAL_ADC_ConvHalfCpltCallback             0x08000b2f   Thumb Code     2  stm32l0xx_hal_adc.o(i.HAL_ADC_ConvHalfCpltCallback)
    HAL_ADC_ErrorCallback                    0x08000b31   Thumb Code     2  stm32l0xx_hal_adc.o(i.HAL_ADC_ErrorCallback)
    HAL_ADC_Init                             0x08000b35   Thumb Code   446  stm32l0xx_hal_adc.o(i.HAL_ADC_Init)
    HAL_ADC_MspInit                          0x08000d01   Thumb Code    88  stm32l0xx_hal_msp.o(i.HAL_ADC_MspInit)
    HAL_ADC_Start_DMA                        0x08000d69   Thumb Code   150  stm32l0xx_hal_adc.o(i.HAL_ADC_Start_DMA)
    HAL_DMA_IRQHandler                       0x08000e11   Thumb Code   582  stm32l0xx_hal_dma.o(i.HAL_DMA_IRQHandler)
    HAL_DMA_Init                             0x08001075   Thumb Code   270  stm32l0xx_hal_dma.o(i.HAL_DMA_Init)
    HAL_DMA_Start_IT                         0x080011a5   Thumb Code    80  stm32l0xx_hal_dma.o(i.HAL_DMA_Start_IT)
    HAL_Delay                                0x080011f5   Thumb Code    22  stm32l0xx_hal.o(i.HAL_Delay)
    HAL_FLASHEx_DATAEEPROM_Lock              0x0800120d   Thumb Code    14  stm32l0xx_hal_flash_ex.o(i.HAL_FLASHEx_DATAEEPROM_Lock)
    HAL_FLASHEx_DATAEEPROM_Program           0x08001221   Thumb Code    76  stm32l0xx_hal_flash_ex.o(i.HAL_FLASHEx_DATAEEPROM_Program)
    HAL_FLASHEx_DATAEEPROM_Unlock            0x08001275   Thumb Code    24  stm32l0xx_hal_flash_ex.o(i.HAL_FLASHEx_DATAEEPROM_Unlock)
    HAL_GPIO_EXTI_Callback                   0x08001299   Thumb Code   128  main.o(i.HAL_GPIO_EXTI_Callback)
    HAL_GPIO_EXTI_IRQHandler                 0x08001325   Thumb Code    18  stm32l0xx_hal_gpio.o(i.HAL_GPIO_EXTI_IRQHandler)
    HAL_GPIO_Init                            0x0800133d   Thumb Code   320  stm32l0xx_hal_gpio.o(i.HAL_GPIO_Init)
    HAL_GPIO_ReadPin                         0x08001499   Thumb Code    14  stm32l0xx_hal_gpio.o(i.HAL_GPIO_ReadPin)
    HAL_GPIO_WritePin                        0x080014a7   Thumb Code    12  stm32l0xx_hal_gpio.o(i.HAL_GPIO_WritePin)
    HAL_GetTick                              0x080014b5   Thumb Code     6  stm32l0xx_hal.o(i.HAL_GetTick)
    HAL_IncTick                              0x080014c1   Thumb Code    10  stm32l0xx_hal.o(i.HAL_IncTick)
    HAL_Init                                 0x080014d1   Thumb Code    26  stm32l0xx_hal.o(i.HAL_Init)
    HAL_InitTick                             0x080014f1   Thumb Code    34  stm32l0xx_hal.o(i.HAL_InitTick)
    HAL_MspInit                              0x08001515   Thumb Code    40  stm32l0xx_hal_msp.o(i.HAL_MspInit)
    HAL_NVIC_ClearPendingIRQ                 0x08001541   Thumb Code    14  stm32l0xx_hal_cortex.o(i.HAL_NVIC_ClearPendingIRQ)
    HAL_NVIC_EnableIRQ                       0x08001555   Thumb Code    14  stm32l0xx_hal_cortex.o(i.HAL_NVIC_EnableIRQ)
    HAL_NVIC_SetPriority                     0x08001569   Thumb Code    60  stm32l0xx_hal_cortex.o(i.HAL_NVIC_SetPriority)
    HAL_NVIC_SystemReset                     0x080015ad   Thumb Code    18  stm32l0xx_hal_cortex.o(i.HAL_NVIC_SystemReset)
    HAL_PWREx_EnableUltraLowPower            0x080015c9   Thumb Code    12  stm32l0xx_hal_pwr_ex.o(i.HAL_PWREx_EnableUltraLowPower)
    HAL_PWR_EnterSTOPMode                    0x080015d9   Thumb Code    44  stm32l0xx_hal_pwr.o(i.HAL_PWR_EnterSTOPMode)
    HAL_PWR_PVDCallback                      0x0800160d   Thumb Code     2  stm32l0xx_hal_pwr.o(i.HAL_PWR_PVDCallback)
    HAL_PWR_PVD_IRQHandler                   0x08001611   Thumb Code    22  stm32l0xx_hal_pwr.o(i.HAL_PWR_PVD_IRQHandler)
    HAL_RCCEx_PeriphCLKConfig                0x0800162d   Thumb Code   296  stm32l0xx_hal_rcc_ex.o(i.HAL_RCCEx_PeriphCLKConfig)
    HAL_RCC_ClockConfig                      0x08001765   Thumb Code   636  stm32l0xx_hal_rcc.o(i.HAL_RCC_ClockConfig)
    HAL_RCC_GetHCLKFreq                      0x080019ed   Thumb Code    26  stm32l0xx_hal_rcc.o(i.HAL_RCC_GetHCLKFreq)
    HAL_RCC_GetPCLK1Freq                     0x08001a15   Thumb Code    22  stm32l0xx_hal_rcc.o(i.HAL_RCC_GetPCLK1Freq)
    HAL_RCC_GetPCLK2Freq                     0x08001a35   Thumb Code    22  stm32l0xx_hal_rcc.o(i.HAL_RCC_GetPCLK2Freq)
    HAL_RCC_GetSysClockFreq                  0x08001a55   Thumb Code   136  stm32l0xx_hal_rcc.o(i.HAL_RCC_GetSysClockFreq)
    HAL_RCC_OscConfig                        0x08001af5   Thumb Code  1126  stm32l0xx_hal_rcc.o(i.HAL_RCC_OscConfig)
    HAL_ResumeTick                           0x08001f5d   Thumb Code    12  stm32l0xx_hal.o(i.HAL_ResumeTick)
    HAL_SYSTICK_CLKSourceConfig              0x08001f6d   Thumb Code    24  stm32l0xx_hal_cortex.o(i.HAL_SYSTICK_CLKSourceConfig)
    HAL_SYSTICK_Callback                     0x08001f89   Thumb Code     2  stm32l0xx_hal_cortex.o(i.HAL_SYSTICK_Callback)
    HAL_SYSTICK_Config                       0x08001f8d   Thumb Code    46  stm32l0xx_hal_cortex.o(i.HAL_SYSTICK_Config)
    HAL_SYSTICK_IRQHandler                   0x08001fc9   Thumb Code     8  stm32l0xx_hal_cortex.o(i.HAL_SYSTICK_IRQHandler)
    HAL_SuspendTick                          0x08001fd1   Thumb Code    12  stm32l0xx_hal.o(i.HAL_SuspendTick)
    HAL_TIMEx_MasterConfigSynchronization    0x08001fe1   Thumb Code    76  stm32l0xx_hal_tim_ex.o(i.HAL_TIMEx_MasterConfigSynchronization)
    HAL_TIM_Base_Init                        0x0800202d   Thumb Code    54  stm32l0xx_hal_tim.o(i.HAL_TIM_Base_Init)
    HAL_TIM_Base_MspInit                     0x08002065   Thumb Code    84  stm32l0xx_hal_msp.o(i.HAL_TIM_Base_MspInit)
    HAL_TIM_ConfigClockSource                0x080020c9   Thumb Code   264  stm32l0xx_hal_tim.o(i.HAL_TIM_ConfigClockSource)
    HAL_TIM_IC_CaptureCallback               0x080021d1   Thumb Code     2  stm32l0xx_hal_tim.o(i.HAL_TIM_IC_CaptureCallback)
    HAL_TIM_IRQHandler                       0x080021d3   Thumb Code   302  stm32l0xx_hal_tim.o(i.HAL_TIM_IRQHandler)
    HAL_TIM_OC_DelayElapsedCallback          0x08002301   Thumb Code     2  stm32l0xx_hal_tim.o(i.HAL_TIM_OC_DelayElapsedCallback)
    HAL_TIM_PWM_ConfigChannel                0x08002303   Thumb Code   222  stm32l0xx_hal_tim.o(i.HAL_TIM_PWM_ConfigChannel)
    HAL_TIM_PWM_Init                         0x080023e1   Thumb Code    50  stm32l0xx_hal_tim.o(i.HAL_TIM_PWM_Init)
    HAL_TIM_PWM_MspInit                      0x08002413   Thumb Code     2  stm32l0xx_hal_tim.o(i.HAL_TIM_PWM_MspInit)
    HAL_TIM_PWM_PulseFinishedCallback        0x08002415   Thumb Code     2  stm32l0xx_hal_tim.o(i.HAL_TIM_PWM_PulseFinishedCallback)
    HAL_TIM_PWM_Start                        0x08002417   Thumb Code    26  stm32l0xx_hal_tim.o(i.HAL_TIM_PWM_Start)
    HAL_TIM_PWM_Stop                         0x08002431   Thumb Code    40  stm32l0xx_hal_tim.o(i.HAL_TIM_PWM_Stop)
    HAL_TIM_PeriodElapsedCallback            0x0800245d   Thumb Code     8  stm32l0xx_it.o(i.HAL_TIM_PeriodElapsedCallback)
    HAL_TIM_TriggerCallback                  0x08002465   Thumb Code     2  stm32l0xx_hal_tim.o(i.HAL_TIM_TriggerCallback)
    HAL_UARTEx_WakeupCallback                0x08002467   Thumb Code     2  stm32l0xx_hal_uart_ex.o(i.HAL_UARTEx_WakeupCallback)
    HAL_UART_ErrorCallback                   0x08002469   Thumb Code     2  stm32l0xx_hal_uart.o(i.HAL_UART_ErrorCallback)
    HAL_UART_IRQHandler                      0x0800246b   Thumb Code   218  stm32l0xx_hal_uart.o(i.HAL_UART_IRQHandler)
    HAL_UART_Init                            0x08002545   Thumb Code   106  stm32l0xx_hal_uart.o(i.HAL_UART_Init)
    HAL_UART_MspInit                         0x080025b1   Thumb Code    74  stm32l0xx_hal_msp.o(i.HAL_UART_MspInit)
    HAL_UART_Receive                         0x08002609   Thumb Code   268  stm32l0xx_hal_uart.o(i.HAL_UART_Receive)
    HAL_UART_RxCpltCallback                  0x08002719   Thumb Code     2  stm32l0xx_hal_uart.o(i.HAL_UART_RxCpltCallback)
    HAL_UART_Transmit                        0x0800271b   Thumb Code   206  stm32l0xx_hal_uart.o(i.HAL_UART_Transmit)
    HAL_UART_TxCpltCallback                  0x080027e9   Thumb Code     2  stm32l0xx_hal_uart.o(i.HAL_UART_TxCpltCallback)
    InitHoldingReg                           0x080027ed   Thumb Code    20  main.o(i.InitHoldingReg)
    InitInputReg                             0x08002809   Thumb Code    26  main.o(i.InitInputReg)
    LPUART1_IRQHandler                       0x08002835   Thumb Code    42  stm32l0xx_it.o(i.LPUART1_IRQHandler)
    LedOff                                   0x08002865   Thumb Code    16  led.o(i.LedOff)
    LedOn                                    0x08002875   Thumb Code    16  led.o(i.LedOn)
    OperateCoil                              0x08002b61   Thumb Code   530  rtu.o(i.OperateCoil)
    OperationHoldingReg                      0x08002d85   Thumb Code    48  main.o(i.OperationHoldingReg)
    PVD_IRQHandler                           0x08002dbd   Thumb Code     8  stm32l0xx_it.o(i.PVD_IRQHandler)
    RtuDateInit                              0x08002dc5   Thumb Code   122  rtu.o(i.RtuDateInit)
    RtuSet                                   0x08002e59   Thumb Code   158  rtu.o(i.RtuSet)
    SysTick_Handler                          0x08002f0d   Thumb Code    12  stm32l0xx_it.o(i.SysTick_Handler)
    SystemClock_Config                       0x08002f19   Thumb Code   122  main.o(i.SystemClock_Config)
    SystemInit                               0x08002f9d   Thumb Code    66  system_stm32l0xx.o(i.SystemInit)
    TIM6_IRQHandler                          0x08002ff1   Thumb Code    16  stm32l0xx_it.o(i.TIM6_IRQHandler)
    UART_AdvFeatureConfig                    0x080031c7   Thumb Code   204  stm32l0xx_hal_uart.o(i.UART_AdvFeatureConfig)
    UART_CheckIdleState                      0x08003295   Thumb Code    84  stm32l0xx_hal_uart.o(i.UART_CheckIdleState)
    UART_SetConfig                           0x080033ad   Thumb Code   650  stm32l0xx_hal_uart.o(i.UART_SetConfig)
    UART_WaitOnFlagUntilTimeout              0x080036dd   Thumb Code   220  stm32l0xx_hal_uart.o(i.UART_WaitOnFlagUntilTimeout)
    UartInit                                 0x080037b9   Thumb Code    36  apc240.o(i.UartInit)
    UpdateInput                              0x080037e5   Thumb Code   118  rtu.o(i.UpdateInput)
    UpdateInputReg                           0x08003861   Thumb Code   170  main.o(i.UpdateInputReg)
    WriteDateEeprom                          0x08003935   Thumb Code    26  rtu.o(i.WriteDateEeprom)
    __0snprintf$1                            0x08003951   Thumb Code    38  printf1.o(i.__0snprintf$1)
    __1snprintf$1                            0x08003951   Thumb Code     0  printf1.o(i.__0snprintf$1)
    __2snprintf                              0x08003951   Thumb Code     0  printf1.o(i.__0snprintf$1)
    __ARM_clz                                0x0800397d   Thumb Code    46  depilogue.o(i.__ARM_clz)
    __ARM_common_switch8                     0x080039ab   Thumb Code    26  mbascii.o(i.__ARM_common_switch8)
    __scatterload_copy                       0x080039c5   Thumb Code    14  handlers.o(i.__scatterload_copy)
    __scatterload_null                       0x080039d3   Thumb Code     2  handlers.o(i.__scatterload_null)
    __scatterload_zeroinit                   0x080039d5   Thumb Code    14  handlers.o(i.__scatterload_zeroinit)
    eMBASCIIInit                             0x08003b4d   Thumb Code    42  mbascii.o(i.eMBASCIIInit)
    eMBASCIIReceive                          0x08003b81   Thumb Code    64  mbascii.o(i.eMBASCIIReceive)
    eMBASCIISend                             0x08003bc5   Thumb Code    70  mbascii.o(i.eMBASCIISend)
    eMBASCIIStart                            0x08003c11   Thumb Code    22  mbascii.o(i.eMBASCIIStart)
    eMBASCIIStop                             0x08003c2d   Thumb Code    16  mbascii.o(i.eMBASCIIStop)
    eMBClose                                 0x08003c3d   Thumb Code    28  mb.o(i.eMBClose)
    eMBDisable                               0x08003c5d   Thumb Code    30  mb.o(i.eMBDisable)
    eMBEnable                                0x08003c81   Thumb Code    28  mb.o(i.eMBEnable)
    eMBFuncReadCoils                         0x08003ca1   Thumb Code   112  mbfunccoils.o(i.eMBFuncReadCoils)
    eMBFuncReadDiscreteInputs                0x08003d15   Thumb Code   110  mbfuncdisc.o(i.eMBFuncReadDiscreteInputs)
    eMBFuncReadHoldingRegister               0x08003d89   Thumb Code    90  mbfuncholding.o(i.eMBFuncReadHoldingRegister)
    eMBFuncReadInputRegister                 0x08003de3   Thumb Code    94  mbfuncinput.o(i.eMBFuncReadInputRegister)
    eMBFuncReadWriteMultipleHoldingRegister  0x08003e41   Thumb Code   156  mbfuncholding.o(i.eMBFuncReadWriteMultipleHoldingRegister)
    eMBFuncReportSlaveID                     0x08003edd   Thumb Code    26  mbfuncother.o(i.eMBFuncReportSlaveID)
    eMBFuncWriteCoil                         0x08003f01   Thumb Code    86  mbfunccoils.o(i.eMBFuncWriteCoil)
    eMBFuncWriteHoldingRegister              0x08003f57   Thumb Code    50  mbfuncholding.o(i.eMBFuncWriteHoldingRegister)
    eMBFuncWriteMultipleCoils                0x08003f89   Thumb Code    96  mbfunccoils.o(i.eMBFuncWriteMultipleCoils)
    eMBFuncWriteMultipleHoldingRegister      0x08003fed   Thumb Code    80  mbfuncholding.o(i.eMBFuncWriteMultipleHoldingRegister)
    eMBInit                                  0x0800403d   Thumb Code   142  mb.o(i.eMBInit)
    eMBPoll                                  0x08004109   Thumb Code   184  mb.o(i.eMBPoll)
    eMBRTUInit                               0x080041c5   Thumb Code    56  mbrtu.o(i.eMBRTUInit)
    eMBRTUReceive                            0x08004201   Thumb Code    66  mbrtu.o(i.eMBRTUReceive)
    eMBRTUSend                               0x0800424d   Thumb Code    78  mbrtu.o(i.eMBRTUSend)
    eMBRTUStart                              0x080042a5   Thumb Code    22  mbrtu.o(i.eMBRTUStart)
    eMBRTUStop                               0x080042c1   Thumb Code    16  mbrtu.o(i.eMBRTUStop)
    eMBRegCoilsCB                            0x080042d1   Thumb Code   166  main.o(i.eMBRegCoilsCB)
    eMBRegDiscreteCB                         0x08004381   Thumb Code    96  main.o(i.eMBRegDiscreteCB)
    eMBRegHoldingCB                          0x080043e5   Thumb Code   138  main.o(i.eMBRegHoldingCB)
    eMBRegInputCB                            0x08004479   Thumb Code    78  main.o(i.eMBRegInputCB)
    main                                     0x080044d1   Thumb Code   198  main.o(i.main)
    prveMBError2Exception                    0x080045b9   Thumb Code    24  mbutils.o(i.prveMBError2Exception)
    prvvTIMERExpiredISR                      0x08004609   Thumb Code     6  porttimer.o(i.prvvTIMERExpiredISR)
    prvvUARTRxISR                            0x08004615   Thumb Code     6  portserial.o(i.prvvUARTRxISR)
    prvvUARTTxReadyISR                       0x08004621   Thumb Code     6  portserial.o(i.prvvUARTTxReadyISR)
    usMBCRC16                                0x0800462d   Thumb Code    42  mbcrc.o(i.usMBCRC16)
    vMBPortSerialEnable                      0x0800465d   Thumb Code    42  portserial.o(i.vMBPortSerialEnable)
    vMBPortTimersDisable                     0x0800468d   Thumb Code    46  porttimer.o(i.vMBPortTimersDisable)
    vMBPortTimersEnable                      0x080046c5   Thumb Code    36  porttimer.o(i.vMBPortTimersEnable)
    xMBASCIIReceiveFSM                       0x080046ed   Thumb Code   226  mbascii.o(i.xMBASCIIReceiveFSM)
    xMBASCIITimerT1SExpired                  0x080047d5   Thumb Code    42  mbascii.o(i.xMBASCIITimerT1SExpired)
    xMBASCIITransmitFSM                      0x08004805   Thumb Code   174  mbascii.o(i.xMBASCIITransmitFSM)
    xMBPortEventGet                          0x080048b9   Thumb Code    24  portevent.o(i.xMBPortEventGet)
    xMBPortEventInit                         0x080048d5   Thumb Code    10  portevent.o(i.xMBPortEventInit)
    xMBPortEventPost                         0x080048e5   Thumb Code    12  portevent.o(i.xMBPortEventPost)
    xMBPortSerialGetByte                     0x080048f5   Thumb Code    26  portserial.o(i.xMBPortSerialGetByte)
    xMBPortSerialInit                        0x08004915   Thumb Code     4  portserial.o(i.xMBPortSerialInit)
    xMBPortSerialPutByte                     0x08004919   Thumb Code    26  portserial.o(i.xMBPortSerialPutByte)
    xMBPortTimersInit                        0x08004939   Thumb Code     4  porttimer.o(i.xMBPortTimersInit)
    xMBRTUReceiveFSM                         0x0800493d   Thumb Code   118  mbrtu.o(i.xMBRTUReceiveFSM)
    xMBRTUTimerT35Expired                    0x080049c5   Thumb Code    62  mbrtu.o(i.xMBRTUTimerT35Expired)
    xMBRTUTransmitFSM                        0x08004a09   Thumb Code    90  mbrtu.o(i.xMBRTUTransmitFSM)
    xMBUtilGetBits                           0x08004a69   Thumb Code    32  mbutils.o(i.xMBUtilGetBits)
    xMBUtilSetBits                           0x08004a89   Thumb Code    48  mbutils.o(i.xMBUtilSetBits)
    Region$$Table$$Base                      0x08004d18   Number         0  anon$$obj.o(Region$$Table)
    Region$$Table$$Limit                     0x08004d38   Number         0  anon$$obj.o(Region$$Table)
    rcvLength                                0x20000000   Data           1  main.o(.data)
    counts                                   0x2000000c   Data           4  main.o(.data)
    vdda                                     0x20000010   Data           4  main.o(.data)
    SystemCoreClock                          0x20000028   Data           4  system_stm32l0xx.o(.data)
    ucMBAddress                              0x20000030   Data           1  mb.o(.data)
    pxMBFrameCBByteReceived                  0x2000004c   Data           4  mb.o(.data)
    pxMBFrameCBTransmitterEmpty              0x20000050   Data           4  mb.o(.data)
    pxMBPortCBTimerExpired                   0x20000054   Data           4  mb.o(.data)
    hadc                                     0x200000fc   Data          96  main.o(.bss)
    hlpuart1                                 0x2000015c   Data         112  main.o(.bss)
    htim6                                    0x200001cc   Data          56  main.o(.bss)
    htim22                                   0x20000204   Data          56  main.o(.bss)
    rcvBuff                                  0x2000023c   Data         256  main.o(.bss)
    converValue                              0x2000033c   Data          24  main.o(.bss)
    hdma_adc                                 0x20000354   Data          60  main.o(.bss)
    ProcFlash                                0x20000390   Data          24  stm32l0xx_hal_flash.o(.bss)
    ucRTUBuf                                 0x200003c8   Data         256  mbrtu.o(.bss)
    rtu                                      0x200004c8   Data         132  apc240.o(.bss)
    __initial_sp                             0x20001550   Data           0  startup_stm32l051xx.o(STACK)



==============================================================================

Memory Map of the image

  Image Entry point : 0x080000c1

  Load Region LR_IROM1 (Base: 0x08000000, Size: 0x00004e34, Max: 0x00010000, ABSOLUTE)

    Execution Region ER_IROM1 (Base: 0x08000000, Size: 0x00004d38, Max: 0x00010000, ABSOLUTE)

    Base Addr    Size         Type   Attr      Idx    E Section Name        Object

    0x08000000   0x000000c0   Data   RO            3    RESET               startup_stm32l051xx.o
    0x080000c0   0x00000000   Code   RO         3776  * .ARM.Collect$$$$00000000  mc_p.l(entry.o)
    0x080000c0   0x00000004   Code   RO         4082    .ARM.Collect$$$$00000001  mc_p.l(entry2.o)
    0x080000c4   0x00000004   Code   RO         4085    .ARM.Collect$$$$00000004  mc_p.l(entry5.o)
    0x080000c8   0x00000000   Code   RO         4087    .ARM.Collect$$$$00000008  mc_p.l(entry7b.o)
    0x080000c8   0x00000000   Code   RO         4089    .ARM.Collect$$$$0000000A  mc_p.l(entry8b.o)
    0x080000c8   0x00000008   Code   RO         4090    .ARM.Collect$$$$0000000B  mc_p.l(entry9a.o)
    0x080000d0   0x00000000   Code   RO         4092    .ARM.Collect$$$$0000000D  mc_p.l(entry10a.o)
    0x080000d0   0x00000000   Code   RO         4094    .ARM.Collect$$$$0000000F  mc_p.l(entry11a.o)
    0x080000d0   0x00000004   Code   RO         4083    .ARM.Collect$$$$00002712  mc_p.l(entry2.o)
    0x080000d4   0x00000020   Code   RO            4    .text               startup_stm32l051xx.o
    0x080000f4   0x0000002c   Code   RO         3779    .text               mc_p.l(uidiv.o)
    0x08000120   0x00000024   Code   RO         3783    .text               mc_p.l(memcpya.o)
    0x08000144   0x00000024   Code   RO         3785    .text               mc_p.l(memseta.o)
    0x08000168   0x0000007a   Code   RO         4056    .text               mf_p.l(fmul.o)
    0x080001e2   0x0000007c   Code   RO         4058    .text               mf_p.l(fdiv.o)
    0x0800025e   0x00000018   Code   RO         4060    .text               mf_p.l(fscalb.o)
    0x08000276   0x00000002   PAD
    0x08000278   0x000000f0   Code   RO         4064    .text               mf_p.l(ddiv.o)
    0x08000368   0x0000002c   Code   RO         4066    .text               mf_p.l(dscalb.o)
    0x08000394   0x0000000e   Code   RO         4070    .text               mf_p.l(ffltui.o)
    0x080003a2   0x00000002   PAD
    0x080003a4   0x0000001c   Code   RO         4072    .text               mf_p.l(dfltui.o)
    0x080003c0   0x00000028   Code   RO         4074    .text               mf_p.l(ffixui.o)
    0x080003e8   0x0000003c   Code   RO         4076    .text               mf_p.l(dfixui.o)
    0x08000424   0x00000020   Code   RO         4101    .text               mc_p.l(llshl.o)
    0x08000444   0x00000022   Code   RO         4103    .text               mc_p.l(llushr.o)
    0x08000466   0x00000000   Code   RO         4107    .text               mc_p.l(iusefp.o)
    0x08000466   0x00000082   Code   RO         4108    .text               mf_p.l(fepilogue.o)
    0x080004e8   0x000000be   Code   RO         4110    .text               mf_p.l(depilogue.o)
    0x080005a6   0x00000002   PAD
    0x080005a8   0x00000024   Code   RO         4120    .text               mc_p.l(init.o)
    0x080005cc   0x0000006c   Code   RO         1085    i.ADC_DMAConvCplt   stm32l0xx_hal_adc.o
    0x08000638   0x0000001a   Code   RO         1086    i.ADC_DMAError      stm32l0xx_hal_adc.o
    0x08000652   0x0000000a   Code   RO         1087    i.ADC_DMAHalfConvCplt  stm32l0xx_hal_adc.o
    0x0800065c   0x00000030   Code   RO         1088    i.ADC_DelayMicroSecond  stm32l0xx_hal_adc.o
    0x0800068c   0x0000007c   Code   RO         1090    i.ADC_Enable        stm32l0xx_hal_adc.o
    0x08000708   0x00000048   Code   RO         3639    i.Apc240ModeSet     apc240.o
    0x08000750   0x00000014   Code   RO         3640    i.Apc240Send        apc240.o
    0x08000764   0x000000a0   Code   RO         3641    i.Apc240SetFre      apc240.o
    0x08000804   0x0000001c   Code   RO         3715    i.ClearRcvBuff      rtu.o
    0x08000820   0x00000010   Code   RO          335    i.DMA1_Channel1_IRQHandler  stm32l0xx_it.o
    0x08000830   0x00000024   Code   RO          895    i.DMA_SetConfig     stm32l0xx_hal_dma.o
    0x08000854   0x00000014   Code   RO          336    i.EXTI0_1_IRQHandler  stm32l0xx_it.o
    0x08000868   0x00000014   Code   RO          337    i.EXTI2_3_IRQHandler  stm32l0xx_it.o
    0x0800087c   0x00000014   Code   RO          338    i.EXTI4_15_IRQHandler  stm32l0xx_it.o
    0x08000890   0x00000078   Code   RO         2135    i.FLASH_SetErrorCode  stm32l0xx_hal_flash.o
    0x08000908   0x00000084   Code   RO         2136    i.FLASH_WaitForLastOperation  stm32l0xx_hal_flash.o
    0x0800098c   0x00000094   Code   RO         2079    i.HAL_ADCEx_Calibration_Start  stm32l0xx_hal_adc_ex.o
    0x08000a20   0x00000038   Code   RO         2082    i.HAL_ADCEx_EnableVREFINT  stm32l0xx_hal_adc_ex.o
    0x08000a58   0x00000038   Code   RO         2083    i.HAL_ADCEx_EnableVREFINTTempSensor  stm32l0xx_hal_adc_ex.o
    0x08000a90   0x0000009c   Code   RO         1092    i.HAL_ADC_ConfigChannel  stm32l0xx_hal_adc.o
    0x08000b2c   0x00000002   Code   RO         1093    i.HAL_ADC_ConvCpltCallback  stm32l0xx_hal_adc.o
    0x08000b2e   0x00000002   Code   RO         1094    i.HAL_ADC_ConvHalfCpltCallback  stm32l0xx_hal_adc.o
    0x08000b30   0x00000002   Code   RO         1096    i.HAL_ADC_ErrorCallback  stm32l0xx_hal_adc.o
    0x08000b32   0x00000002   PAD
    0x08000b34   0x000001cc   Code   RO         1101    i.HAL_ADC_Init      stm32l0xx_hal_adc.o
    0x08000d00   0x00000068   Code   RO           13    i.HAL_ADC_MspInit   stm32l0xx_hal_msp.o
    0x08000d68   0x000000a8   Code   RO         1108    i.HAL_ADC_Start_DMA  stm32l0xx_hal_adc.o
    0x08000e10   0x00000264   Code   RO          900    i.HAL_DMA_IRQHandler  stm32l0xx_hal_dma.o
    0x08001074   0x00000130   Code   RO          901    i.HAL_DMA_Init      stm32l0xx_hal_dma.o
    0x080011a4   0x00000050   Code   RO          904    i.HAL_DMA_Start_IT  stm32l0xx_hal_dma.o
    0x080011f4   0x00000016   Code   RO         2442    i.HAL_Delay         stm32l0xx_hal.o
    0x0800120a   0x00000002   PAD
    0x0800120c   0x00000014   Code   RO         1307    i.HAL_FLASHEx_DATAEEPROM_Lock  stm32l0xx_hal_flash_ex.o
    0x08001220   0x00000054   Code   RO         1308    i.HAL_FLASHEx_DATAEEPROM_Program  stm32l0xx_hal_flash_ex.o
    0x08001274   0x00000024   Code   RO         1309    i.HAL_FLASHEx_DATAEEPROM_Unlock  stm32l0xx_hal_flash_ex.o
    0x08001298   0x0000008c   Code   RO          170    i.HAL_GPIO_EXTI_Callback  main.o
    0x08001324   0x00000018   Code   RO         2926    i.HAL_GPIO_EXTI_IRQHandler  stm32l0xx_hal_gpio.o
    0x0800133c   0x0000015c   Code   RO         2927    i.HAL_GPIO_Init     stm32l0xx_hal_gpio.o
    0x08001498   0x0000000e   Code   RO         2929    i.HAL_GPIO_ReadPin  stm32l0xx_hal_gpio.o
    0x080014a6   0x0000000c   Code   RO         2931    i.HAL_GPIO_WritePin  stm32l0xx_hal_gpio.o
    0x080014b2   0x00000002   PAD
    0x080014b4   0x0000000c   Code   RO         2446    i.HAL_GetTick       stm32l0xx_hal.o
    0x080014c0   0x00000010   Code   RO         2447    i.HAL_IncTick       stm32l0xx_hal.o
    0x080014d0   0x00000020   Code   RO         2448    i.HAL_Init          stm32l0xx_hal.o
    0x080014f0   0x00000022   Code   RO         2449    i.HAL_InitTick      stm32l0xx_hal.o
    0x08001512   0x00000002   PAD
    0x08001514   0x0000002c   Code   RO           14    i.HAL_MspInit       stm32l0xx_hal_msp.o
    0x08001540   0x00000014   Code   RO          734    i.HAL_NVIC_ClearPendingIRQ  stm32l0xx_hal_cortex.o
    0x08001554   0x00000014   Code   RO          736    i.HAL_NVIC_EnableIRQ  stm32l0xx_hal_cortex.o
    0x08001568   0x00000044   Code   RO          740    i.HAL_NVIC_SetPriority  stm32l0xx_hal_cortex.o
    0x080015ac   0x0000001c   Code   RO          741    i.HAL_NVIC_SystemReset  stm32l0xx_hal_cortex.o
    0x080015c8   0x00000010   Code   RO         2991    i.HAL_PWREx_EnableUltraLowPower  stm32l0xx_hal_pwr_ex.o
    0x080015d8   0x00000034   Code   RO          982    i.HAL_PWR_EnterSTOPMode  stm32l0xx_hal_pwr.o
    0x0800160c   0x00000002   Code   RO          983    i.HAL_PWR_PVDCallback  stm32l0xx_hal_pwr.o
    0x0800160e   0x00000002   PAD
    0x08001610   0x0000001c   Code   RO          984    i.HAL_PWR_PVD_IRQHandler  stm32l0xx_hal_pwr.o
    0x0800162c   0x00000138   Code   RO          414    i.HAL_RCCEx_PeriphCLKConfig  stm32l0xx_hal_rcc_ex.o
    0x08001764   0x00000288   Code   RO         2290    i.HAL_RCC_ClockConfig  stm32l0xx_hal_rcc.o
    0x080019ec   0x00000028   Code   RO         2294    i.HAL_RCC_GetHCLKFreq  stm32l0xx_hal_rcc.o
    0x08001a14   0x00000020   Code   RO         2296    i.HAL_RCC_GetPCLK1Freq  stm32l0xx_hal_rcc.o
    0x08001a34   0x00000020   Code   RO         2297    i.HAL_RCC_GetPCLK2Freq  stm32l0xx_hal_rcc.o
    0x08001a54   0x000000a0   Code   RO         2298    i.HAL_RCC_GetSysClockFreq  stm32l0xx_hal_rcc.o
    0x08001af4   0x00000466   Code   RO         2301    i.HAL_RCC_OscConfig  stm32l0xx_hal_rcc.o
    0x08001f5a   0x00000002   PAD
    0x08001f5c   0x00000010   Code   RO         2452    i.HAL_ResumeTick    stm32l0xx_hal.o
    0x08001f6c   0x0000001c   Code   RO          742    i.HAL_SYSTICK_CLKSourceConfig  stm32l0xx_hal_cortex.o
    0x08001f88   0x00000002   Code   RO          743    i.HAL_SYSTICK_Callback  stm32l0xx_hal_cortex.o
    0x08001f8a   0x00000002   PAD
    0x08001f8c   0x0000003c   Code   RO          744    i.HAL_SYSTICK_Config  stm32l0xx_hal_cortex.o
    0x08001fc8   0x00000008   Code   RO          745    i.HAL_SYSTICK_IRQHandler  stm32l0xx_hal_cortex.o
    0x08001fd0   0x00000010   Code   RO         2459    i.HAL_SuspendTick   stm32l0xx_hal.o
    0x08001fe0   0x0000004c   Code   RO         1265    i.HAL_TIMEx_MasterConfigSynchronization  stm32l0xx_hal_tim_ex.o
    0x0800202c   0x00000036   Code   RO         1446    i.HAL_TIM_Base_Init  stm32l0xx_hal_tim.o
    0x08002062   0x00000002   PAD
    0x08002064   0x00000064   Code   RO           16    i.HAL_TIM_Base_MspInit  stm32l0xx_hal_msp.o
    0x080020c8   0x00000108   Code   RO         1455    i.HAL_TIM_ConfigClockSource  stm32l0xx_hal_tim.o
    0x080021d0   0x00000002   Code   RO         1475    i.HAL_TIM_IC_CaptureCallback  stm32l0xx_hal_tim.o
    0x080021d2   0x0000012e   Code   RO         1488    i.HAL_TIM_IRQHandler  stm32l0xx_hal_tim.o
    0x08002300   0x00000002   Code   RO         1491    i.HAL_TIM_OC_DelayElapsedCallback  stm32l0xx_hal_tim.o
    0x08002302   0x000000de   Code   RO         1512    i.HAL_TIM_PWM_ConfigChannel  stm32l0xx_hal_tim.o
    0x080023e0   0x00000032   Code   RO         1515    i.HAL_TIM_PWM_Init  stm32l0xx_hal_tim.o
    0x08002412   0x00000002   Code   RO         1517    i.HAL_TIM_PWM_MspInit  stm32l0xx_hal_tim.o
    0x08002414   0x00000002   Code   RO         1518    i.HAL_TIM_PWM_PulseFinishedCallback  stm32l0xx_hal_tim.o
    0x08002416   0x0000001a   Code   RO         1519    i.HAL_TIM_PWM_Start  stm32l0xx_hal_tim.o
    0x08002430   0x0000002c   Code   RO         1522    i.HAL_TIM_PWM_Stop  stm32l0xx_hal_tim.o
    0x0800245c   0x00000008   Code   RO          339    i.HAL_TIM_PeriodElapsedCallback  stm32l0xx_it.o
    0x08002464   0x00000002   Code   RO         1529    i.HAL_TIM_TriggerCallback  stm32l0xx_hal_tim.o
    0x08002466   0x00000002   Code   RO          835    i.HAL_UARTEx_WakeupCallback  stm32l0xx_hal_uart_ex.o
    0x08002468   0x00000002   Code   RO          488    i.HAL_UART_ErrorCallback  stm32l0xx_hal_uart.o
    0x0800246a   0x000000da   Code   RO          491    i.HAL_UART_IRQHandler  stm32l0xx_hal_uart.o
    0x08002544   0x0000006a   Code   RO          492    i.HAL_UART_Init     stm32l0xx_hal_uart.o
    0x080025ae   0x00000002   PAD
    0x080025b0   0x00000058   Code   RO           18    i.HAL_UART_MspInit  stm32l0xx_hal_msp.o
    0x08002608   0x00000110   Code   RO          495    i.HAL_UART_Receive  stm32l0xx_hal_uart.o
    0x08002718   0x00000002   Code   RO          498    i.HAL_UART_RxCpltCallback  stm32l0xx_hal_uart.o
    0x0800271a   0x000000ce   Code   RO          500    i.HAL_UART_Transmit  stm32l0xx_hal_uart.o
    0x080027e8   0x00000002   Code   RO          503    i.HAL_UART_TxCpltCallback  stm32l0xx_hal_uart.o
    0x080027ea   0x00000002   PAD
    0x080027ec   0x0000001c   Code   RO          171    i.InitHoldingReg    main.o
    0x08002808   0x0000002c   Code   RO          172    i.InitInputReg      main.o
    0x08002834   0x00000030   Code   RO          340    i.LPUART1_IRQHandler  stm32l0xx_it.o
    0x08002864   0x00000010   Code   RO         3683    i.LedOff            led.o
    0x08002874   0x00000010   Code   RO         3684    i.LedOn             led.o
    0x08002884   0x0000008c   Code   RO          173    i.MX_ADC_Init       main.o
    0x08002910   0x00000028   Code   RO          174    i.MX_DMA_Init       main.o
    0x08002938   0x00000158   Code   RO          175    i.MX_GPIO_Init      main.o
    0x08002a90   0x0000003c   Code   RO          176    i.MX_LPUART1_UART_Init  main.o
    0x08002acc   0x00000060   Code   RO          177    i.MX_TIM22_Init     main.o
    0x08002b2c   0x00000034   Code   RO          178    i.MX_TIM6_Init      main.o
    0x08002b60   0x00000224   Code   RO         3717    i.OperateCoil       rtu.o
    0x08002d84   0x00000038   Code   RO          179    i.OperationHoldingReg  main.o
    0x08002dbc   0x00000008   Code   RO          341    i.PVD_IRQHandler    stm32l0xx_it.o
    0x08002dc4   0x00000094   Code   RO         3719    i.RtuDateInit       rtu.o
    0x08002e58   0x000000b4   Code   RO         3720    i.RtuSet            rtu.o
    0x08002f0c   0x0000000c   Code   RO          342    i.SysTick_Handler   stm32l0xx_it.o
    0x08002f18   0x00000084   Code   RO          180    i.SystemClock_Config  main.o
    0x08002f9c   0x00000054   Code   RO         3037    i.SystemInit        system_stm32l0xx.o
    0x08002ff0   0x00000014   Code   RO          343    i.TIM6_IRQHandler   stm32l0xx_it.o
    0x08003004   0x00000054   Code   RO         1530    i.TIM_Base_SetConfig  stm32l0xx_hal_tim.o
    0x08003058   0x00000018   Code   RO         1531    i.TIM_CCxChannelCmd  stm32l0xx_hal_tim.o
    0x08003070   0x00000018   Code   RO         1537    i.TIM_ETR_SetConfig  stm32l0xx_hal_tim.o
    0x08003088   0x00000010   Code   RO         1538    i.TIM_ITRx_SetConfig  stm32l0xx_hal_tim.o
    0x08003098   0x00000032   Code   RO         1539    i.TIM_OC1_SetConfig  stm32l0xx_hal_tim.o
    0x080030ca   0x0000003a   Code   RO         1540    i.TIM_OC2_SetConfig  stm32l0xx_hal_tim.o
    0x08003104   0x00000038   Code   RO         1541    i.TIM_OC3_SetConfig  stm32l0xx_hal_tim.o
    0x0800313c   0x0000003e   Code   RO         1542    i.TIM_OC4_SetConfig  stm32l0xx_hal_tim.o
    0x0800317a   0x00000024   Code   RO         1544    i.TIM_TI1_ConfigInputStage  stm32l0xx_hal_tim.o
    0x0800319e   0x00000028   Code   RO         1546    i.TIM_TI2_ConfigInputStage  stm32l0xx_hal_tim.o
    0x080031c6   0x000000cc   Code   RO          505    i.UART_AdvFeatureConfig  stm32l0xx_hal_uart.o
    0x08003292   0x00000002   PAD
    0x08003294   0x00000058   Code   RO          506    i.UART_CheckIdleState  stm32l0xx_hal_uart.o
    0x080032ec   0x00000028   Code   RO          512    i.UART_EndTransmit_IT  stm32l0xx_hal_uart.o
    0x08003314   0x00000098   Code   RO          513    i.UART_Receive_IT   stm32l0xx_hal_uart.o
    0x080033ac   0x000002c0   Code   RO          514    i.UART_SetConfig    stm32l0xx_hal_uart.o
    0x0800366c   0x00000070   Code   RO          515    i.UART_Transmit_IT  stm32l0xx_hal_uart.o
    0x080036dc   0x000000dc   Code   RO          516    i.UART_WaitOnFlagUntilTimeout  stm32l0xx_hal_uart.o
    0x080037b8   0x0000002c   Code   RO         3642    i.UartInit          apc240.o
    0x080037e4   0x0000007c   Code   RO         3721    i.UpdateInput       rtu.o
    0x08003860   0x000000d4   Code   RO          182    i.UpdateInputReg    main.o
    0x08003934   0x0000001a   Code   RO         3722    i.WriteDateEeprom   rtu.o
    0x0800394e   0x00000002   PAD
    0x08003950   0x0000002c   Code   RO         3839    i.__0snprintf$1     mc_p.l(printf1.o)
    0x0800397c   0x0000002e   Code   RO         4112    i.__ARM_clz         mf_p.l(depilogue.o)
    0x080039aa   0x0000001a   Code   RO         3227    i.__ARM_common_switch8  mbascii.o
    0x080039c4   0x0000000e   Code   RO         4126    i.__scatterload_copy  mc_p.l(handlers.o)
    0x080039d2   0x00000002   Code   RO         4127    i.__scatterload_null  mc_p.l(handlers.o)
    0x080039d4   0x0000000e   Code   RO         4128    i.__scatterload_zeroinit  mc_p.l(handlers.o)
    0x080039e2   0x00000002   PAD
    0x080039e4   0x00000150   Code   RO         3845    i._printf_core      mc_p.l(printf1.o)
    0x08003b34   0x00000016   Code   RO         3846    i._snputc           mc_p.l(printf1.o)
    0x08003b4a   0x00000002   PAD
    0x08003b4c   0x00000034   Code   RO         3158    i.eMBASCIIInit      mbascii.o
    0x08003b80   0x00000044   Code   RO         3159    i.eMBASCIIReceive   mbascii.o
    0x08003bc4   0x0000004c   Code   RO         3160    i.eMBASCIISend      mbascii.o
    0x08003c10   0x0000001c   Code   RO         3161    i.eMBASCIIStart     mbascii.o
    0x08003c2c   0x00000010   Code   RO         3162    i.eMBASCIIStop      mbascii.o
    0x08003c3c   0x00000020   Code   RO         3069    i.eMBClose          mb.o
    0x08003c5c   0x00000024   Code   RO         3070    i.eMBDisable        mb.o
    0x08003c80   0x00000020   Code   RO         3071    i.eMBEnable         mb.o
    0x08003ca0   0x00000074   Code   RO         3235    i.eMBFuncReadCoils  mbfunccoils.o
    0x08003d14   0x00000074   Code   RO         3270    i.eMBFuncReadDiscreteInputs  mbfuncdisc.o
    0x08003d88   0x0000005a   Code   RO         3290    i.eMBFuncReadHoldingRegister  mbfuncholding.o
    0x08003de2   0x0000005e   Code   RO         3328    i.eMBFuncReadInputRegister  mbfuncinput.o
    0x08003e40   0x0000009c   Code   RO         3291    i.eMBFuncReadWriteMultipleHoldingRegister  mbfuncholding.o
    0x08003edc   0x00000024   Code   RO         3348    i.eMBFuncReportSlaveID  mbfuncother.o
    0x08003f00   0x00000056   Code   RO         3236    i.eMBFuncWriteCoil  mbfunccoils.o
    0x08003f56   0x00000032   Code   RO         3292    i.eMBFuncWriteHoldingRegister  mbfuncholding.o
    0x08003f88   0x00000064   Code   RO         3237    i.eMBFuncWriteMultipleCoils  mbfunccoils.o
    0x08003fec   0x00000050   Code   RO         3293    i.eMBFuncWriteMultipleHoldingRegister  mbfuncholding.o
    0x0800403c   0x000000cc   Code   RO         3072    i.eMBInit           mb.o
    0x08004108   0x000000bc   Code   RO         3073    i.eMBPoll           mb.o
    0x080041c4   0x0000003c   Code   RO         3431    i.eMBRTUInit        mbrtu.o
    0x08004200   0x0000004c   Code   RO         3432    i.eMBRTUReceive     mbrtu.o
    0x0800424c   0x00000058   Code   RO         3433    i.eMBRTUSend        mbrtu.o
    0x080042a4   0x0000001c   Code   RO         3434    i.eMBRTUStart       mbrtu.o
    0x080042c0   0x00000010   Code   RO         3435    i.eMBRTUStop        mbrtu.o
    0x080042d0   0x000000b0   Code   RO          183    i.eMBRegCoilsCB     main.o
    0x08004380   0x00000064   Code   RO          184    i.eMBRegDiscreteCB  main.o
    0x080043e4   0x00000094   Code   RO          185    i.eMBRegHoldingCB   main.o
    0x08004478   0x00000058   Code   RO          186    i.eMBRegInputCB     main.o
    0x080044d0   0x000000e8   Code   RO          187    i.main              main.o
    0x080045b8   0x00000018   Code   RO         3377    i.prveMBError2Exception  mbutils.o
    0x080045d0   0x0000001c   Code   RO         3163    i.prvucMBBIN2CHAR   mbascii.o
    0x080045ec   0x0000001c   Code   RO         3164    i.prvucMBLRC        mbascii.o
    0x08004608   0x0000000c   Code   RO         3600    i.prvvTIMERExpiredISR  porttimer.o
    0x08004614   0x0000000c   Code   RO         3549    i.prvvUARTRxISR     portserial.o
    0x08004620   0x0000000c   Code   RO         3550    i.prvvUARTTxReadyISR  portserial.o
    0x0800462c   0x00000030   Code   RO         3409    i.usMBCRC16         mbcrc.o
    0x0800465c   0x00000030   Code   RO         3551    i.vMBPortSerialEnable  portserial.o
    0x0800468c   0x00000038   Code   RO         3627    i.vMBPortTimersDisable  porttimer.o
    0x080046c4   0x00000028   Code   RO         3621    i.vMBPortTimersEnable  porttimer.o
    0x080046ec   0x000000e8   Code   RO         3165    i.xMBASCIIReceiveFSM  mbascii.o
    0x080047d4   0x00000030   Code   RO         3166    i.xMBASCIITimerT1SExpired  mbascii.o
    0x08004804   0x000000b4   Code   RO         3167    i.xMBASCIITransmitFSM  mbascii.o
    0x080048b8   0x0000001c   Code   RO         3515    i.xMBPortEventGet   portevent.o
    0x080048d4   0x00000010   Code   RO         3516    i.xMBPortEventInit  portevent.o
    0x080048e4   0x00000010   Code   RO         3517    i.xMBPortEventPost  portevent.o
    0x080048f4   0x00000020   Code   RO         3552    i.xMBPortSerialGetByte  portserial.o
    0x08004914   0x00000004   Code   RO         3553    i.xMBPortSerialInit  portserial.o
    0x08004918   0x00000020   Code   RO         3554    i.xMBPortSerialPutByte  portserial.o
    0x08004938   0x00000004   Code   RO         3601    i.xMBPortTimersInit  porttimer.o
    0x0800493c   0x00000088   Code   RO         3436    i.xMBRTUReceiveFSM  mbrtu.o
    0x080049c4   0x00000044   Code   RO         3437    i.xMBRTUTimerT35Expired  mbrtu.o
    0x08004a08   0x00000060   Code   RO         3438    i.xMBRTUTransmitFSM  mbrtu.o
    0x08004a68   0x00000020   Code   RO         3378    i.xMBUtilGetBits    mbutils.o
    0x08004a88   0x00000030   Code   RO         3379    i.xMBUtilSetBits    mbutils.o
    0x08004ab8   0x00000019   Data   RO         2302    .constdata          stm32l0xx_hal_rcc.o
    0x08004ad1   0x00000200   Data   RO         3410    .constdata          mbcrc.o
    0x08004cd1   0x00000003   PAD
    0x08004cd4   0x00000042   Data   RO         3644    .constdata          apc240.o
    0x08004d16   0x00000002   PAD
    0x08004d18   0x00000020   Data   RO         4124    Region$$Table       anon$$obj.o


    Execution Region RW_IRAM1 (Base: 0x20000000, Size: 0x00001550, Max: 0x00002000, ABSOLUTE)

    Base Addr    Size         Type   Attr      Idx    E Section Name        Object

    0x20000000   0x00000024   Data   RW          190    .data               main.o
    0x20000024   0x00000004   Data   RW         2460    .data               stm32l0xx_hal.o
    0x20000028   0x00000004   Data   RW         3039    .data               system_stm32l0xx.o
    0x2000002c   0x000000ac   Data   RW         3075    .data               mb.o
    0x200000d8   0x00000010   Data   RW         3168    .data               mbascii.o
    0x200000e8   0x00000002   Data   RW         3351    .data               mbfuncother.o
    0x200000ea   0x00000002   PAD
    0x200000ec   0x0000000c   Data   RW         3440    .data               mbrtu.o
    0x200000f8   0x00000002   Data   RW         3518    .data               portevent.o
    0x200000fa   0x00000002   PAD
    0x200000fc   0x00000258   Zero   RW          188    .bss                main.o
    0x20000354   0x0000003c   Zero   RW          189    .bss                main.o
    0x20000390   0x00000018   Zero   RW         2148    .bss                stm32l0xx_hal_flash.o
    0x200003a8   0x00000020   Zero   RW         3350    .bss                mbfuncother.o
    0x200003c8   0x00000100   Zero   RW         3439    .bss                mbrtu.o
    0x200004c8   0x00000084   Zero   RW         3643    .bss                apc240.o
    0x2000054c   0x00000004   PAD
    0x20000550   0x00001000   Zero   RW            1    STACK               startup_stm32l051xx.o


==============================================================================

Image component sizes


      Code (inc. data)   RO Data    RW Data    ZI Data      Debug   Object Name

       296         52         66          0        132       2616   apc240.o
        32          0          0          0          0        765   led.o
      2088        258          0         36        660      16614   main.o
       492         80          0        172          0       5564   mb.o
       782         52          0         16          0       7655   mbascii.o
        48          6        512          0          0       1152   mbcrc.o
       302          8          0          0          0       3602   mbfunccoils.o
       116          6          0          0          0       1492   mbfuncdisc.o
       376          0          0          0          0       4987   mbfuncholding.o
        94          0          0          0          0       1491   mbfuncinput.o
        36         10          0          2         32       1287   mbfuncother.o
       568         60          0         12        256       5979   mbrtu.o
       104          0          0          0          0       2434   mbutils.o
        60         14          0          2          0       1992   portevent.o
       140         30          0          0          0       3456   portserial.o
       112         20          0          0          0       1763   porttimer.o
      1054         82          0          0          0       4099   rtu.o
        32         10        192          0       4096        760   startup_stm32l051xx.o
       148         26          0          4          0       4281   stm32l0xx_hal.o
      1106         56          0          0          0       7577   stm32l0xx_hal_adc.o
       260         14          0          0          0       2636   stm32l0xx_hal_adc_ex.o
       234         48          0          0          0      12733   stm32l0xx_hal_cortex.o
      1032         64          0          0          0       3847   stm32l0xx_hal_dma.o
       252         16          0          0         24       4101   stm32l0xx_hal_flash.o
       140         26          0          0          0       1971   stm32l0xx_hal_flash_ex.o
       398         34          0          0          0       3506   stm32l0xx_hal_gpio.o
       336         50          0          0          0     212473   stm32l0xx_hal_msp.o
        82         14          0          0          0       1595   stm32l0xx_hal_pwr.o
        16          4          0          0          0        492   stm32l0xx_hal_pwr_ex.o
      2038         90         25          0          0       7304   stm32l0xx_hal_rcc.o
       312         16          0          0          0       1392   stm32l0xx_hal_rcc_ex.o
      1422         14          0          0          0      14706   stm32l0xx_hal_tim.o
        76          0          0          0          0       1160   stm32l0xx_hal_tim_ex.o
      2328         82          0          0          0      11607   stm32l0xx_hal_uart.o
         2          0          0          0          0        912   stm32l0xx_hal_uart_ex.o
       172         16          0          0          0       4448   stm32l0xx_it.o
        84         18          0          4          0       1297   system_stm32l0xx.o

    ----------------------------------------------------------------------
     17194       1276        832        252       5204     365746   Object Totals
         0          0         32          0          0          0   (incl. Generated)
        24          0          5          4          4          0   (incl. Padding)

    ----------------------------------------------------------------------

      Code (inc. data)   RO Data    RW Data    ZI Data      Debug   Library Member Name

         0          0          0          0          0          0   entry.o
         0          0          0          0          0          0   entry10a.o
         0          0          0          0          0          0   entry11a.o
         8          4          0          0          0          0   entry2.o
         4          0          0          0          0          0   entry5.o
         0          0          0          0          0          0   entry7b.o
         0          0          0          0          0          0   entry8b.o
         8          4          0          0          0          0   entry9a.o
        30          0          0          0          0          0   handlers.o
        36          8          0          0          0         68   init.o
         0          0          0          0          0          0   iusefp.o
        32          0          0          0          0         68   llshl.o
        34          0          0          0          0         68   llushr.o
        36          0          0          0          0         60   memcpya.o
        36          0          0          0          0        100   memseta.o
       402         10          0          0          0        228   printf1.o
        44          0          0          0          0         72   uidiv.o
       240          6          0          0          0         84   ddiv.o
       236          0          0          0          0        216   depilogue.o
        60         10          0          0          0         68   dfixui.o
        28          4          0          0          0         68   dfltui.o
        44          0          0          0          0         72   dscalb.o
       124          0          0          0          0         72   fdiv.o
       130          0          0          0          0        144   fepilogue.o
        40          0          0          0          0         60   ffixui.o
        14          0          0          0          0         68   ffltui.o
       122          0          0          0          0         72   fmul.o
        24          0          0          0          0         60   fscalb.o

    ----------------------------------------------------------------------
      1742         46          0          0          0       1648   Library Totals
        10          0          0          0          0          0   (incl. Padding)

    ----------------------------------------------------------------------

      Code (inc. data)   RO Data    RW Data    ZI Data      Debug   Library Name

       670         26          0          0          0        664   mc_p.l
      1062         20          0          0          0        984   mf_p.l

    ----------------------------------------------------------------------
      1742         46          0          0          0       1648   Library Totals

    ----------------------------------------------------------------------

==============================================================================


      Code (inc. data)   RO Data    RW Data    ZI Data      Debug   

     18936       1322        832        252       5204     358746   Grand Totals
     18936       1322        832        252       5204     358746   ELF Image Totals
     18936       1322        832        252          0          0   ROM Totals

==============================================================================

    Total RO  Size (Code + RO Data)                19768 (  19.30kB)
    Total RW  Size (RW Data + ZI Data)              5456 (   5.33kB)
    Total ROM Size (Code + RO Data + RW Data)      20020 (  19.55kB)

==============================================================================

