Component: ARM Compiler 5.05 update 1 (build 106) Tool: armlink [4d0efa]

==============================================================================

Section Cross References

    startup_stm32l051xx_1.o(RESET) refers to startup_stm32l051xx_1.o(STACK) for __initial_sp
    startup_stm32l051xx_1.o(RESET) refers to startup_stm32l051xx_1.o(.text) for Reset_Handler
    startup_stm32l051xx_1.o(RESET) refers to stm32l0xx_it.o(i.SysTick_Handler) for SysTick_Handler
    startup_stm32l051xx_1.o(RESET) refers to stm32l0xx_it.o(i.PVD_IRQHandler) for PVD_IRQHandler
    startup_stm32l051xx_1.o(RESET) refers to stm32l0xx_it.o(i.EXTI0_1_IRQHandler) for EXTI0_1_IRQHandler
    startup_stm32l051xx_1.o(RESET) refers to stm32l0xx_it.o(i.EXTI4_15_IRQHandler) for EXTI4_15_IRQHandler
    startup_stm32l051xx_1.o(RESET) refers to stm32l0xx_it.o(i.DMA1_Channel1_IRQHandler) for DMA1_Channel1_IRQHandler
    startup_stm32l051xx_1.o(RESET) refers to stm32l0xx_it.o(i.DMA1_Channel2_3_IRQHandler) for DMA1_Channel2_3_IRQHandler
    startup_stm32l051xx_1.o(RESET) refers to stm32l0xx_it.o(i.LPUART1_IRQHandler) for LPUART1_IRQHandler
    startup_stm32l051xx_1.o(.text) refers to system_stm32l0xx.o(i.SystemInit) for SystemInit
    startup_stm32l051xx_1.o(.text) refers to entry.o(.ARM.Collect$$$$00000000) for __main
    stm32l0xx_hal_msp.o(i.HAL_ADC_MspDeInit) refers to stm32l0xx_hal_gpio.o(i.HAL_GPIO_DeInit) for HAL_GPIO_DeInit
    stm32l0xx_hal_msp.o(i.HAL_ADC_MspDeInit) refers to stm32l0xx_hal_dma.o(i.HAL_DMA_DeInit) for HAL_DMA_DeInit
    stm32l0xx_hal_msp.o(i.HAL_ADC_MspInit) refers to stm32l0xx_hal_gpio.o(i.HAL_GPIO_Init) for HAL_GPIO_Init
    stm32l0xx_hal_msp.o(i.HAL_ADC_MspInit) refers to stm32l0xx_hal_dma.o(i.HAL_DMA_Init) for HAL_DMA_Init
    stm32l0xx_hal_msp.o(i.HAL_ADC_MspInit) refers to main.o(.bss) for hdma_adc
    stm32l0xx_hal_msp.o(i.HAL_MspInit) refers to stm32l0xx_hal_cortex.o(i.HAL_NVIC_SetPriority) for HAL_NVIC_SetPriority
    stm32l0xx_hal_msp.o(i.HAL_MspInit) refers to stm32l0xx_hal_cortex.o(i.HAL_NVIC_EnableIRQ) for HAL_NVIC_EnableIRQ
    stm32l0xx_hal_msp.o(i.HAL_UART_MspDeInit) refers to stm32l0xx_hal_gpio.o(i.HAL_GPIO_DeInit) for HAL_GPIO_DeInit
    stm32l0xx_hal_msp.o(i.HAL_UART_MspDeInit) refers to stm32l0xx_hal_dma.o(i.HAL_DMA_DeInit) for HAL_DMA_DeInit
    stm32l0xx_hal_msp.o(i.HAL_UART_MspDeInit) refers to stm32l0xx_hal_cortex.o(i.HAL_NVIC_DisableIRQ) for HAL_NVIC_DisableIRQ
    stm32l0xx_hal_msp.o(i.HAL_UART_MspInit) refers to stm32l0xx_hal_gpio.o(i.HAL_GPIO_Init) for HAL_GPIO_Init
    stm32l0xx_hal_msp.o(i.HAL_UART_MspInit) refers to stm32l0xx_hal_dma.o(i.HAL_DMA_Init) for HAL_DMA_Init
    stm32l0xx_hal_msp.o(i.HAL_UART_MspInit) refers to stm32l0xx_hal_cortex.o(i.HAL_NVIC_SetPriority) for HAL_NVIC_SetPriority
    stm32l0xx_hal_msp.o(i.HAL_UART_MspInit) refers to stm32l0xx_hal_cortex.o(i.HAL_NVIC_EnableIRQ) for HAL_NVIC_EnableIRQ
    stm32l0xx_hal_msp.o(i.HAL_UART_MspInit) refers to main.o(.bss) for hdma_lpuart1_rx
    main.o(i.HAL_GPIO_EXTI_Callback) refers to stm32l0xx_hal.o(i.HAL_Delay) for HAL_Delay
    main.o(i.HAL_GPIO_EXTI_Callback) refers to stm32l0xx_hal_gpio.o(i.HAL_GPIO_ReadPin) for HAL_GPIO_ReadPin
    main.o(i.HAL_GPIO_EXTI_Callback) refers to apc240.o(i.Apc240SetFre) for Apc240SetFre
    main.o(i.HAL_GPIO_EXTI_Callback) refers to led.o(i.LedOff) for LedOff
    main.o(i.HAL_GPIO_EXTI_Callback) refers to mbcrc.o(i.usMBCRC16) for usMBCRC16
    main.o(i.HAL_GPIO_EXTI_Callback) refers to apc240.o(i.Apc240ModeSet) for Apc240ModeSet
    main.o(i.HAL_GPIO_EXTI_Callback) refers to apc240.o(i.Apc240Send) for Apc240Send
    main.o(i.HAL_GPIO_EXTI_Callback) refers to main.o(i.UpdateInputReg) for UpdateInputReg
    main.o(i.HAL_GPIO_EXTI_Callback) refers to led.o(i.LedOn) for LedOn
    main.o(i.HAL_GPIO_EXTI_Callback) refers to apc240.o(.bss) for rtu
    main.o(i.HAL_GPIO_EXTI_Callback) refers to main.o(.bss) for .bss
    main.o(i.InitInputReg) refers to apc240.o(.bss) for rtu
    main.o(i.InitInputReg) refers to main.o(.bss) for .bss
    main.o(i.MX_ADC_Init) refers to stm32l0xx_hal_adc.o(i.HAL_ADC_Init) for HAL_ADC_Init
    main.o(i.MX_ADC_Init) refers to stm32l0xx_hal_adc.o(i.HAL_ADC_ConfigChannel) for HAL_ADC_ConfigChannel
    main.o(i.MX_ADC_Init) refers to main.o(.bss) for .bss
    main.o(i.MX_DMA_Init) refers to stm32l0xx_hal_cortex.o(i.HAL_NVIC_SetPriority) for HAL_NVIC_SetPriority
    main.o(i.MX_DMA_Init) refers to stm32l0xx_hal_cortex.o(i.HAL_NVIC_EnableIRQ) for HAL_NVIC_EnableIRQ
    main.o(i.MX_GPIO_Init) refers to stm32l0xx_hal_gpio.o(i.HAL_GPIO_WritePin) for HAL_GPIO_WritePin
    main.o(i.MX_GPIO_Init) refers to stm32l0xx_hal_gpio.o(i.HAL_GPIO_Init) for HAL_GPIO_Init
    main.o(i.MX_GPIO_Init) refers to stm32l0xx_hal_cortex.o(i.HAL_NVIC_SetPriority) for HAL_NVIC_SetPriority
    main.o(i.MX_GPIO_Init) refers to stm32l0xx_hal_cortex.o(i.HAL_NVIC_EnableIRQ) for HAL_NVIC_EnableIRQ
    main.o(i.MX_LPUART1_UART_Init) refers to stm32l0xx_hal_uart.o(i.HAL_UART_Init) for HAL_UART_Init
[...]
    Removing stm32l0xx_hal_pwr.o(i.HAL_PWR_DisableBkUpAccess), (16 bytes).
    Removing stm32l0xx_hal_pwr.o(i.HAL_PWR_DisablePVD), (16 bytes).
    Removing stm32l0xx_hal_pwr.o(i.HAL_PWR_DisableSEVOnPend), (16 bytes).
    Removing stm32l0xx_hal_pwr.o(i.HAL_PWR_DisableSleepOnExit), (16 bytes).
    Removing stm32l0xx_hal_pwr.o(i.HAL_PWR_DisableWakeUpPin), (16 bytes).
    Removing stm32l0xx_hal_pwr.o(i.HAL_PWR_EnableBkUpAccess), (16 bytes).
    Removing stm32l0xx_hal_pwr.o(i.HAL_PWR_EnablePVD), (16 bytes).
    Removing stm32l0xx_hal_pwr.o(i.HAL_PWR_EnableSEVOnPend), (16 bytes).
    Removing stm32l0xx_hal_pwr.o(i.HAL_PWR_EnableSleepOnExit), (16 bytes).
    Removing stm32l0xx_hal_pwr.o(i.HAL_PWR_EnableWakeUpPin), (16 bytes).
    Removing stm32l0xx_hal_pwr.o(i.HAL_PWR_EnterSLEEPMode), (48 bytes).
    Removing stm32l0xx_hal_pwr.o(i.HAL_PWR_EnterSTANDBYMode), (32 bytes).
    Removing stm32l0xx_hal_adc.o(.rev16_text), (4 bytes).
    Removing stm32l0xx_hal_adc.o(.revsh_text), (4 bytes).
    Removing stm32l0xx_hal_adc.o(i.HAL_ADC_AnalogWDGConfig), (164 bytes).
    Removing stm32l0xx_hal_adc.o(i.HAL_ADC_DeInit), (184 bytes).
    Removing stm32l0xx_hal_adc.o(i.HAL_ADC_GetError), (4 bytes).
    Removing stm32l0xx_hal_adc.o(i.HAL_ADC_GetState), (4 bytes).
    Removing stm32l0xx_hal_adc.o(i.HAL_ADC_GetValue), (6 bytes).
    Removing stm32l0xx_hal_adc.o(i.HAL_ADC_IRQHandler), (208 bytes).
    Removing stm32l0xx_hal_adc.o(i.HAL_ADC_LevelOutOfWindowCallback), (2 bytes).
    Removing stm32l0xx_hal_adc.o(i.HAL_ADC_MspDeInit), (2 bytes).
    Removing stm32l0xx_hal_adc.o(i.HAL_ADC_MspInit), (2 bytes).
    Removing stm32l0xx_hal_adc.o(i.HAL_ADC_PollForConversion), (196 bytes).
    Removing stm32l0xx_hal_adc.o(i.HAL_ADC_PollForEvent), (128 bytes).
    Removing stm32l0xx_hal_adc.o(i.HAL_ADC_Start), (96 bytes).
    Removing stm32l0xx_hal_adc.o(i.HAL_ADC_Start_IT), (128 bytes).
    Removing stm32l0xx_hal_adc.o(i.HAL_ADC_Stop), (62 bytes).
    Removing stm32l0xx_hal_adc.o(i.HAL_ADC_Stop_IT), (72 bytes).
    Removing stm32l0xx_hal_tim_ex.o(.rev16_text), (4 bytes).
    Removing stm32l0xx_hal_tim_ex.o(.revsh_text), (4 bytes).
    Removing stm32l0xx_hal_flash_ex.o(.rev16_text), (4 bytes).
    Removing stm32l0xx_hal_flash_ex.o(.revsh_text), (4 bytes).
    Removing stm32l0xx_hal_flash_ex.o(i.FLASH_OB_BOOTBit1Config), (60 bytes).
    Removing stm32l0xx_hal_flash_ex.o(i.FLASH_OB_BORConfig), (64 bytes).
    Removing stm32l0xx_hal_flash_ex.o(i.FLASH_OB_GetBOOTBit1), (12 bytes).
    Removing stm32l0xx_hal_flash_ex.o(i.FLASH_OB_GetBOR), (16 bytes).
    Removing stm32l0xx_hal_flash_ex.o(i.FLASH_OB_GetRDP), (12 bytes).
    Removing stm32l0xx_hal_flash_ex.o(i.FLASH_OB_GetUser), (16 bytes).
    Removing stm32l0xx_hal_flash_ex.o(i.FLASH_OB_GetWRP), (12 bytes).
    Removing stm32l0xx_hal_flash_ex.o(i.FLASH_OB_PCROPSelectionConfig), (56 bytes).
    Removing stm32l0xx_hal_flash_ex.o(i.FLASH_OB_ProtectedSectorsConfig), (88 bytes).
    Removing stm32l0xx_hal_flash_ex.o(i.FLASH_OB_RDPConfig), (60 bytes).
    Removing stm32l0xx_hal_flash_ex.o(i.FLASH_OB_UserConfig), (68 bytes).
    Removing stm32l0xx_hal_flash_ex.o(i.HAL_FLASHEx_AdvOBGetConfig), (24 bytes).
    Removing stm32l0xx_hal_flash_ex.o(i.HAL_FLASHEx_AdvOBProgram), (24 bytes).
    Removing stm32l0xx_hal_flash_ex.o(i.HAL_FLASHEx_DATAEEPROM_DisableFixedTimeProgram), (16 bytes).
    Removing stm32l0xx_hal_flash_ex.o(i.HAL_FLASHEx_DATAEEPROM_EnableFixedTimeProgram), (16 bytes).
    Removing stm32l0xx_hal_flash_ex.o(i.HAL_FLASHEx_DATAEEPROM_Erase), (40 bytes).
    Removing stm32l0xx_hal_flash_ex.o(i.HAL_FLASHEx_Erase), (132 bytes).
    Removing stm32l0xx_hal_flash_ex.o(i.HAL_FLASHEx_Erase_IT), (92 bytes).
    Removing stm32l0xx_hal_flash_ex.o(i.HAL_FLASHEx_OBGetConfig), (40 bytes).
    Removing stm32l0xx_hal_flash_ex.o(i.HAL_FLASHEx_OBProgram), (136 bytes).
    Removing stm32l0xx_hal_flash_ex.o(i.HAL_FLASHEx_OB_DeSelectPCROP), (10 bytes).
    Removing stm32l0xx_hal_flash_ex.o(i.HAL_FLASHEx_OB_SelectPCROP), (10 bytes).
    Removing stm32l0xx_hal_tim.o(.rev16_text), (4 bytes).
    Removing stm32l0xx_hal_tim.o(.revsh_text), (4 bytes).
    Removing stm32l0xx_hal_adc_ex.o(.rev16_text), (4 bytes).
    Removing stm32l0xx_hal_adc_ex.o(.revsh_text), (4 bytes).
    Removing stm32l0xx_hal_adc_ex.o(i.HAL_ADCEx_Calibration_GetValue), (12 bytes).
    Removing stm32l0xx_hal_adc_ex.o(i.HAL_ADCEx_Calibration_SetValue), (98 bytes).
    Removing stm32l0xx_hal_adc_ex.o(i.HAL_ADCEx_DisableVREFINT), (20 bytes).
    Removing stm32l0xx_hal_adc_ex.o(i.HAL_ADCEx_DisableVREFINTTempSensor), (20 bytes).
    Removing stm32l0xx_hal_adc_ex.o(i.HAL_ADCEx_EnableVREFINTTempSensor), (56 bytes).
    Removing stm32l0xx_hal_flash.o(.rev16_text), (4 bytes).
    Removing stm32l0xx_hal_flash.o(.revsh_text), (4 bytes).
    Removing stm32l0xx_hal_flash.o(i.FLASH_ErasePage), (40 bytes).
    Removing stm32l0xx_hal_flash.o(i.FLASH_Program_Word), (16 bytes).
    Removing stm32l0xx_hal_flash.o(i.HAL_FLASH_EndOfOperationCallback), (2 bytes).
    Removing stm32l0xx_hal_flash.o(i.HAL_FLASH_GetError), (12 bytes).
    Removing stm32l0xx_hal_flash.o(i.HAL_FLASH_IRQHandler), (204 bytes).
    Removing stm32l0xx_hal_flash.o(i.HAL_FLASH_Lock), (20 bytes).
    Removing stm32l0xx_hal_flash.o(i.HAL_FLASH_OB_Launch), (40 bytes).
    Removing stm32l0xx_hal_flash.o(i.HAL_FLASH_OB_Lock), (20 bytes).
    Removing stm32l0xx_hal_flash.o(i.HAL_FLASH_OB_Unlock), (60 bytes).
    Removing stm32l0xx_hal_flash.o(i.HAL_FLASH_OperationErrorCallback), (2 bytes).
    Removing stm32l0xx_hal_flash.o(i.HAL_FLASH_Program), (64 bytes).
    Removing stm32l0xx_hal_flash.o(i.HAL_FLASH_Program_IT), (96 bytes).
    Removing stm32l0xx_hal_flash.o(i.HAL_FLASH_Unlock), (60 bytes).
    Removing stm32l0xx_hal_flash_ramfunc.o(.rev16_text), (4 bytes).
    Removing stm32l0xx_hal_flash_ramfunc.o(.revsh_text), (4 bytes).
    Removing stm32l0xx_hal_flash_ramfunc.o(i.FLASHRAM_SetErrorCode), (124 bytes).
    Removing stm32l0xx_hal_flash_ramfunc.o(i.FLASHRAM_WaitForLastOperation), (100 bytes).
    Removing stm32l0xx_hal_flash_ramfunc.o(i.HAL_FLASHEx_DisableRunPowerDown), (36 bytes).
    Removing stm32l0xx_hal_flash_ramfunc.o(i.HAL_FLASHEx_EnableRunPowerDown), (36 bytes).
    Removing stm32l0xx_hal_flash_ramfunc.o(i.HAL_FLASHEx_HalfPageProgram), (84 bytes).
    Removing stm32l0xx_hal_flash_ramfunc.o(i.HAL_FLASHRAM_GetError), (16 bytes).
    Removing stm32l0xx_hal_rcc.o(.rev16_text), (4 bytes).
    Removing stm32l0xx_hal_rcc.o(.revsh_text), (4 bytes).
    Removing stm32l0xx_hal_rcc.o(i.HAL_RCC_CSSCallback), (2 bytes).
    Removing stm32l0xx_hal_rcc.o(i.HAL_RCC_DeInit), (2 bytes).
    Removing stm32l0xx_hal_rcc.o(i.HAL_RCC_EnableCSS), (20 bytes).
    Removing stm32l0xx_hal_rcc.o(i.HAL_RCC_GetClockConfig), (68 bytes).
    Removing stm32l0xx_hal_rcc.o(i.HAL_RCC_GetOscConfig), (184 bytes).
    Removing stm32l0xx_hal_rcc.o(i.HAL_RCC_MCOConfig), (124 bytes).
    Removing stm32l0xx_hal_rcc.o(i.HAL_RCC_NMI_IRQHandler), (24 bytes).
    Removing stm32l0xx_hal_i2c_ex.o(.rev16_text), (4 bytes).
    Removing stm32l0xx_hal_i2c_ex.o(.revsh_text), (4 bytes).
    Removing stm32l0xx_hal_i2c_ex.o(i.HAL_I2CEx_ConfigAnalogFilter), (106 bytes).
    Removing stm32l0xx_hal_i2c_ex.o(i.HAL_I2CEx_ConfigDigitalFilter), (104 bytes).
    Removing stm32l0xx_hal_i2c_ex.o(i.HAL_I2CEx_DisableFastModePlus), (28 bytes).
    Removing stm32l0xx_hal_i2c_ex.o(i.HAL_I2CEx_DisableWakeUp), (98 bytes).
    Removing stm32l0xx_hal_i2c_ex.o(i.HAL_I2CEx_EnableFastModePlus), (28 bytes).
    Removing stm32l0xx_hal_i2c_ex.o(i.HAL_I2CEx_EnableWakeUp), (98 bytes).
    Removing stm32l0xx_hal.o(.rev16_text), (4 bytes).
    Removing stm32l0xx_hal.o(.revsh_text), (4 bytes).
    Removing stm32l0xx_hal.o(i.HAL_DBGMCU_DBG_DisableLowPowerConfig), (16 bytes).
    Removing stm32l0xx_hal.o(i.HAL_DBGMCU_DBG_EnableLowPowerConfig), (16 bytes).
    Removing stm32l0xx_hal.o(i.HAL_DBGMCU_DisableDBGSleepMode), (16 bytes).
    Removing stm32l0xx_hal.o(i.HAL_DBGMCU_DisableDBGStandbyMode), (16 bytes).
    Removing stm32l0xx_hal.o(i.HAL_DBGMCU_DisableDBGStopMode), (16 bytes).
    Removing stm32l0xx_hal.o(i.HAL_DBGMCU_EnableDBGSleepMode), (16 bytes).
    Removing stm32l0xx_hal.o(i.HAL_DBGMCU_EnableDBGStandbyMode), (16 bytes).
    Removing stm32l0xx_hal.o(i.HAL_DBGMCU_EnableDBGStopMode), (16 bytes).
    Removing stm32l0xx_hal.o(i.HAL_DeInit), (40 bytes).
    Removing stm32l0xx_hal.o(i.HAL_GetDEVID), (16 bytes).
    Removing stm32l0xx_hal.o(i.HAL_GetHalVersion), (8 bytes).
    Removing stm32l0xx_hal.o(i.HAL_GetREVID), (12 bytes).
    Removing stm32l0xx_hal.o(i.HAL_MspDeInit), (2 bytes).
    Removing stm32l0xx_hal.o(i.HAL_MspInit), (2 bytes).
    Removing stm32l0xx_hal.o(i.HAL_SYSCFG_DisableVREFINT), (16 bytes).
    Removing stm32l0xx_hal.o(i.HAL_SYSCFG_Disable_Lock_VREFINT), (16 bytes).
    Removing stm32l0xx_hal.o(i.HAL_SYSCFG_EnableVREFINT), (16 bytes).
    Removing stm32l0xx_hal.o(i.HAL_SYSCFG_Enable_Lock_VREFINT), (16 bytes).
    Removing stm32l0xx_hal.o(i.HAL_SYSCFG_GetBootMode), (16 bytes).
    Removing stm32l0xx_hal.o(i.HAL_SYSCFG_VREFINT_OutputSelect), (24 bytes).
    Removing stm32l0xx_hal_i2c.o(.rev16_text), (4 bytes).
    Removing stm32l0xx_hal_i2c.o(.revsh_text), (4 bytes).
    Removing stm32l0xx_hal_i2c.o(i.HAL_I2C_DeInit), (46 bytes).
    Removing stm32l0xx_hal_i2c.o(i.HAL_I2C_ER_IRQHandler), (110 bytes).
    Removing stm32l0xx_hal_i2c.o(i.HAL_I2C_EV_IRQHandler), (290 bytes).
    Removing stm32l0xx_hal_i2c.o(i.HAL_I2C_ErrorCallback), (2 bytes).
    Removing stm32l0xx_hal_i2c.o(i.HAL_I2C_GetError), (4 bytes).
    Removing stm32l0xx_hal_i2c.o(i.HAL_I2C_GetState), (6 bytes).
    Removing stm32l0xx_hal_i2c.o(i.HAL_I2C_Init), (176 bytes).
    Removing stm32l0xx_hal_i2c.o(i.HAL_I2C_IsDeviceReady), (336 bytes).
    Removing stm32l0xx_hal_i2c.o(i.HAL_I2C_MasterRxCpltCallback), (2 bytes).
    Removing stm32l0xx_hal_i2c.o(i.HAL_I2C_MasterTxCpltCallback), (2 bytes).
    Removing stm32l0xx_hal_i2c.o(i.HAL_I2C_Master_Receive), (324 bytes).
    Removing stm32l0xx_hal_i2c.o(i.HAL_I2C_Master_Receive_DMA), (216 bytes).
    Removing stm32l0xx_hal_i2c.o(i.HAL_I2C_Master_Receive_IT), (144 bytes).
    Removing stm32l0xx_hal_i2c.o(i.HAL_I2C_Master_Transmit), (324 bytes).
    Removing stm32l0xx_hal_i2c.o(i.HAL_I2C_Master_Transmit_DMA), (228 bytes).
    Removing stm32l0xx_hal_i2c.o(i.HAL_I2C_Master_Transmit_IT), (144 bytes).
    Removing stm32l0xx_hal_i2c.o(i.HAL_I2C_MemRxCpltCallback), (2 bytes).
    Removing stm32l0xx_hal_i2c.o(i.HAL_I2C_MemTxCpltCallback), (2 bytes).
    Removing stm32l0xx_hal_i2c.o(i.HAL_I2C_Mem_Read), (352 bytes).
    Removing stm32l0xx_hal_i2c.o(i.HAL_I2C_Mem_Read_DMA), (264 bytes).
    Removing stm32l0xx_hal_i2c.o(i.HAL_I2C_Mem_Read_IT), (186 bytes).
    Removing stm32l0xx_hal_i2c.o(i.HAL_I2C_Mem_Write), (360 bytes).
    Removing stm32l0xx_hal_i2c.o(i.HAL_I2C_Mem_Write_DMA), (268 bytes).
    Removing stm32l0xx_hal_i2c.o(i.HAL_I2C_Mem_Write_IT), (184 bytes).
    Removing stm32l0xx_hal_i2c.o(i.HAL_I2C_MspDeInit), (2 bytes).
    Removing stm32l0xx_hal_i2c.o(i.HAL_I2C_MspInit), (2 bytes).
    Removing stm32l0xx_hal_i2c.o(i.HAL_I2C_SlaveRxCpltCallback), (2 bytes).
    Removing stm32l0xx_hal_i2c.o(i.HAL_I2C_SlaveTxCpltCallback), (2 bytes).
    Removing stm32l0xx_hal_i2c.o(i.HAL_I2C_Slave_Receive), (322 bytes).
    Removing stm32l0xx_hal_i2c.o(i.HAL_I2C_Slave_Receive_DMA), (188 bytes).
    Removing stm32l0xx_hal_i2c.o(i.HAL_I2C_Slave_Receive_IT), (92 bytes).
    Removing stm32l0xx_hal_i2c.o(i.HAL_I2C_Slave_Transmit), (354 bytes).
    Removing stm32l0xx_hal_i2c.o(i.HAL_I2C_Slave_Transmit_DMA), (228 bytes).
    Removing stm32l0xx_hal_i2c.o(i.HAL_I2C_Slave_Transmit_IT), (92 bytes).
    Removing stm32l0xx_hal_i2c.o(i.I2C_DMAError), (40 bytes).
    Removing stm32l0xx_hal_i2c.o(i.I2C_DMAMasterReceiveCplt), (432 bytes).
    Removing stm32l0xx_hal_i2c.o(i.I2C_DMAMasterTransmitCplt), (416 bytes).
    Removing stm32l0xx_hal_i2c.o(i.I2C_DMAMemReceiveCplt), (432 bytes).
    Removing stm32l0xx_hal_i2c.o(i.I2C_DMAMemTransmitCplt), (416 bytes).
    Removing stm32l0xx_hal_i2c.o(i.I2C_DMASlaveReceiveCplt), (116 bytes).
    Removing stm32l0xx_hal_i2c.o(i.I2C_DMASlaveTransmitCplt), (104 bytes).
    Removing stm32l0xx_hal_i2c.o(i.I2C_IsAcknowledgeFailed), (172 bytes).
    Removing stm32l0xx_hal_i2c.o(i.I2C_MasterReceive_ISR), (332 bytes).
    Removing stm32l0xx_hal_i2c.o(i.I2C_MasterTransmit_ISR), (344 bytes).
    Removing stm32l0xx_hal_i2c.o(i.I2C_RequestMemoryRead), (126 bytes).
    Removing stm32l0xx_hal_i2c.o(i.I2C_RequestMemoryWrite), (126 bytes).
    Removing stm32l0xx_hal_i2c.o(i.I2C_SlaveReceive_ISR), (148 bytes).
    Removing stm32l0xx_hal_i2c.o(i.I2C_SlaveTransmit_ISR), (160 bytes).
    Removing stm32l0xx_hal_i2c.o(i.I2C_TransferConfig), (36 bytes).
    Removing stm32l0xx_hal_i2c.o(i.I2C_WaitOnFlagUntilTimeout), (146 bytes).
    Removing stm32l0xx_hal_i2c.o(i.I2C_WaitOnRXNEFlagUntilTimeout), (136 bytes).
    Removing stm32l0xx_hal_i2c.o(i.I2C_WaitOnSTOPFlagUntilTimeout), (88 bytes).
    Removing stm32l0xx_hal_i2c.o(i.I2C_WaitOnTXISFlagUntilTimeout), (92 bytes).
    Removing stm32l0xx_hal_gpio.o(.rev16_text), (4 bytes).
    Removing stm32l0xx_hal_gpio.o(.revsh_text), (4 bytes).
    Removing stm32l0xx_hal_gpio.o(i.HAL_GPIO_DeInit), (224 bytes).
    Removing stm32l0xx_hal_gpio.o(i.HAL_GPIO_EXTI_Callback), (2 bytes).
    Removing stm32l0xx_hal_gpio.o(i.HAL_GPIO_LockPin), (42 bytes).
    Removing stm32l0xx_hal_gpio.o(i.HAL_GPIO_TogglePin), (8 bytes).
    Removing stm32l0xx_hal_pwr_ex.o(.rev16_text), (4 bytes).
    Removing stm32l0xx_hal_pwr_ex.o(.revsh_text), (4 bytes).
    Removing stm32l0xx_hal_pwr_ex.o(i.HAL_PWREx_DisableFastWakeUp), (16 bytes).
    Removing stm32l0xx_hal_pwr_ex.o(i.HAL_PWREx_DisableLowPowerRunMode), (76 bytes).
    Removing stm32l0xx_hal_pwr_ex.o(i.HAL_PWREx_DisableUltraLowPower), (16 bytes).
    Removing stm32l0xx_hal_pwr_ex.o(i.HAL_PWREx_EnableFastWakeUp), (16 bytes).
    Removing stm32l0xx_hal_pwr_ex.o(i.HAL_PWREx_EnableLowPowerRunMode), (24 bytes).
    Removing system_stm32l0xx.o(.rev16_text), (4 bytes).
    Removing system_stm32l0xx.o(.revsh_text), (4 bytes).
    Removing system_stm32l0xx.o(i.SystemCoreClockUpdate), (176 bytes).
    Removing mbcrc.o(.rev16_text), (4 bytes).
    Removing mbcrc.o(.revsh_text), (4 bytes).
    Removing apc240.o(.rev16_text), (4 bytes).
    Removing apc240.o(.revsh_text), (4 bytes).
    Removing apc240.o(.data), (8 bytes).
    Removing led.o(.rev16_text), (4 bytes).
    Removing led.o(.revsh_text), (4 bytes).
    Removing led.o(i.LedToggle), (14 bytes).
    Removing rtu.o(.rev16_text), (4 bytes).
    Removing rtu.o(.revsh_text), (4 bytes).
    Removing rtu.o(i.ComputeTemperature), (112 bytes).
    Removing fadd.o(.text), (178 bytes).
    Removing dadd.o(.text), (356 bytes).
    Removing fflti.o(.text), (22 bytes).
    Removing f2d.o(.text), (40 bytes).
    Removing d2f.o(.text), (56 bytes).
    Removing dmul.o(.text), (208 bytes).
    Removing dfixul.o(.text), (64 bytes).
    Removing cdrcmple.o(.text), (40 bytes).

299 unused section(s) (total 21155 bytes) removed from the image.

==============================================================================

Image Symbol Table

    Local Symbols

    Symbol Name                              Value     Ov Type        Size  Object(Section)

    ../Drivers/CMSIS/Device/ST/STM32L0xx/Source/Templates/system_stm32l0xx.c 0x00000000   Number         0  system_stm32l0xx.o ABSOLUTE
    ../Drivers/STM32L0xx_HAL_Driver/Src/stm32l0xx_hal.c 0x00000000   Number         0  stm32l0xx_hal.o ABSOLUTE
    ../Drivers/STM32L0xx_HAL_Driver/Src/stm32l0xx_hal_adc.c 0x00000000   Number         0  stm32l0xx_hal_adc.o ABSOLUTE
    ../Drivers/STM32L0xx_HAL_Driver/Src/stm32l0xx_hal_adc_ex.c 0x00000000   Number         0  stm32l0xx_hal_adc_ex.o ABSOLUTE
    ../Drivers/STM32L0xx_HAL_Driver/Src/stm32l0xx_hal_cortex.c 0x00000000   Number         0  stm32l0xx_hal_cortex.o ABSOLUTE
    ../Drivers/STM32L0xx_HAL_Driver/Src/stm32l0xx_hal_dma.c 0x00000000   Number         0  stm32l0xx_hal_dma.o ABSOLUTE
    ../Drivers/STM32L0xx_HAL_Driver/Src/stm32l0xx_hal_flash.c 0x00000000   Number         0  stm32l0xx_hal_flash.o ABSOLUTE
    ../Drivers/STM32L0xx_HAL_Driver/Src/stm32l0xx_hal_flash_ex.c 0x00000000   Number         0  stm32l0xx_hal_flash_ex.o ABSOLUTE
    ../Drivers/STM32L0xx_HAL_Driver/Src/stm32l0xx_hal_flash_ramfunc.c 0x00000000   Number         0  stm32l0xx_hal_flash_ramfunc.o ABSOLUTE
    ../Drivers/STM32L0xx_HAL_Driver/Src/stm32l0xx_hal_gpio.c 0x00000000   Number         0  stm32l0xx_hal_gpio.o ABSOLUTE
    ../Drivers/STM32L0xx_HAL_Driver/Src/stm32l0xx_hal_i2c.c 0x00000000   Number         0  stm32l0xx_hal_i2c.o ABSOLUTE
    ../Drivers/STM32L0xx_HAL_Driver/Src/stm32l0xx_hal_i2c_ex.c 0x00000000   Number         0  stm32l0xx_hal_i2c_ex.o ABSOLUTE
    ../Drivers/STM32L0xx_HAL_Driver/Src/stm32l0xx_hal_pwr.c 0x00000000   Number         0  stm32l0xx_hal_pwr.o ABSOLUTE
    ../Drivers/STM32L0xx_HAL_Driver/Src/stm32l0xx_hal_pwr_ex.c 0x00000000   Number         0  stm32l0xx_hal_pwr_ex.o ABSOLUTE
    ../Drivers/STM32L0xx_HAL_Driver/Src/stm32l0xx_hal_rcc.c 0x00000000   Number         0  stm32l0xx_hal_rcc.o ABSOLUTE
    ../Drivers/STM32L0xx_HAL_Driver/Src/stm32l0xx_hal_rcc_ex.c 0x00000000   Number         0  stm32l0xx_hal_rcc_ex.o ABSOLUTE
    ../Drivers/STM32L0xx_HAL_Driver/Src/stm32l0xx_hal_tim.c 0x00000000   Number         0  stm32l0xx_hal_tim.o ABSOLUTE
    ../Drivers/STM32L0xx_HAL_Driver/Src/stm32l0xx_hal_tim_ex.c 0x00000000   Number         0  stm32l0xx_hal_tim_ex.o ABSOLUTE
    ../Drivers/STM32L0xx_HAL_Driver/Src/stm32l0xx_hal_uart.c 0x00000000   Number         0  stm32l0xx_hal_uart.o ABSOLUTE
    ../Drivers/STM32L0xx_HAL_Driver/Src/stm32l0xx_hal_uart_ex.c 0x00000000   Number         0  stm32l0xx_hal_uart_ex.o ABSOLUTE
    ../Src/main.c                            0x00000000   Number         0  main.o ABSOLUTE
    ../Src/stm32l0xx_hal_msp.c               0x00000000   Number         0  stm32l0xx_hal_msp.o ABSOLUTE
    ../Src/stm32l0xx_it.c                    0x00000000   Number         0  stm32l0xx_it.o ABSOLUTE
    ../clib/microlib/division.c              0x00000000   Number         0  uidiv.o ABSOLUTE
    ../clib/microlib/division.c              0x00000000   Number         0  uldiv.o ABSOLUTE
    ../clib/microlib/init/entry.s            0x00000000   Number         0  entry8b.o ABSOLUTE
    ../clib/microlib/init/entry.s            0x00000000   Number         0  entry9a.o ABSOLUTE
    ../clib/microlib/init/entry.s            0x00000000   Number         0  entry7a.o ABSOLUTE
    ../clib/microlib/init/entry.s            0x00000000   Number         0  entry.o ABSOLUTE
    ../clib/microlib/init/entry.s            0x00000000   Number         0  entry7b.o ABSOLUTE
    ../clib/microlib/init/entry.s            0x00000000   Number         0  entry9b.o ABSOLUTE
    ../clib/microlib/init/entry.s            0x00000000   Number         0  entry2.o ABSOLUTE
    ../clib/microlib/init/entry.s            0x00000000   Number         0  entry5.o ABSOLUTE
    ../clib/microlib/init/entry.s            0x00000000   Number         0  entry8a.o ABSOLUTE
    ../clib/microlib/init/entry.s            0x00000000   Number         0  entry11a.o ABSOLUTE
    ../clib/microlib/init/entry.s            0x00000000   Number         0  entry10b.o ABSOLUTE
    ../clib/microlib/init/entry.s            0x00000000   Number         0  entry11b.o ABSOLUTE
    ../clib/microlib/init/entry.s            0x00000000   Number         0  entry10a.o ABSOLUTE
    ../clib/microlib/longlong.c              0x00000000   Number         0  llshl.o ABSOLUTE
    ../clib/microlib/longlong.c              0x00000000   Number         0  llushr.o ABSOLUTE
    ../clib/microlib/longlong.c              0x00000000   Number         0  llsshr.o ABSOLUTE
    ../clib/microlib/printf/printf.c         0x00000000   Number         0  printf4.o ABSOLUTE
    ../clib/microlib/printf/printf.c         0x00000000   Number         0  printf5.o ABSOLUTE
    ../clib/microlib/printf/printf.c         0x00000000   Number         0  printf6.o ABSOLUTE
    ../clib/microlib/printf/printf.c         0x00000000   Number         0  printf7.o ABSOLUTE
    ../clib/microlib/printf/printf.c         0x00000000   Number         0  printfa.o ABSOLUTE
    ../clib/microlib/printf/printf.c         0x00000000   Number         0  printf1.o ABSOLUTE
    ../clib/microlib/printf/printf.c         0x00000000   Number         0  printfb.o ABSOLUTE
    ../clib/microlib/printf/printf.c         0x00000000   Number         0  printf8.o ABSOLUTE
    ../clib/microlib/printf/printf.c         0x00000000   Number         0  printf2.o ABSOLUTE
    ../clib/microlib/printf/printf.c         0x00000000   Number         0  printf3.o ABSOLUTE
    ../clib/microlib/printf/printf.c         0x00000000   Number         0  printf0.o ABSOLUTE
    ../clib/microlib/stdio/fputc.c           0x00000000   Number         0  fputc.o ABSOLUTE
    ../clib/microlib/stdio/semi.s            0x00000000   Number         0  semi.o ABSOLUTE
    ../clib/microlib/stdio/streams.c         0x00000000   Number         0  stdout.o ABSOLUTE
    ../clib/microlib/string/memcpy.c         0x00000000   Number         0  memcpya.o ABSOLUTE
    ../clib/microlib/string/memcpy.c         0x00000000   Number         0  memcpyb.o ABSOLUTE
    ../clib/microlib/string/memset.c         0x00000000   Number         0  memseta.o ABSOLUTE
    ../clib/microlib/stubs.s                 0x00000000   Number         0  iusefp.o ABSOLUTE
    ../clib/microlib/stubs.s                 0x00000000   Number         0  iusesemip.o ABSOLUTE
    ../fplib/microlib/d2f.c                  0x00000000   Number         0  d2f.o ABSOLUTE
    ../fplib/microlib/f2d.c                  0x00000000   Number         0  f2d.o ABSOLUTE
    ../fplib/microlib/fpadd.c                0x00000000   Number         0  fadd.o ABSOLUTE
    ../fplib/microlib/fpadd.c                0x00000000   Number         0  dadd.o ABSOLUTE
    ../fplib/microlib/fpdiv.c                0x00000000   Number         0  ddiv.o ABSOLUTE
    ../fplib/microlib/fpdiv.c                0x00000000   Number         0  fdiv.o ABSOLUTE
    ../fplib/microlib/fpepilogue.c           0x00000000   Number         0  fepilogue.o ABSOLUTE
    ../fplib/microlib/fpepilogue.c           0x00000000   Number         0  depilogue.o ABSOLUTE
    ../fplib/microlib/fpfix.c                0x00000000   Number         0  dfixul.o ABSOLUTE
    ../fplib/microlib/fpfix.c                0x00000000   Number         0  dfixui.o ABSOLUTE
    ../fplib/microlib/fpfix.c                0x00000000   Number         0  ffixui.o ABSOLUTE
    ../fplib/microlib/fpflt.c                0x00000000   Number         0  fflti.o ABSOLUTE
    ../fplib/microlib/fpflt.c                0x00000000   Number         0  dfltui.o ABSOLUTE
    ../fplib/microlib/fpflt.c                0x00000000   Number         0  ffltui.o ABSOLUTE
    ../fplib/microlib/fpmul.c                0x00000000   Number         0  dmul.o ABSOLUTE
    ../fplib/microlib/fpmul.c                0x00000000   Number         0  fmul.o ABSOLUTE
    ../fplib/microlib/fpscalb.c              0x00000000   Number         0  dscalb.o ABSOLUTE
    ../fplib/microlib/fpscalb.c              0x00000000   Number         0  fscalb.o ABSOLUTE
    ..\Drivers\CMSIS\Device\ST\STM32L0xx\Source\Templates\system_stm32l0xx.c 0x00000000   Number         0  system_stm32l0xx.o ABSOLUTE
    ..\Drivers\STM32L0xx_HAL_Driver\Src\stm32l0xx_hal.c 0x00000000   Number         0  stm32l0xx_hal.o ABSOLUTE
    ..\Drivers\STM32L0xx_HAL_Driver\Src\stm32l0xx_hal_adc.c 0x00000000   Number         0  stm32l0xx_hal_adc.o ABSOLUTE
    ..\Drivers\STM32L0xx_HAL_Driver\Src\stm32l0xx_hal_adc_ex.c 0x00000000   Number         0  stm32l0xx_hal_adc_ex.o ABSOLUTE
    ..\Drivers\STM32L0xx_HAL_Driver\Src\stm32l0xx_hal_cortex.c 0x00000000   Number         0  stm32l0xx_hal_cortex.o ABSOLUTE
    ..\Drivers\STM32L0xx_HAL_Driver\Src\stm32l0xx_hal_dma.c 0x00000000   Number         0  stm32l0xx_hal_dma.o ABSOLUTE
    ..\Drivers\STM32L0xx_HAL_Driver\Src\stm32l0xx_hal_flash.c 0x00000000   Number         0  stm32l0xx_hal_flash.o ABSOLUTE
    ..\Drivers\STM32L0xx_HAL_Driver\Src\stm32l0xx_hal_flash_ex.c 0x00000000   Number         0  stm32l0xx_hal_flash_ex.o ABSOLUTE
    ..\Drivers\STM32L0xx_HAL_Driver\Src\stm32l0xx_hal_flash_ramfunc.c 0x00000000   Number         0  stm32l0xx_hal_flash_ramfunc.o ABSOLUTE
    ..\Drivers\STM32L0xx_HAL_Driver\Src\stm32l0xx_hal_gpio.c 0x00000000   Number         0  stm32l0xx_hal_gpio.o ABSOLUTE
    ..\Drivers\STM32L0xx_HAL_Driver\Src\stm32l0xx_hal_i2c.c 0x00000000   Number         0  stm32l0xx_hal_i2c.o ABSOLUTE
    ..\Drivers\STM32L0xx_HAL_Driver\Src\stm32l0xx_hal_i2c_ex.c 0x00000000   Number         0  stm32l0xx_hal_i2c_ex.o ABSOLUTE
    ..\Drivers\STM32L0xx_HAL_Driver\Src\stm32l0xx_hal_pwr.c 0x00000000   Number         0  stm32l0xx_hal_pwr.o ABSOLUTE
    ..\Drivers\STM32L0xx_HAL_Driver\Src\stm32l0xx_hal_pwr_ex.c 0x00000000   Number         0  stm32l0xx_hal_pwr_ex.o ABSOLUTE
    ..\Drivers\STM32L0xx_HAL_Driver\Src\stm32l0xx_hal_rcc.c 0x00000000   Number         0  stm32l0xx_hal_rcc.o ABSOLUTE
    ..\Drivers\STM32L0xx_HAL_Driver\Src\stm32l0xx_hal_rcc_ex.c 0x00000000   Number         0  stm32l0xx_hal_rcc_ex.o ABSOLUTE
    ..\Drivers\STM32L0xx_HAL_Driver\Src\stm32l0xx_hal_tim.c 0x00000000   Number         0  stm32l0xx_hal_tim.o ABSOLUTE
    ..\Drivers\STM32L0xx_HAL_Driver\Src\stm32l0xx_hal_tim_ex.c 0x00000000   Number         0  stm32l0xx_hal_tim_ex.o ABSOLUTE
    ..\Drivers\STM32L0xx_HAL_Driver\Src\stm32l0xx_hal_uart.c 0x00000000   Number         0  stm32l0xx_hal_uart.o ABSOLUTE
    ..\Drivers\STM32L0xx_HAL_Driver\Src\stm32l0xx_hal_uart_ex.c 0x00000000   Number         0  stm32l0xx_hal_uart_ex.o ABSOLUTE
    ..\Modbus\mbcrc.c                        0x00000000   Number         0  mbcrc.o ABSOLUTE
    ..\Src\delay.c                           0x00000000   Number         0  delay.o ABSOLUTE
    ..\Src\main.c                            0x00000000   Number         0  main.o ABSOLUTE
    ..\Src\stm32l0xx_hal_msp.c               0x00000000   Number         0  stm32l0xx_hal_msp.o ABSOLUTE
    ..\Src\stm32l0xx_it.c                    0x00000000   Number         0  stm32l0xx_it.o ABSOLUTE
    ..\\Modbus\\mbcrc.c                      0x00000000   Number         0  mbcrc.o ABSOLUTE
    ..\\Src\\delay.c                         0x00000000   Number         0  delay.o ABSOLUTE
    ..\\apc240\\RTU.C                        0x00000000   Number         0  rtu.o ABSOLUTE
    ..\\apc240\\apc240.c                     0x00000000   Number         0  apc240.o ABSOLUTE
    ..\\apc240\\led.c                        0x00000000   Number         0  led.o ABSOLUTE
    ..\apc240\RTU.C                          0x00000000   Number         0  rtu.o ABSOLUTE
    ..\apc240\apc240.c                       0x00000000   Number         0  apc240.o ABSOLUTE
    ..\apc240\led.c                          0x00000000   Number         0  led.o ABSOLUTE
    cdrcmple.s                               0x00000000   Number         0  cdrcmple.o ABSOLUTE
    dc.s                                     0x00000000   Number         0  dc.o ABSOLUTE
    handlers.s                               0x00000000   Number         0  handlers.o ABSOLUTE
    init.s                                   0x00000000   Number         0  init.o ABSOLUTE
    startup_stm32l051xx.s                    0x00000000   Number         0  startup_stm32l051xx_1.o ABSOLUTE
    RESET                                    0x08000000   Section      192  startup_stm32l051xx_1.o(RESET)
    .ARM.Collect$$$$00000000                 0x080000c0   Section        0  entry.o(.ARM.Collect$$$$00000000)
    .ARM.Collect$$$$00000001                 0x080000c0   Section        4  entry2.o(.ARM.Collect$$$$00000001)
    .ARM.Collect$$$$00000004                 0x080000c4   Section        4  entry5.o(.ARM.Collect$$$$00000004)
    .ARM.Collect$$$$00000008                 0x080000c8   Section        0  entry7b.o(.ARM.Collect$$$$00000008)
    .ARM.Collect$$$$0000000A                 0x080000c8   Section        0  entry8b.o(.ARM.Collect$$$$0000000A)
    .ARM.Collect$$$$0000000B                 0x080000c8   Section        8  entry9a.o(.ARM.Collect$$$$0000000B)
    .ARM.Collect$$$$0000000D                 0x080000d0   Section        0  entry10a.o(.ARM.Collect$$$$0000000D)
    .ARM.Collect$$$$0000000F                 0x080000d0   Section        0  entry11a.o(.ARM.Collect$$$$0000000F)
    .ARM.Collect$$$$00002712                 0x080000d0   Section        4  entry2.o(.ARM.Collect$$$$00002712)
    __lit__00000000                          0x080000d0   Data           4  entry2.o(.ARM.Collect$$$$00002712)
    .text                                    0x080000d4   Section       28  startup_stm32l051xx_1.o(.text)
    .text                                    0x080000f0   Section        0  uidiv.o(.text)
    .text                                    0x0800011c   Section        0  memcpya.o(.text)
    .text                                    0x08000140   Section        0  memseta.o(.text)
    .text                                    0x08000164   Section        0  fmul.o(.text)
    .text                                    0x080001de   Section        0  fdiv.o(.text)
    .text                                    0x0800025a   Section        0  fscalb.o(.text)
    .text                                    0x08000274   Section        0  ddiv.o(.text)
    .text                                    0x08000364   Section        0  dscalb.o(.text)
    .text                                    0x08000390   Section        0  ffltui.o(.text)
    .text                                    0x080003a0   Section        0  dfltui.o(.text)
    .text                                    0x080003bc   Section        0  ffixui.o(.text)
    .text                                    0x080003e4   Section        0  dfixui.o(.text)
    .text                                    0x08000420   Section        0  llshl.o(.text)
    .text                                    0x08000440   Section        0  llushr.o(.text)
    .text                                    0x08000462   Section        0  iusefp.o(.text)
    .text                                    0x08000462   Section        0  fepilogue.o(.text)
    .text                                    0x080004e4   Section        0  depilogue.o(.text)
    .text                                    0x080005a4   Section       36  init.o(.text)
    i.ADC_ConversionStop                     0x080005c8   Section        0  stm32l0xx_hal_adc.o(i.ADC_ConversionStop)
    ADC_ConversionStop                       0x080005c9   Thumb Code    88  stm32l0xx_hal_adc.o(i.ADC_ConversionStop)
    i.ADC_DMAConvCplt                        0x08000620   Section        0  stm32l0xx_hal_adc.o(i.ADC_DMAConvCplt)
    ADC_DMAConvCplt                          0x08000621   Thumb Code   108  stm32l0xx_hal_adc.o(i.ADC_DMAConvCplt)
    i.ADC_DMAError                           0x0800068c   Section        0  stm32l0xx_hal_adc.o(i.ADC_DMAError)
    ADC_DMAError                             0x0800068d   Thumb Code    26  stm32l0xx_hal_adc.o(i.ADC_DMAError)
    i.ADC_DMAHalfConvCplt                    0x080006a6   Section        0  stm32l0xx_hal_adc.o(i.ADC_DMAHalfConvCplt)
    ADC_DMAHalfConvCplt                      0x080006a7   Thumb Code    10  stm32l0xx_hal_adc.o(i.ADC_DMAHalfConvCplt)
    i.ADC_DelayMicroSecond                   0x080006b0   Section        0  stm32l0xx_hal_adc.o(i.ADC_DelayMicroSecond)
    ADC_DelayMicroSecond                     0x080006b1   Thumb Code    38  stm32l0xx_hal_adc.o(i.ADC_DelayMicroSecond)
    i.ADC_Disable                            0x080006e0   Section        0  stm32l0xx_hal_adc.o(i.ADC_Disable)
    ADC_Disable                              0x080006e1   Thumb Code   118  stm32l0xx_hal_adc.o(i.ADC_Disable)
    i.ADC_Enable                             0x08000758   Section        0  stm32l0xx_hal_adc.o(i.ADC_Enable)
    ADC_Enable                               0x08000759   Thumb Code   120  stm32l0xx_hal_adc.o(i.ADC_Enable)
    i.Apc240ModeSet                          0x080007d4   Section        0  apc240.o(i.Apc240ModeSet)
    i.Apc240Send                             0x0800081c   Section        0  apc240.o(i.Apc240Send)
    i.Apc240SendComplete                     0x08000830   Section        0  apc240.o(i.Apc240SendComplete)
    i.Apc240SendWait                         0x08000848   Section        0  apc240.o(i.Apc240SendWait)
    i.Apc240SetFre                           0x08000868   Section        0  apc240.o(i.Apc240SetFre)
    i.ClearRcvBuff                           0x08000908   Section        0  rtu.o(i.ClearRcvBuff)
    i.DMA1_Channel1_IRQHandler               0x08000924   Section        0  stm32l0xx_it.o(i.DMA1_Channel1_IRQHandler)
    i.DMA1_Channel2_3_IRQHandler             0x08000934   Section        0  stm32l0xx_it.o(i.DMA1_Channel2_3_IRQHandler)
    i.DMA_SetConfig                          0x08000944   Section        0  stm32l0xx_hal_dma.o(i.DMA_SetConfig)
    DMA_SetConfig                            0x08000945   Thumb Code    36  stm32l0xx_hal_dma.o(i.DMA_SetConfig)
    i.EXTI0_1_IRQHandler                     0x08000968   Section        0  stm32l0xx_it.o(i.EXTI0_1_IRQHandler)
    i.EXTI4_15_IRQHandler                    0x0800097c   Section        0  stm32l0xx_it.o(i.EXTI4_15_IRQHandler)
    i.FLASH_SetErrorCode                     0x08000994   Section        0  stm32l0xx_hal_flash.o(i.FLASH_SetErrorCode)
    FLASH_SetErrorCode                       0x08000995   Thumb Code   108  stm32l0xx_hal_flash.o(i.FLASH_SetErrorCode)
    i.FLASH_WaitForLastOperation             0x08000a0c   Section        0  stm32l0xx_hal_flash.o(i.FLASH_WaitForLastOperation)
    i.HAL_ADCEx_Calibration_Start            0x08000a90   Section        0  stm32l0xx_hal_adc_ex.o(i.HAL_ADCEx_Calibration_Start)
    i.HAL_ADCEx_EnableVREFINT                0x08000b24   Section        0  stm32l0xx_hal_adc_ex.o(i.HAL_ADCEx_EnableVREFINT)
    i.HAL_ADC_ConfigChannel                  0x08000b5c   Section        0  stm32l0xx_hal_adc.o(i.HAL_ADC_ConfigChannel)
    i.HAL_ADC_ConvCpltCallback               0x08000bf8   Section        0  stm32l0xx_hal_adc.o(i.HAL_ADC_ConvCpltCallback)
    i.HAL_ADC_ConvHalfCpltCallback           0x08000bfa   Section        0  stm32l0xx_hal_adc.o(i.HAL_ADC_ConvHalfCpltCallback)
    i.HAL_ADC_ErrorCallback                  0x08000bfc   Section        0  stm32l0xx_hal_adc.o(i.HAL_ADC_ErrorCallback)
    i.HAL_ADC_Init                           0x08000c00   Section        0  stm32l0xx_hal_adc.o(i.HAL_ADC_Init)
    i.HAL_ADC_MspInit                        0x08000dcc   Section        0  stm32l0xx_hal_msp.o(i.HAL_ADC_MspInit)
    i.HAL_ADC_Start_DMA                      0x08000e34   Section        0  stm32l0xx_hal_adc.o(i.HAL_ADC_Start_DMA)
    i.HAL_ADC_Stop_DMA                       0x08000edc   Section        0  stm32l0xx_hal_adc.o(i.HAL_ADC_Stop_DMA)
    i.HAL_DMA_Abort                          0x08000f56   Section        0  stm32l0xx_hal_dma.o(i.HAL_DMA_Abort)
    i.HAL_DMA_IRQHandler                     0x08000fac   Section        0  stm32l0xx_hal_dma.o(i.HAL_DMA_IRQHandler)
    i.HAL_DMA_Init                           0x08001210   Section        0  stm32l0xx_hal_dma.o(i.HAL_DMA_Init)
    i.HAL_DMA_Start_IT                       0x08001340   Section        0  stm32l0xx_hal_dma.o(i.HAL_DMA_Start_IT)
    i.HAL_Delay                              0x08001390   Section        0  stm32l0xx_hal.o(i.HAL_Delay)
    i.HAL_FLASHEx_DATAEEPROM_Lock            0x080013a8   Section        0  stm32l0xx_hal_flash_ex.o(i.HAL_FLASHEx_DATAEEPROM_Lock)
    i.HAL_FLASHEx_DATAEEPROM_Program         0x080013bc   Section        0  stm32l0xx_hal_flash_ex.o(i.HAL_FLASHEx_DATAEEPROM_Program)
    i.HAL_FLASHEx_DATAEEPROM_Unlock          0x08001410   Section        0  stm32l0xx_hal_flash_ex.o(i.HAL_FLASHEx_DATAEEPROM_Unlock)
    i.HAL_GPIO_EXTI_Callback                 0x08001434   Section        0  main.o(i.HAL_GPIO_EXTI_Callback)
    i.HAL_GPIO_EXTI_IRQHandler               0x08001520   Section        0  stm32l0xx_hal_gpio.o(i.HAL_GPIO_EXTI_IRQHandler)
    i.HAL_GPIO_Init                          0x08001538   Section        0  stm32l0xx_hal_gpio.o(i.HAL_GPIO_Init)
    i.HAL_GPIO_ReadPin                       0x08001694   Section        0  stm32l0xx_hal_gpio.o(i.HAL_GPIO_ReadPin)
    i.HAL_GPIO_WritePin                      0x080016a2   Section        0  stm32l0xx_hal_gpio.o(i.HAL_GPIO_WritePin)
    i.HAL_GetTick                            0x080016b0   Section        0  stm32l0xx_hal.o(i.HAL_GetTick)
    i.HAL_IncTick                            0x080016bc   Section        0  stm32l0xx_hal.o(i.HAL_IncTick)
    i.HAL_Init                               0x080016cc   Section        0  stm32l0xx_hal.o(i.HAL_Init)
    i.HAL_InitTick                           0x080016ec   Section        0  stm32l0xx_hal.o(i.HAL_InitTick)
    i.HAL_MspInit                            0x08001710   Section        0  stm32l0xx_hal_msp.o(i.HAL_MspInit)
    i.HAL_NVIC_EnableIRQ                     0x0800173c   Section        0  stm32l0xx_hal_cortex.o(i.HAL_NVIC_EnableIRQ)
    i.HAL_NVIC_SetPriority                   0x08001750   Section        0  stm32l0xx_hal_cortex.o(i.HAL_NVIC_SetPriority)
    i.HAL_NVIC_SystemReset                   0x08001794   Section        0  stm32l0xx_hal_cortex.o(i.HAL_NVIC_SystemReset)
    i.HAL_PWREx_EnableUltraLowPower          0x080017b0   Section        0  stm32l0xx_hal_pwr_ex.o(i.HAL_PWREx_EnableUltraLowPower)
    i.HAL_PWR_EnterSTOPMode                  0x080017c0   Section        0  stm32l0xx_hal_pwr.o(i.HAL_PWR_EnterSTOPMode)
    i.HAL_PWR_PVDCallback                    0x080017f4   Section        0  stm32l0xx_hal_pwr.o(i.HAL_PWR_PVDCallback)
    i.HAL_PWR_PVD_IRQHandler                 0x080017f8   Section        0  stm32l0xx_hal_pwr.o(i.HAL_PWR_PVD_IRQHandler)
    i.HAL_RCCEx_PeriphCLKConfig              0x08001814   Section        0  stm32l0xx_hal_rcc_ex.o(i.HAL_RCCEx_PeriphCLKConfig)
    i.HAL_RCC_ClockConfig                    0x08001974   Section        0  stm32l0xx_hal_rcc.o(i.HAL_RCC_ClockConfig)
    i.HAL_RCC_GetHCLKFreq                    0x08001b04   Section        0  stm32l0xx_hal_rcc.o(i.HAL_RCC_GetHCLKFreq)
    i.HAL_RCC_GetPCLK1Freq                   0x08001b2c   Section        0  stm32l0xx_hal_rcc.o(i.HAL_RCC_GetPCLK1Freq)
    i.HAL_RCC_GetPCLK2Freq                   0x08001b4c   Section        0  stm32l0xx_hal_rcc.o(i.HAL_RCC_GetPCLK2Freq)
    i.HAL_RCC_GetSysClockFreq                0x08001b6c   Section        0  stm32l0xx_hal_rcc.o(i.HAL_RCC_GetSysClockFreq)
    i.HAL_RCC_OscConfig                      0x08001c0c   Section        0  stm32l0xx_hal_rcc.o(i.HAL_RCC_OscConfig)
    i.HAL_ResumeTick                         0x08002094   Section        0  stm32l0xx_hal.o(i.HAL_ResumeTick)
    i.HAL_SYSTICK_CLKSourceConfig            0x080020a4   Section        0  stm32l0xx_hal_cortex.o(i.HAL_SYSTICK_CLKSourceConfig)
    i.HAL_SYSTICK_Callback                   0x080020c0   Section        0  stm32l0xx_hal_cortex.o(i.HAL_SYSTICK_Callback)
    i.HAL_SYSTICK_Config                     0x080020c4   Section        0  stm32l0xx_hal_cortex.o(i.HAL_SYSTICK_Config)
    i.HAL_SYSTICK_IRQHandler                 0x08002100   Section        0  stm32l0xx_hal_cortex.o(i.HAL_SYSTICK_IRQHandler)
    i.HAL_SuspendTick                        0x08002108   Section        0  stm32l0xx_hal.o(i.HAL_SuspendTick)
    i.HAL_UARTEx_WakeupCallback              0x08002118   Section        0  stm32l0xx_hal_uart_ex.o(i.HAL_UARTEx_WakeupCallback)
    i.HAL_UART_ErrorCallback                 0x0800211a   Section        0  stm32l0xx_hal_uart.o(i.HAL_UART_ErrorCallback)
    i.HAL_UART_IRQHandler                    0x0800211c   Section        0  stm32l0xx_hal_uart.o(i.HAL_UART_IRQHandler)
    i.HAL_UART_Init                          0x080021f6   Section        0  stm32l0xx_hal_uart.o(i.HAL_UART_Init)
    i.HAL_UART_MspInit                       0x08002260   Section        0  stm32l0xx_hal_msp.o(i.HAL_UART_MspInit)
    i.HAL_UART_Receive_DMA                   0x080022e8   Section        0  stm32l0xx_hal_uart.o(i.HAL_UART_Receive_DMA)
    i.HAL_UART_RxCpltCallback                0x08002378   Section        0  stm32l0xx_hal_uart.o(i.HAL_UART_RxCpltCallback)
    i.HAL_UART_RxHalfCpltCallback            0x0800237a   Section        0  stm32l0xx_hal_uart.o(i.HAL_UART_RxHalfCpltCallback)
    i.HAL_UART_Transmit                      0x0800237c   Section        0  stm32l0xx_hal_uart.o(i.HAL_UART_Transmit)
    i.HAL_UART_TxCpltCallback                0x0800244a   Section        0  stm32l0xx_hal_uart.o(i.HAL_UART_TxCpltCallback)
    i.InitHoldingReg                         0x0800244c   Section        0  main.o(i.InitHoldingReg)
    i.InitInputReg                           0x08002450   Section        0  main.o(i.InitInputReg)
    i.LPUART1_IRQHandler                     0x0800247c   Section        0  stm32l0xx_it.o(i.LPUART1_IRQHandler)
    i.LedOff                                 0x080024d4   Section        0  led.o(i.LedOff)
    i.LedOn                                  0x080024e4   Section        0  led.o(i.LedOn)
    i.MX_ADC_Init                            0x080024f4   Section        0  main.o(i.MX_ADC_Init)
    MX_ADC_Init                              0x080024f5   Thumb Code   124  main.o(i.MX_ADC_Init)
    i.MX_DMA_Init                            0x0800258c   Section        0  main.o(i.MX_DMA_Init)
    MX_DMA_Init                              0x0800258d   Thumb Code    52  main.o(i.MX_DMA_Init)
    i.MX_GPIO_Init                           0x080025c4   Section        0  main.o(i.MX_GPIO_Init)
    MX_GPIO_Init                             0x080025c5   Thumb Code   332  main.o(i.MX_GPIO_Init)
    i.MX_LPUART1_UART_Init                   0x0800273c   Section        0  main.o(i.MX_LPUART1_UART_Init)
    MX_LPUART1_UART_Init                     0x0800273d   Thumb Code    38  main.o(i.MX_LPUART1_UART_Init)
    i.OperateCoil                            0x0800276c   Section        0  rtu.o(i.OperateCoil)
    i.OperationHoldingReg                    0x080029c4   Section        0  main.o(i.OperationHoldingReg)
    i.OutputVoltage                          0x080029fc   Section        0  rtu.o(i.OutputVoltage)
    i.PVD_IRQHandler                         0x08002b0c   Section        0  stm32l0xx_it.o(i.PVD_IRQHandler)
    i.ReadDateEeprom                         0x08002b14   Section        0  rtu.o(i.ReadDateEeprom)
    i.RtuDateInit                            0x08002b18   Section        0  rtu.o(i.RtuDateInit)
    i.RtuSet                                 0x08002ba4   Section        0  rtu.o(i.RtuSet)
    i.SysTick_Handler                        0x08002c40   Section        0  stm32l0xx_it.o(i.SysTick_Handler)
    i.SystemClock_Config                     0x08002c4c   Section        0  main.o(i.SystemClock_Config)
    i.SystemInit                             0x08002cd0   Section        0  system_stm32l0xx.o(i.SystemInit)
    i.UART_AdvFeatureConfig                  0x08002d24   Section        0  stm32l0xx_hal_uart.o(i.UART_AdvFeatureConfig)
    i.UART_CheckIdleState                    0x08002df0   Section        0  stm32l0xx_hal_uart.o(i.UART_CheckIdleState)
    i.UART_DMAError                          0x08002e48   Section        0  stm32l0xx_hal_uart.o(i.UART_DMAError)
    UART_DMAError                            0x08002e49   Thumb Code    34  stm32l0xx_hal_uart.o(i.UART_DMAError)
    i.UART_DMAReceiveCplt                    0x08002e6a   Section        0  stm32l0xx_hal_uart.o(i.UART_DMAReceiveCplt)
    UART_DMAReceiveCplt                      0x08002e6b   Thumb Code    56  stm32l0xx_hal_uart.o(i.UART_DMAReceiveCplt)
    i.UART_DMARxHalfCplt                     0x08002ea2   Section        0  stm32l0xx_hal_uart.o(i.UART_DMARxHalfCplt)
    UART_DMARxHalfCplt                       0x08002ea3   Thumb Code    10  stm32l0xx_hal_uart.o(i.UART_DMARxHalfCplt)
    i.UART_EndTransmit_IT                    0x08002eac   Section        0  stm32l0xx_hal_uart.o(i.UART_EndTransmit_IT)
    UART_EndTransmit_IT                      0x08002ead   Thumb Code    40  stm32l0xx_hal_uart.o(i.UART_EndTransmit_IT)
    i.UART_Receive_IT                        0x08002ed4   Section        0  stm32l0xx_hal_uart.o(i.UART_Receive_IT)
    UART_Receive_IT                          0x08002ed5   Thumb Code   152  stm32l0xx_hal_uart.o(i.UART_Receive_IT)
    i.UART_SetConfig                         0x08002f6c   Section        0  stm32l0xx_hal_uart.o(i.UART_SetConfig)
    i.UART_Transmit_IT                       0x0800322c   Section        0  stm32l0xx_hal_uart.o(i.UART_Transmit_IT)
    UART_Transmit_IT                         0x0800322d   Thumb Code   112  stm32l0xx_hal_uart.o(i.UART_Transmit_IT)
    i.UART_WaitOnFlagUntilTimeout            0x0800329c   Section        0  stm32l0xx_hal_uart.o(i.UART_WaitOnFlagUntilTimeout)
    i.UartInit                               0x08003378   Section        0  apc240.o(i.UartInit)
    i.UpdateHoldingReg                       0x080033a4   Section        0  main.o(i.UpdateHoldingReg)
    i.UpdateInput                            0x080033a8   Section        0  rtu.o(i.UpdateInput)
    i.UpdateInputReg                         0x080033ec   Section        0  main.o(i.UpdateInputReg)
    i.WriteDateEeprom                        0x0800365c   Section        0  rtu.o(i.WriteDateEeprom)
    i.__0snprintf$bare                       0x08003678   Section        0  printfb.o(i.__0snprintf$bare)
    i.__ARM_clz                              0x08003698   Section        0  depilogue.o(i.__ARM_clz)
    i.__scatterload_copy                     0x080036c6   Section       14  handlers.o(i.__scatterload_copy)
    i.__scatterload_null                     0x080036d4   Section        2  handlers.o(i.__scatterload_null)
    i.__scatterload_zeroinit                 0x080036d6   Section       14  handlers.o(i.__scatterload_zeroinit)
    i._printf_core                           0x080036e4   Section        0  printfb.o(i._printf_core)
    _printf_core                             0x080036e5   Thumb Code    30  printfb.o(i._printf_core)
    i._snputc                                0x08003702   Section        0  printfb.o(i._snputc)
    _snputc                                  0x08003703   Thumb Code    22  printfb.o(i._snputc)
    i.eMBPoll                                0x08003718   Section        0  main.o(i.eMBPoll)
    i.eMBRegCoilsCB                          0x08003afc   Section        0  main.o(i.eMBRegCoilsCB)
    i.eMBRegDiscreteCB                       0x08003b9c   Section        0  main.o(i.eMBRegDiscreteCB)
    i.eMBRegHoldingCB                        0x08003bfc   Section        0  main.o(i.eMBRegHoldingCB)
    i.eMBRegInputCB                          0x08003c90   Section        0  main.o(i.eMBRegInputCB)
    i.main                                   0x08003ce0   Section        0  main.o(i.main)
    i.usMBCRC16                              0x08003e60   Section        0  mbcrc.o(i.usMBCRC16)
    i.xMBUtilGetBits                         0x08003e90   Section        0  main.o(i.xMBUtilGetBits)
    i.xMBUtilSetBits                         0x08003eac   Section        0  main.o(i.xMBUtilSetBits)
    .constdata                               0x08003ed6   Section       16  stm32l0xx_hal_rcc.o(.constdata)
    APBAHBPrescTable                         0x08003ed6   Data          16  stm32l0xx_hal_rcc.o(.constdata)
    .constdata                               0x08003ee6   Section       25  system_stm32l0xx.o(.constdata)
    .constdata                               0x08003eff   Section      512  mbcrc.o(.constdata)
    aucCRCHi                                 0x08003eff   Data         256  mbcrc.o(.constdata)
    aucCRCLo                                 0x08003fff   Data         256  mbcrc.o(.constdata)
    .constdata                               0x08004100   Section       66  apc240.o(.constdata)
    .data                                    0x20000000   Section       24  main.o(.data)
    usRegInputStart                          0x20000004   Data           2  main.o(.data)
    usRegHoldingStart                        0x20000006   Data           2  main.o(.data)
    ucRegCoilsBuf                            0x20000008   Data           2  main.o(.data)
    ucRegDiscreteBuf                         0x2000000a   Data           2  main.o(.data)
    .data                                    0x20000018   Section        4  stm32l0xx_hal.o(.data)
    uwTick                                   0x20000018   Data           4  stm32l0xx_hal.o(.data)
    .data                                    0x2000001c   Section        4  system_stm32l0xx.o(.data)
    .bss                                     0x20000020   Section      964  main.o(.bss)
    usRegInputBuf                            0x2000012c   Data          16  main.o(.bss)
    usRegHoldingBuf                          0x2000013c   Data          16  main.o(.bss)
    .bss                                     0x200003e4   Section       60  main.o(.bss)
    .bss                                     0x20000420   Section       24  stm32l0xx_hal_flash.o(.bss)
    .bss                                     0x20000438   Section      132  apc240.o(.bss)
    STACK                                    0x200004c0   Section     1024  startup_stm32l051xx_1.o(STACK)

    Global Symbols

    Symbol Name                              Value     Ov Type        Size  Object(Section)

    BuildAttributes$$THM_ISAv3M$S$PE$A:L22$X:L11$S22$IEEE1$IW$USESV6$~STKCKD$USESV7$~SHL$OTIME$ROPI$EBA8$MICROLIB$REQ8$PRES8$EABIv2 0x00000000   Number         0  anon$$obj.o ABSOLUTE
    __ARM_use_no_argv                        0x00000000   Number         0  main.o ABSOLUTE
    __cpp_initialize__aeabi_                  - Undefined Weak Reference
    __cxa_finalize                            - Undefined Weak Reference
    __decompress                              - Undefined Weak Reference
    _clock_init                               - Undefined Weak Reference
    _microlib_exit                            - Undefined Weak Reference
    __Vectors_Size                           0x000000c0   Number         0  startup_stm32l051xx_1.o ABSOLUTE
    __Vectors                                0x08000000   Data           4  startup_stm32l051xx_1.o(RESET)
    __Vectors_End                            0x080000c0   Data           0  startup_stm32l051xx_1.o(RESET)
    __main                                   0x080000c1   Thumb Code     0  entry.o(.ARM.Collect$$$$00000000)
    _main_stk                                0x080000c1   Thumb Code     0  entry2.o(.ARM.Collect$$$$00000001)
    _main_scatterload                        0x080000c5   Thumb Code     0  entry5.o(.ARM.Collect$$$$00000004)
    __main_after_scatterload                 0x080000c9   Thumb Code     0  entry5.o(.ARM.Collect$$$$00000004)
    _main_clock                              0x080000c9   Thumb Code     0  entry7b.o(.ARM.Collect$$$$00000008)
    _main_cpp_init                           0x080000c9   Thumb Code     0  entry8b.o(.ARM.Collect$$$$0000000A)
    _main_init                               0x080000c9   Thumb Code     0  entry9a.o(.ARM.Collect$$$$0000000B)
    __rt_final_cpp                           0x080000d1   Thumb Code     0  entry10a.o(.ARM.Collect$$$$0000000D)
    __rt_final_exit                          0x080000d1   Thumb Code     0  entry11a.o(.ARM.Collect$$$$0000000F)
    Reset_Handler                            0x080000d5   Thumb Code     8  startup_stm32l051xx_1.o(.text)
    NMI_Handler                              0x080000dd   Thumb Code     2  startup_stm32l051xx_1.o(.text)
    HardFault_Handler                        0x080000df   Thumb Code     2  startup_stm32l051xx_1.o(.text)
    SVC_Handler                              0x080000e1   Thumb Code     2  startup_stm32l051xx_1.o(.text)
    PendSV_Handler                           0x080000e3   Thumb Code     2  startup_stm32l051xx_1.o(.text)
    ADC1_COMP_IRQHandler                     0x080000e7   Thumb Code     0  startup_stm32l051xx_1.o(.text)
    DMA1_Channel4_5_6_7_IRQHandler           0x080000e7   Thumb Code     0  startup_stm32l051xx_1.o(.text)
    EXTI2_3_IRQHandler                       0x080000e7   Thumb Code     0  startup_stm32l051xx_1.o(.text)
    FLASH_IRQHandler                         0x080000e7   Thumb Code     0  startup_stm32l051xx_1.o(.text)
    I2C1_IRQHandler                          0x080000e7   Thumb Code     0  startup_stm32l051xx_1.o(.text)
    I2C2_IRQHandler                          0x080000e7   Thumb Code     0  startup_stm32l051xx_1.o(.text)
    LPTIM1_IRQHandler                        0x080000e7   Thumb Code     0  startup_stm32l051xx_1.o(.text)
    RCC_IRQHandler                           0x080000e7   Thumb Code     0  startup_stm32l051xx_1.o(.text)
    RTC_IRQHandler                           0x080000e7   Thumb Code     0  startup_stm32l051xx_1.o(.text)
    SPI1_IRQHandler                          0x080000e7   Thumb Code     0  startup_stm32l051xx_1.o(.text)
    SPI2_IRQHandler                          0x080000e7   Thumb Code     0  startup_stm32l051xx_1.o(.text)
    TIM21_IRQHandler                         0x080000e7   Thumb Code     0  startup_stm32l051xx_1.o(.text)
    TIM22_IRQHandler                         0x080000e7   Thumb Code     0  startup_stm32l051xx_1.o(.text)
    TIM2_IRQHandler                          0x080000e7   Thumb Code     0  startup_stm32l051xx_1.o(.text)
    TIM6_IRQHandler                          0x080000e7   Thumb Code     0  startup_stm32l051xx_1.o(.text)
    USART1_IRQHandler                        0x080000e7   Thumb Code     0  startup_stm32l051xx_1.o(.text)
    USART2_IRQHandler                        0x080000e7   Thumb Code     0  startup_stm32l051xx_1.o(.text)
    WWDG_IRQHandler                          0x080000e7   Thumb Code     0  startup_stm32l051xx_1.o(.text)
    __aeabi_uidiv                            0x080000f1   Thumb Code     0  uidiv.o(.text)
    __aeabi_uidivmod                         0x080000f1   Thumb Code    44  uidiv.o(.text)
    __aeabi_memcpy                           0x0800011d   Thumb Code    36  memcpya.o(.text)
    __aeabi_memcpy4                          0x0800011d   Thumb Code     0  memcpya.o(.text)
    __aeabi_memcpy8                          0x0800011d   Thumb Code     0  memcpya.o(.text)
    __aeabi_memset                           0x08000141   Thumb Code    14  memseta.o(.text)
    __aeabi_memset4                          0x08000141   Thumb Code     0  memseta.o(.text)
    __aeabi_memset8                          0x08000141   Thumb Code     0  memseta.o(.text)
    __aeabi_memclr                           0x0800014f   Thumb Code     4  memseta.o(.text)
    __aeabi_memclr4                          0x0800014f   Thumb Code     0  memseta.o(.text)
    __aeabi_memclr8                          0x0800014f   Thumb Code     0  memseta.o(.text)
    _memset$wrapper                          0x08000153   Thumb Code    18  memseta.o(.text)
    __aeabi_fmul                             0x08000165   Thumb Code   122  fmul.o(.text)
    __aeabi_fdiv                             0x080001df   Thumb Code   124  fdiv.o(.text)
    __ARM_scalbnf                            0x0800025b   Thumb Code    24  fscalb.o(.text)
    scalbnf                                  0x0800025b   Thumb Code     0  fscalb.o(.text)
    __aeabi_ddiv                             0x08000275   Thumb Code   234  ddiv.o(.text)
    __ARM_scalbn                             0x08000365   Thumb Code    44  dscalb.o(.text)
    scalbn                                   0x08000365   Thumb Code     0  dscalb.o(.text)
    __aeabi_ui2f                             0x08000391   Thumb Code    14  ffltui.o(.text)
    __aeabi_ui2d                             0x080003a1   Thumb Code    24  dfltui.o(.text)
    __aeabi_f2uiz                            0x080003bd   Thumb Code    40  ffixui.o(.text)
    __aeabi_d2uiz                            0x080003e5   Thumb Code    50  dfixui.o(.text)
    __aeabi_llsl                             0x08000421   Thumb Code    32  llshl.o(.text)
    _ll_shift_l                              0x08000421   Thumb Code     0  llshl.o(.text)
    __aeabi_llsr                             0x08000441   Thumb Code    34  llushr.o(.text)
    _ll_ushift_r                             0x08000441   Thumb Code     0  llushr.o(.text)
    __I$use$fp                               0x08000463   Thumb Code     0  iusefp.o(.text)
    _float_round                             0x08000463   Thumb Code    16  fepilogue.o(.text)
    _float_epilogue                          0x08000473   Thumb Code   114  fepilogue.o(.text)
    _double_round                            0x080004e5   Thumb Code    26  depilogue.o(.text)
    _double_epilogue                         0x080004ff   Thumb Code   164  depilogue.o(.text)
    __scatterload                            0x080005a5   Thumb Code    28  init.o(.text)
    __scatterload_rt2                        0x080005a5   Thumb Code     0  init.o(.text)
    Apc240ModeSet                            0x080007d5   Thumb Code    66  apc240.o(i.Apc240ModeSet)
    Apc240Send                               0x0800081d   Thumb Code    16  apc240.o(i.Apc240Send)
    Apc240SendComplete                       0x08000831   Thumb Code    18  apc240.o(i.Apc240SendComplete)
    Apc240SendWait                           0x08000849   Thumb Code    32  apc240.o(i.Apc240SendWait)
    Apc240SetFre                             0x08000869   Thumb Code   128  apc240.o(i.Apc240SetFre)
    ClearRcvBuff                             0x08000909   Thumb Code    18  rtu.o(i.ClearRcvBuff)
    DMA1_Channel1_IRQHandler                 0x08000925   Thumb Code    10  stm32l0xx_it.o(i.DMA1_Channel1_IRQHandler)
    DMA1_Channel2_3_IRQHandler               0x08000935   Thumb Code    10  stm32l0xx_it.o(i.DMA1_Channel2_3_IRQHandler)
    EXTI0_1_IRQHandler                       0x08000969   Thumb Code    20  stm32l0xx_it.o(i.EXTI0_1_IRQHandler)
    EXTI4_15_IRQHandler                      0x0800097d   Thumb Code    24  stm32l0xx_it.o(i.EXTI4_15_IRQHandler)
    FLASH_WaitForLastOperation               0x08000a0d   Thumb Code   128  stm32l0xx_hal_flash.o(i.FLASH_WaitForLastOperation)
    HAL_ADCEx_Calibration_Start              0x08000a91   Thumb Code   148  stm32l0xx_hal_adc_ex.o(i.HAL_ADCEx_Calibration_Start)
    HAL_ADCEx_EnableVREFINT                  0x08000b25   Thumb Code    50  stm32l0xx_hal_adc_ex.o(i.HAL_ADCEx_EnableVREFINT)
    HAL_ADC_ConfigChannel                    0x08000b5d   Thumb Code   146  stm32l0xx_hal_adc.o(i.HAL_ADC_ConfigChannel)
    HAL_ADC_ConvCpltCallback                 0x08000bf9   Thumb Code     2  stm32l0xx_hal_adc.o(i.HAL_ADC_ConvCpltCallback)
    HAL_ADC_ConvHalfCpltCallback             0x08000bfb   Thumb Code     2  stm32l0xx_hal_adc.o(i.HAL_ADC_ConvHalfCpltCallback)
    HAL_ADC_ErrorCallback                    0x08000bfd   Thumb Code     2  stm32l0xx_hal_adc.o(i.HAL_ADC_ErrorCallback)
    HAL_ADC_Init                             0x08000c01   Thumb Code   446  stm32l0xx_hal_adc.o(i.HAL_ADC_Init)
    HAL_ADC_MspInit                          0x08000dcd   Thumb Code    88  stm32l0xx_hal_msp.o(i.HAL_ADC_MspInit)
    HAL_ADC_Start_DMA                        0x08000e35   Thumb Code   150  stm32l0xx_hal_adc.o(i.HAL_ADC_Start_DMA)
    HAL_ADC_Stop_DMA                         0x08000edd   Thumb Code   122  stm32l0xx_hal_adc.o(i.HAL_ADC_Stop_DMA)
    HAL_DMA_Abort                            0x08000f57   Thumb Code    84  stm32l0xx_hal_dma.o(i.HAL_DMA_Abort)
    HAL_DMA_IRQHandler                       0x08000fad   Thumb Code   582  stm32l0xx_hal_dma.o(i.HAL_DMA_IRQHandler)
    HAL_DMA_Init                             0x08001211   Thumb Code   270  stm32l0xx_hal_dma.o(i.HAL_DMA_Init)
    HAL_DMA_Start_IT                         0x08001341   Thumb Code    80  stm32l0xx_hal_dma.o(i.HAL_DMA_Start_IT)
    HAL_Delay                                0x08001391   Thumb Code    22  stm32l0xx_hal.o(i.HAL_Delay)
    HAL_FLASHEx_DATAEEPROM_Lock              0x080013a9   Thumb Code    14  stm32l0xx_hal_flash_ex.o(i.HAL_FLASHEx_DATAEEPROM_Lock)
    HAL_FLASHEx_DATAEEPROM_Program           0x080013bd   Thumb Code    76  stm32l0xx_hal_flash_ex.o(i.HAL_FLASHEx_DATAEEPROM_Program)
    HAL_FLASHEx_DATAEEPROM_Unlock            0x08001411   Thumb Code    24  stm32l0xx_hal_flash_ex.o(i.HAL_FLASHEx_DATAEEPROM_Unlock)
    HAL_GPIO_EXTI_Callback                   0x08001435   Thumb Code   216  main.o(i.HAL_GPIO_EXTI_Callback)
    HAL_GPIO_EXTI_IRQHandler                 0x08001521   Thumb Code    18  stm32l0xx_hal_gpio.o(i.HAL_GPIO_EXTI_IRQHandler)
    HAL_GPIO_Init                            0x08001539   Thumb Code   320  stm32l0xx_hal_gpio.o(i.HAL_GPIO_Init)
    HAL_GPIO_ReadPin                         0x08001695   Thumb Code    14  stm32l0xx_hal_gpio.o(i.HAL_GPIO_ReadPin)
    HAL_GPIO_WritePin                        0x080016a3   Thumb Code    12  stm32l0xx_hal_gpio.o(i.HAL_GPIO_WritePin)
    HAL_GetTick                              0x080016b1   Thumb Code     6  stm32l0xx_hal.o(i.HAL_GetTick)
    HAL_IncTick                              0x080016bd   Thumb Code    10  stm32l0xx_hal.o(i.HAL_IncTick)
    HAL_Init                                 0x080016cd   Thumb Code    26  stm32l0xx_hal.o(i.HAL_Init)
    HAL_InitTick                             0x080016ed   Thumb Code    34  stm32l0xx_hal.o(i.HAL_InitTick)
    HAL_MspInit                              0x08001711   Thumb Code    40  stm32l0xx_hal_msp.o(i.HAL_MspInit)
    HAL_NVIC_EnableIRQ                       0x0800173d   Thumb Code    14  stm32l0xx_hal_cortex.o(i.HAL_NVIC_EnableIRQ)
    HAL_NVIC_SetPriority                     0x08001751   Thumb Code    60  stm32l0xx_hal_cortex.o(i.HAL_NVIC_SetPriority)
    HAL_NVIC_SystemReset                     0x08001795   Thumb Code    18  stm32l0xx_hal_cortex.o(i.HAL_NVIC_SystemReset)
    HAL_PWREx_EnableUltraLowPower            0x080017b1   Thumb Code    12  stm32l0xx_hal_pwr_ex.o(i.HAL_PWREx_EnableUltraLowPower)
    HAL_PWR_EnterSTOPMode                    0x080017c1   Thumb Code    44  stm32l0xx_hal_pwr.o(i.HAL_PWR_EnterSTOPMode)
    HAL_PWR_PVDCallback                      0x080017f5   Thumb Code     2  stm32l0xx_hal_pwr.o(i.HAL_PWR_PVDCallback)
    HAL_PWR_PVD_IRQHandler                   0x080017f9   Thumb Code    22  stm32l0xx_hal_pwr.o(i.HAL_PWR_PVD_IRQHandler)
    HAL_RCCEx_PeriphCLKConfig                0x08001815   Thumb Code   334  stm32l0xx_hal_rcc_ex.o(i.HAL_RCCEx_PeriphCLKConfig)
    HAL_RCC_ClockConfig                      0x08001975   Thumb Code   388  stm32l0xx_hal_rcc.o(i.HAL_RCC_ClockConfig)
    HAL_RCC_GetHCLKFreq                      0x08001b05   Thumb Code    26  stm32l0xx_hal_rcc.o(i.HAL_RCC_GetHCLKFreq)
    HAL_RCC_GetPCLK1Freq                     0x08001b2d   Thumb Code    22  stm32l0xx_hal_rcc.o(i.HAL_RCC_GetPCLK1Freq)
    HAL_RCC_GetPCLK2Freq                     0x08001b4d   Thumb Code    22  stm32l0xx_hal_rcc.o(i.HAL_RCC_GetPCLK2Freq)
    HAL_RCC_GetSysClockFreq                  0x08001b6d   Thumb Code   136  stm32l0xx_hal_rcc.o(i.HAL_RCC_GetSysClockFreq)
    HAL_RCC_OscConfig                        0x08001c0d   Thumb Code  1158  stm32l0xx_hal_rcc.o(i.HAL_RCC_OscConfig)
    HAL_ResumeTick                           0x08002095   Thumb Code    12  stm32l0xx_hal.o(i.HAL_ResumeTick)
    HAL_SYSTICK_CLKSourceConfig              0x080020a5   Thumb Code    24  stm32l0xx_hal_cortex.o(i.HAL_SYSTICK_CLKSourceConfig)
    HAL_SYSTICK_Callback                     0x080020c1   Thumb Code     2  stm32l0xx_hal_cortex.o(i.HAL_SYSTICK_Callback)
    HAL_SYSTICK_Config                       0x080020c5   Thumb Code    46  stm32l0xx_hal_cortex.o(i.HAL_SYSTICK_Config)
    HAL_SYSTICK_IRQHandler                   0x08002101   Thumb Code     8  stm32l0xx_hal_cortex.o(i.HAL_SYSTICK_IRQHandler)
    HAL_SuspendTick                          0x08002109   Thumb Code    12  stm32l0xx_hal.o(i.HAL_SuspendTick)
    HAL_UARTEx_WakeupCallback                0x08002119   Thumb Code     2  stm32l0xx_hal_uart_ex.o(i.HAL_UARTEx_WakeupCallback)
    HAL_UART_ErrorCallback                   0x0800211b   Thumb Code     2  stm32l0xx_hal_uart.o(i.HAL_UART_ErrorCallback)
    HAL_UART_IRQHandler                      0x0800211d   Thumb Code   218  stm32l0xx_hal_uart.o(i.HAL_UART_IRQHandler)
    HAL_UART_Init                            0x080021f7   Thumb Code   106  stm32l0xx_hal_uart.o(i.HAL_UART_Init)
    HAL_UART_MspInit                         0x08002261   Thumb Code   116  stm32l0xx_hal_msp.o(i.HAL_UART_MspInit)
    HAL_UART_Receive_DMA                     0x080022e9   Thumb Code   132  stm32l0xx_hal_uart.o(i.HAL_UART_Receive_DMA)
    HAL_UART_RxCpltCallback                  0x08002379   Thumb Code     2  stm32l0xx_hal_uart.o(i.HAL_UART_RxCpltCallback)
    HAL_UART_RxHalfCpltCallback              0x0800237b   Thumb Code     2  stm32l0xx_hal_uart.o(i.HAL_UART_RxHalfCpltCallback)
    HAL_UART_Transmit                        0x0800237d   Thumb Code   206  stm32l0xx_hal_uart.o(i.HAL_UART_Transmit)
    HAL_UART_TxCpltCallback                  0x0800244b   Thumb Code     2  stm32l0xx_hal_uart.o(i.HAL_UART_TxCpltCallback)
    InitHoldingReg                           0x0800244d   Thumb Code     2  main.o(i.InitHoldingReg)
    InitInputReg                             0x08002451   Thumb Code    26  main.o(i.InitInputReg)
    LPUART1_IRQHandler                       0x0800247d   Thumb Code    74  stm32l0xx_it.o(i.LPUART1_IRQHandler)
    LedOff                                   0x080024d5   Thumb Code    16  led.o(i.LedOff)
    LedOn                                    0x080024e5   Thumb Code    16  led.o(i.LedOn)
    OperateCoil                              0x0800276d   Thumb Code   580  rtu.o(i.OperateCoil)
    OperationHoldingReg                      0x080029c5   Thumb Code    48  main.o(i.OperationHoldingReg)
    OutputVoltage                            0x080029fd   Thumb Code   262  rtu.o(i.OutputVoltage)
    PVD_IRQHandler                           0x08002b0d   Thumb Code     8  stm32l0xx_it.o(i.PVD_IRQHandler)
    ReadDateEeprom                           0x08002b15   Thumb Code     4  rtu.o(i.ReadDateEeprom)
    RtuDateInit                              0x08002b19   Thumb Code   114  rtu.o(i.RtuDateInit)
    RtuSet                                   0x08002ba5   Thumb Code   142  rtu.o(i.RtuSet)
    SysTick_Handler                          0x08002c41   Thumb Code    12  stm32l0xx_it.o(i.SysTick_Handler)
    SystemClock_Config                       0x08002c4d   Thumb Code   124  main.o(i.SystemClock_Config)
    SystemInit                               0x08002cd1   Thumb Code    66  system_stm32l0xx.o(i.SystemInit)
    UART_AdvFeatureConfig                    0x08002d25   Thumb Code   204  stm32l0xx_hal_uart.o(i.UART_AdvFeatureConfig)
    UART_CheckIdleState                      0x08002df1   Thumb Code    84  stm32l0xx_hal_uart.o(i.UART_CheckIdleState)
    UART_SetConfig                           0x08002f6d   Thumb Code   650  stm32l0xx_hal_uart.o(i.UART_SetConfig)
    UART_WaitOnFlagUntilTimeout              0x0800329d   Thumb Code   220  stm32l0xx_hal_uart.o(i.UART_WaitOnFlagUntilTimeout)
    UartInit                                 0x08003379   Thumb Code    36  apc240.o(i.UartInit)
    UpdateHoldingReg                         0x080033a5   Thumb Code     2  main.o(i.UpdateHoldingReg)
    UpdateInput                              0x080033a9   Thumb Code    62  rtu.o(i.UpdateInput)
    UpdateInputReg                           0x080033ed   Thumb Code   570  main.o(i.UpdateInputReg)
    WriteDateEeprom                          0x0800365d   Thumb Code    26  rtu.o(i.WriteDateEeprom)
    __0snprintf$bare                         0x08003679   Thumb Code    28  printfb.o(i.__0snprintf$bare)
    __1snprintf$bare                         0x08003679   Thumb Code     0  printfb.o(i.__0snprintf$bare)
    __2snprintf                              0x08003679   Thumb Code     0  printfb.o(i.__0snprintf$bare)
    __ARM_clz                                0x08003699   Thumb Code    46  depilogue.o(i.__ARM_clz)
    __scatterload_copy                       0x080036c7   Thumb Code    14  handlers.o(i.__scatterload_copy)
    __scatterload_null                       0x080036d5   Thumb Code     2  handlers.o(i.__scatterload_null)
    __scatterload_zeroinit                   0x080036d7   Thumb Code    14  handlers.o(i.__scatterload_zeroinit)
    eMBPoll                                  0x08003719   Thumb Code   972  main.o(i.eMBPoll)
    eMBRegCoilsCB                            0x08003afd   Thumb Code   156  main.o(i.eMBRegCoilsCB)
    eMBRegDiscreteCB                         0x08003b9d   Thumb Code    92  main.o(i.eMBRegDiscreteCB)
    eMBRegHoldingCB                          0x08003bfd   Thumb Code   138  main.o(i.eMBRegHoldingCB)
    eMBRegInputCB                            0x08003c91   Thumb Code    70  main.o(i.eMBRegInputCB)
    main                                     0x08003ce1   Thumb Code   336  main.o(i.main)
    usMBCRC16                                0x08003e61   Thumb Code    42  mbcrc.o(i.usMBCRC16)
    xMBUtilGetBits                           0x08003e91   Thumb Code    28  main.o(i.xMBUtilGetBits)
    xMBUtilSetBits                           0x08003ead   Thumb Code    42  main.o(i.xMBUtilSetBits)
    AHBPrescTable                            0x08003ee6   Data          16  system_stm32l0xx.o(.constdata)
    PLLMulTable                              0x08003ef6   Data           9  system_stm32l0xx.o(.constdata)
    Region$$Table$$Base                      0x08004144   Number         0  anon$$obj.o(Region$$Table)
    Region$$Table$$Limit                     0x08004164   Number         0  anon$$obj.o(Region$$Table)
    coilFlag3                                0x20000000   Data           1  main.o(.data)
    coilFlag4                                0x20000001   Data           1  main.o(.data)
    apc240RecLen                             0x20000002   Data           1  main.o(.data)
    vdda                                     0x2000000c   Data           4  main.o(.data)
    set                                      0x20000010   Data           8  main.o(.data)
    SystemCoreClock                          0x2000001c   Data           4  system_stm32l0xx.o(.data)
    hadc                                     0x20000020   Data          96  main.o(.bss)
    hlpuart1                                 0x20000080   Data         112  main.o(.bss)
    hdma_lpuart1_rx                          0x200000f0   Data          60  main.o(.bss)
    apc240RevDate                            0x2000014c   Data         256  main.o(.bss)
    converValue                              0x2000024c   Data          24  main.o(.bss)
    backData                                 0x20000264   Data         128  main.o(.bss)
    sendData                                 0x200002e4   Data         128  main.o(.bss)
    tempData                                 0x20000364   Data         128  main.o(.bss)
    hdma_adc                                 0x200003e4   Data          60  main.o(.bss)
    ProcFlash                                0x20000420   Data          24  stm32l0xx_hal_flash.o(.bss)
    rtu                                      0x20000438   Data         132  apc240.o(.bss)
    __initial_sp                             0x200008c0   Data           0  startup_stm32l051xx_1.o(STACK)



==============================================================================

Memory Map of the image

  Image Entry point : 0x080000c1

  Load Region LR_IROM1 (Base: 0x08000000, Size: 0x00004184, Max: 0x00010000, ABSOLUTE)

    Execution Region ER_IROM1 (Base: 0x08000000, Size: 0x00004164, Max: 0x00010000, ABSOLUTE)

    Base Addr    Size         Type   Attr      Idx    E Section Name        Object

    0x08000000   0x000000c0   Data   RO            3    RESET               startup_stm32l051xx_1.o
    0x080000c0   0x00000000   Code   RO         2606  * .ARM.Collect$$$$00000000  mc_p.l(entry.o)
    0x080000c0   0x00000004   Code   RO         2905    .ARM.Collect$$$$00000001  mc_p.l(entry2.o)
    0x080000c4   0x00000004   Code   RO         2908    .ARM.Collect$$$$00000004  mc_p.l(entry5.o)
    0x080000c8   0x00000000   Code   RO         2910    .ARM.Collect$$$$00000008  mc_p.l(entry7b.o)
    0x080000c8   0x00000000   Code   RO         2912    .ARM.Collect$$$$0000000A  mc_p.l(entry8b.o)
    0x080000c8   0x00000008   Code   RO         2913    .ARM.Collect$$$$0000000B  mc_p.l(entry9a.o)
    0x080000d0   0x00000000   Code   RO         2915    .ARM.Collect$$$$0000000D  mc_p.l(entry10a.o)
    0x080000d0   0x00000000   Code   RO         2917    .ARM.Collect$$$$0000000F  mc_p.l(entry11a.o)
    0x080000d0   0x00000004   Code   RO         2906    .ARM.Collect$$$$00002712  mc_p.l(entry2.o)
    0x080000d4   0x0000001c   Code   RO            4    .text               startup_stm32l051xx_1.o
    0x080000f0   0x0000002c   Code   RO         2609    .text               mc_p.l(uidiv.o)
    0x0800011c   0x00000024   Code   RO         2611    .text               mc_p.l(memcpya.o)
    0x08000140   0x00000024   Code   RO         2613    .text               mc_p.l(memseta.o)
    0x08000164   0x0000007a   Code   RO         2879    .text               mf_p.l(fmul.o)
    0x080001de   0x0000007c   Code   RO         2881    .text               mf_p.l(fdiv.o)
    0x0800025a   0x00000018   Code   RO         2883    .text               mf_p.l(fscalb.o)
    0x08000272   0x00000002   PAD
    0x08000274   0x000000f0   Code   RO         2887    .text               mf_p.l(ddiv.o)
    0x08000364   0x0000002c   Code   RO         2889    .text               mf_p.l(dscalb.o)
    0x08000390   0x0000000e   Code   RO         2893    .text               mf_p.l(ffltui.o)
    0x0800039e   0x00000002   PAD
    0x080003a0   0x0000001c   Code   RO         2895    .text               mf_p.l(dfltui.o)
    0x080003bc   0x00000028   Code   RO         2897    .text               mf_p.l(ffixui.o)
    0x080003e4   0x0000003c   Code   RO         2899    .text               mf_p.l(dfixui.o)
    0x08000420   0x00000020   Code   RO         2924    .text               mc_p.l(llshl.o)
    0x08000440   0x00000022   Code   RO         2926    .text               mc_p.l(llushr.o)
    0x08000462   0x00000000   Code   RO         2930    .text               mc_p.l(iusefp.o)
    0x08000462   0x00000082   Code   RO         2931    .text               mf_p.l(fepilogue.o)
    0x080004e4   0x000000be   Code   RO         2933    .text               mf_p.l(depilogue.o)
    0x080005a2   0x00000002   PAD
    0x080005a4   0x00000024   Code   RO         2943    .text               mc_p.l(init.o)
    0x080005c8   0x00000058   Code   RO         1080    i.ADC_ConversionStop  stm32l0xx_hal_adc.o
    0x08000620   0x0000006c   Code   RO         1081    i.ADC_DMAConvCplt   stm32l0xx_hal_adc.o
    0x0800068c   0x0000001a   Code   RO         1082    i.ADC_DMAError      stm32l0xx_hal_adc.o
    0x080006a6   0x0000000a   Code   RO         1083    i.ADC_DMAHalfConvCplt  stm32l0xx_hal_adc.o
    0x080006b0   0x00000030   Code   RO         1084    i.ADC_DelayMicroSecond  stm32l0xx_hal_adc.o
    0x080006e0   0x00000076   Code   RO         1085    i.ADC_Disable       stm32l0xx_hal_adc.o
    0x08000756   0x00000002   PAD
    0x08000758   0x0000007c   Code   RO         1086    i.ADC_Enable        stm32l0xx_hal_adc.o
    0x080007d4   0x00000048   Code   RO         2456    i.Apc240ModeSet     apc240.o
    0x0800081c   0x00000014   Code   RO         2457    i.Apc240Send        apc240.o
    0x08000830   0x00000018   Code   RO         2458    i.Apc240SendComplete  apc240.o
    0x08000848   0x00000020   Code   RO         2459    i.Apc240SendWait    apc240.o
    0x08000868   0x000000a0   Code   RO         2460    i.Apc240SetFre      apc240.o
    0x08000908   0x0000001c   Code   RO         2542    i.ClearRcvBuff      rtu.o
    0x08000924   0x00000010   Code   RO          302    i.DMA1_Channel1_IRQHandler  stm32l0xx_it.o
    0x08000934   0x00000010   Code   RO          303    i.DMA1_Channel2_3_IRQHandler  stm32l0xx_it.o
    0x08000944   0x00000024   Code   RO          891    i.DMA_SetConfig     stm32l0xx_hal_dma.o
    0x08000968   0x00000014   Code   RO          304    i.EXTI0_1_IRQHandler  stm32l0xx_it.o
    0x0800097c   0x00000018   Code   RO          305    i.EXTI4_15_IRQHandler  stm32l0xx_it.o
    0x08000994   0x00000078   Code   RO         1500    i.FLASH_SetErrorCode  stm32l0xx_hal_flash.o
    0x08000a0c   0x00000084   Code   RO         1501    i.FLASH_WaitForLastOperation  stm32l0xx_hal_flash.o
    0x08000a90   0x00000094   Code   RO         1444    i.HAL_ADCEx_Calibration_Start  stm32l0xx_hal_adc_ex.o
    0x08000b24   0x00000038   Code   RO         1447    i.HAL_ADCEx_EnableVREFINT  stm32l0xx_hal_adc_ex.o
    0x08000b5c   0x0000009c   Code   RO         1088    i.HAL_ADC_ConfigChannel  stm32l0xx_hal_adc.o
    0x08000bf8   0x00000002   Code   RO         1089    i.HAL_ADC_ConvCpltCallback  stm32l0xx_hal_adc.o
    0x08000bfa   0x00000002   Code   RO         1090    i.HAL_ADC_ConvHalfCpltCallback  stm32l0xx_hal_adc.o
    0x08000bfc   0x00000002   Code   RO         1092    i.HAL_ADC_ErrorCallback  stm32l0xx_hal_adc.o
    0x08000bfe   0x00000002   PAD
    0x08000c00   0x000001cc   Code   RO         1097    i.HAL_ADC_Init      stm32l0xx_hal_adc.o
    0x08000dcc   0x00000068   Code   RO           13    i.HAL_ADC_MspInit   stm32l0xx_hal_msp.o
    0x08000e34   0x000000a8   Code   RO         1104    i.HAL_ADC_Start_DMA  stm32l0xx_hal_adc.o
    0x08000edc   0x0000007a   Code   RO         1107    i.HAL_ADC_Stop_DMA  stm32l0xx_hal_adc.o
    0x08000f56   0x00000054   Code   RO          892    i.HAL_DMA_Abort     stm32l0xx_hal_dma.o
    0x08000faa   0x00000002   PAD
    0x08000fac   0x00000264   Code   RO          896    i.HAL_DMA_IRQHandler  stm32l0xx_hal_dma.o
    0x08001210   0x00000130   Code   RO          897    i.HAL_DMA_Init      stm32l0xx_hal_dma.o
    0x08001340   0x00000050   Code   RO          900    i.HAL_DMA_Start_IT  stm32l0xx_hal_dma.o
    0x08001390   0x00000016   Code   RO         1807    i.HAL_Delay         stm32l0xx_hal.o
    0x080013a6   0x00000002   PAD
    0x080013a8   0x00000014   Code   RO         1291    i.HAL_FLASHEx_DATAEEPROM_Lock  stm32l0xx_hal_flash_ex.o
    0x080013bc   0x00000054   Code   RO         1292    i.HAL_FLASHEx_DATAEEPROM_Program  stm32l0xx_hal_flash_ex.o
    0x08001410   0x00000024   Code   RO         1293    i.HAL_FLASHEx_DATAEEPROM_Unlock  stm32l0xx_hal_flash_ex.o
    0x08001434   0x000000ec   Code   RO          154    i.HAL_GPIO_EXTI_Callback  main.o
    0x08001520   0x00000018   Code   RO         2291    i.HAL_GPIO_EXTI_IRQHandler  stm32l0xx_hal_gpio.o
    0x08001538   0x0000015c   Code   RO         2292    i.HAL_GPIO_Init     stm32l0xx_hal_gpio.o
    0x08001694   0x0000000e   Code   RO         2294    i.HAL_GPIO_ReadPin  stm32l0xx_hal_gpio.o
    0x080016a2   0x0000000c   Code   RO         2296    i.HAL_GPIO_WritePin  stm32l0xx_hal_gpio.o
    0x080016ae   0x00000002   PAD
    0x080016b0   0x0000000c   Code   RO         1811    i.HAL_GetTick       stm32l0xx_hal.o
    0x080016bc   0x00000010   Code   RO         1812    i.HAL_IncTick       stm32l0xx_hal.o
    0x080016cc   0x00000020   Code   RO         1813    i.HAL_Init          stm32l0xx_hal.o
    0x080016ec   0x00000022   Code   RO         1814    i.HAL_InitTick      stm32l0xx_hal.o
    0x0800170e   0x00000002   PAD
    0x08001710   0x0000002c   Code   RO           14    i.HAL_MspInit       stm32l0xx_hal_msp.o
    0x0800173c   0x00000014   Code   RO          732    i.HAL_NVIC_EnableIRQ  stm32l0xx_hal_cortex.o
    0x08001750   0x00000044   Code   RO          736    i.HAL_NVIC_SetPriority  stm32l0xx_hal_cortex.o
    0x08001794   0x0000001c   Code   RO          737    i.HAL_NVIC_SystemReset  stm32l0xx_hal_cortex.o
    0x080017b0   0x00000010   Code   RO         2356    i.HAL_PWREx_EnableUltraLowPower  stm32l0xx_hal_pwr_ex.o
    0x080017c0   0x00000034   Code   RO          978    i.HAL_PWR_EnterSTOPMode  stm32l0xx_hal_pwr.o
    0x080017f4   0x00000002   Code   RO          979    i.HAL_PWR_PVDCallback  stm32l0xx_hal_pwr.o
    0x080017f6   0x00000002   PAD
    0x080017f8   0x0000001c   Code   RO          980    i.HAL_PWR_PVD_IRQHandler  stm32l0xx_hal_pwr.o
    0x08001814   0x00000160   Code   RO          410    i.HAL_RCCEx_PeriphCLKConfig  stm32l0xx_hal_rcc_ex.o
    0x08001974   0x00000190   Code   RO         1655    i.HAL_RCC_ClockConfig  stm32l0xx_hal_rcc.o
    0x08001b04   0x00000028   Code   RO         1659    i.HAL_RCC_GetHCLKFreq  stm32l0xx_hal_rcc.o
    0x08001b2c   0x00000020   Code   RO         1661    i.HAL_RCC_GetPCLK1Freq  stm32l0xx_hal_rcc.o
    0x08001b4c   0x00000020   Code   RO         1662    i.HAL_RCC_GetPCLK2Freq  stm32l0xx_hal_rcc.o
    0x08001b6c   0x000000a0   Code   RO         1663    i.HAL_RCC_GetSysClockFreq  stm32l0xx_hal_rcc.o
    0x08001c0c   0x00000486   Code   RO         1666    i.HAL_RCC_OscConfig  stm32l0xx_hal_rcc.o
    0x08002092   0x00000002   PAD
    0x08002094   0x00000010   Code   RO         1817    i.HAL_ResumeTick    stm32l0xx_hal.o
    0x080020a4   0x0000001c   Code   RO          738    i.HAL_SYSTICK_CLKSourceConfig  stm32l0xx_hal_cortex.o
    0x080020c0   0x00000002   Code   RO          739    i.HAL_SYSTICK_Callback  stm32l0xx_hal_cortex.o
    0x080020c2   0x00000002   PAD
    0x080020c4   0x0000003c   Code   RO          740    i.HAL_SYSTICK_Config  stm32l0xx_hal_cortex.o
    0x08002100   0x00000008   Code   RO          741    i.HAL_SYSTICK_IRQHandler  stm32l0xx_hal_cortex.o
    0x08002108   0x00000010   Code   RO         1824    i.HAL_SuspendTick   stm32l0xx_hal.o
    0x08002118   0x00000002   Code   RO          831    i.HAL_UARTEx_WakeupCallback  stm32l0xx_hal_uart_ex.o
    0x0800211a   0x00000002   Code   RO          484    i.HAL_UART_ErrorCallback  stm32l0xx_hal_uart.o
    0x0800211c   0x000000da   Code   RO          487    i.HAL_UART_IRQHandler  stm32l0xx_hal_uart.o
    0x080021f6   0x0000006a   Code   RO          488    i.HAL_UART_Init     stm32l0xx_hal_uart.o
    0x08002260   0x00000088   Code   RO           16    i.HAL_UART_MspInit  stm32l0xx_hal_msp.o
    0x080022e8   0x00000090   Code   RO          492    i.HAL_UART_Receive_DMA  stm32l0xx_hal_uart.o
    0x08002378   0x00000002   Code   RO          494    i.HAL_UART_RxCpltCallback  stm32l0xx_hal_uart.o
    0x0800237a   0x00000002   Code   RO          495    i.HAL_UART_RxHalfCpltCallback  stm32l0xx_hal_uart.o
    0x0800237c   0x000000ce   Code   RO          496    i.HAL_UART_Transmit  stm32l0xx_hal_uart.o
    0x0800244a   0x00000002   Code   RO          499    i.HAL_UART_TxCpltCallback  stm32l0xx_hal_uart.o
    0x0800244c   0x00000002   Code   RO          155    i.InitHoldingReg    main.o
    0x0800244e   0x00000002   PAD
    0x08002450   0x0000002c   Code   RO          156    i.InitInputReg      main.o
    0x0800247c   0x00000058   Code   RO          306    i.LPUART1_IRQHandler  stm32l0xx_it.o
    0x080024d4   0x00000010   Code   RO         2510    i.LedOff            led.o
    0x080024e4   0x00000010   Code   RO         2511    i.LedOn             led.o
    0x080024f4   0x00000098   Code   RO          157    i.MX_ADC_Init       main.o
    0x0800258c   0x00000038   Code   RO          158    i.MX_DMA_Init       main.o
    0x080025c4   0x00000178   Code   RO          159    i.MX_GPIO_Init      main.o
    0x0800273c   0x00000030   Code   RO          160    i.MX_LPUART1_UART_Init  main.o
    0x0800276c   0x00000258   Code   RO         2544    i.OperateCoil       rtu.o
    0x080029c4   0x00000038   Code   RO          161    i.OperationHoldingReg  main.o
    0x080029fc   0x00000110   Code   RO         2545    i.OutputVoltage     rtu.o
    0x08002b0c   0x00000008   Code   RO          307    i.PVD_IRQHandler    stm32l0xx_it.o
    0x08002b14   0x00000004   Code   RO         2546    i.ReadDateEeprom    rtu.o
    0x08002b18   0x0000008c   Code   RO         2547    i.RtuDateInit       rtu.o
    0x08002ba4   0x0000009c   Code   RO         2548    i.RtuSet            rtu.o
    0x08002c40   0x0000000c   Code   RO          308    i.SysTick_Handler   stm32l0xx_it.o
    0x08002c4c   0x00000084   Code   RO          162    i.SystemClock_Config  main.o
    0x08002cd0   0x00000054   Code   RO         2402    i.SystemInit        system_stm32l0xx.o
    0x08002d24   0x000000cc   Code   RO          501    i.UART_AdvFeatureConfig  stm32l0xx_hal_uart.o
    0x08002df0   0x00000058   Code   RO          502    i.UART_CheckIdleState  stm32l0xx_hal_uart.o
    0x08002e48   0x00000022   Code   RO          503    i.UART_DMAError     stm32l0xx_hal_uart.o
    0x08002e6a   0x00000038   Code   RO          504    i.UART_DMAReceiveCplt  stm32l0xx_hal_uart.o
    0x08002ea2   0x0000000a   Code   RO          505    i.UART_DMARxHalfCplt  stm32l0xx_hal_uart.o
    0x08002eac   0x00000028   Code   RO          508    i.UART_EndTransmit_IT  stm32l0xx_hal_uart.o
    0x08002ed4   0x00000098   Code   RO          509    i.UART_Receive_IT   stm32l0xx_hal_uart.o
    0x08002f6c   0x000002c0   Code   RO          510    i.UART_SetConfig    stm32l0xx_hal_uart.o
    0x0800322c   0x00000070   Code   RO          511    i.UART_Transmit_IT  stm32l0xx_hal_uart.o
    0x0800329c   0x000000dc   Code   RO          512    i.UART_WaitOnFlagUntilTimeout  stm32l0xx_hal_uart.o
    0x08003378   0x0000002c   Code   RO         2461    i.UartInit          apc240.o
    0x080033a4   0x00000002   Code   RO          163    i.UpdateHoldingReg  main.o
    0x080033a6   0x00000002   PAD
    0x080033a8   0x00000044   Code   RO         2549    i.UpdateInput       rtu.o
    0x080033ec   0x00000270   Code   RO          164    i.UpdateInputReg    main.o
    0x0800365c   0x0000001a   Code   RO         2550    i.WriteDateEeprom   rtu.o
    0x08003676   0x00000002   PAD
    0x08003678   0x00000020   Code   RO         2619    i.__0snprintf$bare  mc_p.l(printfb.o)
    0x08003698   0x0000002e   Code   RO         2935    i.__ARM_clz         mf_p.l(depilogue.o)
    0x080036c6   0x0000000e   Code   RO         2949    i.__scatterload_copy  mc_p.l(handlers.o)
    0x080036d4   0x00000002   Code   RO         2950    i.__scatterload_null  mc_p.l(handlers.o)
    0x080036d6   0x0000000e   Code   RO         2951    i.__scatterload_zeroinit  mc_p.l(handlers.o)
    0x080036e4   0x0000001e   Code   RO         2625    i._printf_core      mc_p.l(printfb.o)
    0x08003702   0x00000016   Code   RO         2626    i._snputc           mc_p.l(printfb.o)
    0x08003718   0x000003e4   Code   RO          165    i.eMBPoll           main.o
    0x08003afc   0x000000a0   Code   RO          166    i.eMBRegCoilsCB     main.o
    0x08003b9c   0x00000060   Code   RO          167    i.eMBRegDiscreteCB  main.o
    0x08003bfc   0x00000094   Code   RO          168    i.eMBRegHoldingCB   main.o
    0x08003c90   0x00000050   Code   RO          169    i.eMBRegInputCB     main.o
    0x08003ce0   0x00000180   Code   RO          170    i.main              main.o
    0x08003e60   0x00000030   Code   RO         2434    i.usMBCRC16         mbcrc.o
    0x08003e90   0x0000001c   Code   RO          171    i.xMBUtilGetBits    main.o
    0x08003eac   0x0000002a   Code   RO          172    i.xMBUtilSetBits    main.o
    0x08003ed6   0x00000010   Data   RO         1667    .constdata          stm32l0xx_hal_rcc.o
    0x08003ee6   0x00000019   Data   RO         2403    .constdata          system_stm32l0xx.o
    0x08003eff   0x00000200   Data   RO         2435    .constdata          mbcrc.o
    0x080040ff   0x00000001   PAD
    0x08004100   0x00000042   Data   RO         2463    .constdata          apc240.o
    0x08004142   0x00000002   PAD
    0x08004144   0x00000020   Data   RO         2947    Region$$Table       anon$$obj.o


    Execution Region RW_IRAM1 (Base: 0x20000000, Size: 0x000008c0, Max: 0x00002000, ABSOLUTE)

    Base Addr    Size         Type   Attr      Idx    E Section Name        Object

    0x20000000   0x00000018   Data   RW          175    .data               main.o
    0x20000018   0x00000004   Data   RW         1825    .data               stm32l0xx_hal.o
    0x2000001c   0x00000004   Data   RW         2404    .data               system_stm32l0xx.o
    0x20000020   0x000003c4   Zero   RW          173    .bss                main.o
    0x200003e4   0x0000003c   Zero   RW          174    .bss                main.o
    0x20000420   0x00000018   Zero   RW         1513    .bss                stm32l0xx_hal_flash.o
    0x20000438   0x00000084   Zero   RW         2462    .bss                apc240.o
    0x200004bc   0x00000004   PAD
    0x200004c0   0x00000400   Zero   RW            1    STACK               startup_stm32l051xx_1.o


==============================================================================

Image component sizes


      Code (inc. data)   RO Data    RW Data    ZI Data      Debug   Object Name

       352         56         66          0        132       3502   apc240.o
        32          0          0          0          0        805   led.o
      3662        294          0         24       1024      18248   main.o
        48          6        512          0          0       1072   mbcrc.o
      1294         86          0          0          0       5269   rtu.o
        28          8        192          0       1024        616   startup_stm32l051xx_1.o
       148         26          0          4          0       4429   stm32l0xx_hal.o
      1434         56          0          0          0       9800   stm32l0xx_hal_adc.o
       204          6          0          0          0       1992   stm32l0xx_hal_adc_ex.o
       214         42          0          0          0      12510   stm32l0xx_hal_cortex.o
      1116         64          0          0          0       4623   stm32l0xx_hal_dma.o
       252         16          0          0         24       4157   stm32l0xx_hal_flash.o
       140         26          0          0          0       1991   stm32l0xx_hal_flash_ex.o
       398         34          0          0          0       3606   stm32l0xx_hal_gpio.o
       284         40          0          0          0     194838   stm32l0xx_hal_msp.o
        82         14          0          0          0       1651   stm32l0xx_hal_pwr.o
        16          4          0          0          0        508   stm32l0xx_hal_pwr_ex.o
      1822         92         16          0          0       7524   stm32l0xx_hal_rcc.o
       352         18          0          0          0       1468   stm32l0xx_hal_rcc_ex.o
      2302         90          0          0          0      13465   stm32l0xx_hal_uart.o
         2          0          0          0          0        928   stm32l0xx_hal_uart_ex.o
       184         26          0          0          0       3223   stm32l0xx_it.o
        84         18         25          4          0       1349   system_stm32l0xx.o

    ----------------------------------------------------------------------
     14474       1022        846         32       2208     297574   Object Totals
         0          0         32          0          0          0   (incl. Generated)
        24          0          3          0          4          0   (incl. Padding)

    ----------------------------------------------------------------------

      Code (inc. data)   RO Data    RW Data    ZI Data      Debug   Library Member Name

         0          0          0          0          0          0   entry.o
         0          0          0          0          0          0   entry10a.o
         0          0          0          0          0          0   entry11a.o
         8          4          0          0          0          0   entry2.o
         4          0          0          0          0          0   entry5.o
         0          0          0          0          0          0   entry7b.o
         0          0          0          0          0          0   entry8b.o
         8          4          0          0          0          0   entry9a.o
        30          0          0          0          0          0   handlers.o
        36          8          0          0          0         68   init.o
         0          0          0          0          0          0   iusefp.o
        32          0          0          0          0         68   llshl.o
        34          0          0          0          0         68   llushr.o
        36          0          0          0          0         60   memcpya.o
        36          0          0          0          0        100   memseta.o
        84          4          0          0          0        204   printfb.o
        44          0          0          0          0         72   uidiv.o
       240          6          0          0          0         84   ddiv.o
       236          0          0          0          0        216   depilogue.o
        60         10          0          0          0         68   dfixui.o
        28          4          0          0          0         68   dfltui.o
        44          0          0          0          0         72   dscalb.o
       124          0          0          0          0         72   fdiv.o
       130          0          0          0          0        144   fepilogue.o
        40          0          0          0          0         60   ffixui.o
        14          0          0          0          0         68   ffltui.o
       122          0          0          0          0         72   fmul.o
        24          0          0          0          0         60   fscalb.o

    ----------------------------------------------------------------------
      1420         40          0          0          0       1624   Library Totals
         6          0          0          0          0          0   (incl. Padding)

    ----------------------------------------------------------------------

      Code (inc. data)   RO Data    RW Data    ZI Data      Debug   Library Name

       352         20          0          0          0        640   mc_p.l
      1062         20          0          0          0        984   mf_p.l

    ----------------------------------------------------------------------
      1420         40          0          0          0       1624   Library Totals

    ----------------------------------------------------------------------

==============================================================================


      Code (inc. data)   RO Data    RW Data    ZI Data      Debug   

     15894       1062        846         32       2208     293410   Grand Totals
     15894       1062        846         32       2208     293410   ELF Image Totals
     15894       1062        846         32          0          0   ROM Totals

==============================================================================

    Total RO  Size (Code + RO Data)                16740 (  16.35kB)
    Total RW  Size (RW Data + ZI Data)              2240 (   2.19kB)
    Total ROM Size (Code + RO Data + RW Data)      16772 (  16.38kB)

==============================================================================

